<html>
<body>
<pre>
<h1>礦ision Build Log</h1>
<h2>Project:</h2>
E:\毕业设计\硬件模块学习(新方案)\GITHUB\The-new-Plan-of--graduation-project\SMBUS\user\systick.uvproj
Project File Date:  03/12/2015

<h2>Output:</h2>
Build target 'Target 1'
assembling startup_stm32f0xx.s...
compiling system_stm32f0xx.c...
compiling stm32f0xx_it.c...
compiling main.c...
compiling systick.c...
compiling adc.c...
compiling timer.c...
compiling usart.c...
compiling stm32f0xx_gpio.c...
compiling stm32f0xx_rcc.c...
compiling stm32f0xx_adc.c...
compiling stm32f0xx_exti.c...
compiling stm32f0xx_i2c.c...
compiling stm32f0xx_misc.c...
compiling stm32f0xx_rtc.c...
compiling stm32f0xx_syscfg.c...
compiling stm32f0xx_tim.c...
compiling stm32f0xx_usart.c...
linking...
Program Size: Code=9484 RO-data=224 RW-data=52 ZI-data=1124  
".\systick.axf" - 0 Errors, 0 Warning(s).
compiling mlx90614.c...
..\drive\mlx90614.h(14): error:  #5: cannot open source input file "stm32f10x_lib.h": No such file or directory
"..\drive\mlx90614.c" - 1 Errors, 0 Warning(s).
compiling mlx90614.c...
..\drive\mlx90614.h(14): error:  #5: cannot open source input file "stm32f00x_lib.h": No such file or directory
"..\drive\mlx90614.c" - 1 Errors, 0 Warning(s).
compiling mlx90614.c...
..\drive\mlx90614.h(14): error:  #5: cannot open source input file "stm32f0x_lib.h": No such file or directory
"..\drive\mlx90614.c" - 1 Errors, 0 Warning(s).
compiling mlx90614.c...
..\drive\mlx90614.h(23): error:  #92: identifier-list parameters may only be used in a function definition
..\drive\mlx90614.h(24): error:  #20: identifier "u8" is undefined
..\drive\mlx90614.h(24): error:  #92: identifier-list parameters may only be used in a function definition
..\drive\mlx90614.h(25): error:  #20: identifier "u8" is undefined
..\drive\mlx90614.h(26): error:  #20: identifier "u8" is undefined
..\drive\mlx90614.h(26): error:  #92: identifier-list parameters may only be used in a function definition
..\drive\mlx90614.h(27): error:  #92: identifier-list parameters may only be used in a function definition
..\drive\mlx90614.h(29): error:  #20: identifier "u16" is undefined
..\drive\mlx90614.h(29): error:  #100: duplicate parameter name
..\drive\mlx90614.h(29): error:  #92: identifier-list parameters may only be used in a function definition
..\drive\mlx90614.h(30): error:  #20: identifier "u8" is undefined
..\drive\mlx90614.h(30): error:  #20: identifier "u8" is undefined
..\drive\mlx90614.c(11): error:  #5: cannot open source input file "lcd12832.h": No such file or directory
"..\drive\mlx90614.c" - 13 Errors, 0 Warning(s).
Build target 'Target 1'
compiling mlx90614.c...
..\drive\mlx90614.c(11): error:  #5: cannot open source input file "lcd12832.h": No such file or directory
".\systick.axf" - 1 Errors, 0 Warning(s).
Target not created
compiling mlx90614.c...
..\drive\mlx90614.c(11): error:  #5: cannot open source input file "lcd12832.h": No such file or directory
"..\drive\mlx90614.c" - 1 Errors, 0 Warning(s).
compiling mlx90614.c...
..\drive\mlx90614.c(85): error:  #20: identifier "u8" is undefined
..\drive\mlx90614.c(85): error:  #20: identifier "u8" is undefined
..\drive\mlx90614.c(87): error:  #20: identifier "u8" is undefined
..\drive\mlx90614.c(88): error:  #20: identifier "u8" is undefined
..\drive\mlx90614.c(89): error:  #20: identifier "u8" is undefined
..\drive\mlx90614.c(116): error:  #20: identifier "u8" is undefined
..\drive\mlx90614.c(142): error:  #20: identifier "u8" is undefined
..\drive\mlx90614.c(144): error:  #20: identifier "u8" is undefined
..\drive\mlx90614.c(171): error:  #20: identifier "u8" is undefined
..\drive\mlx90614.c(171): error:  #20: identifier "u8" is undefined
..\drive\mlx90614.c(173): error:  #20: identifier "u8" is undefined
..\drive\mlx90614.c(174): error:  #20: identifier "u8" is undefined
..\drive\mlx90614.c(200): error:  #20: identifier "u16" is undefined
..\drive\mlx90614.c(202): error:  #20: identifier "u16" is undefined
..\drive\mlx90614.c(221): error:  #20: identifier "RCC_APB2Periph_GPIOB" is undefined
..\drive\mlx90614.c(225): error:  #20: identifier "GPIO_Mode_Out_OD" is undefined
..\drive\mlx90614.c(240): error:  #20: identifier "u16" is undefined
..\drive\mlx90614.c(240): error:  #20: identifier "u8" is undefined
..\drive\mlx90614.c(240): error:  #20: identifier "u8" is undefined
..\drive\mlx90614.c(242): error:  #20: identifier "u16" is undefined
..\drive\mlx90614.c(243): error:  #20: identifier "u8" is undefined
..\drive\mlx90614.c(244): error:  #20: identifier "u8" is undefined
..\drive\mlx90614.c(245): error:  #20: identifier "u8" is undefined
..\drive\mlx90614.c(246): error:  #20: identifier "u8" is undefined
..\drive\mlx90614.c(247): error:  #20: identifier "u8" is undefined
..\drive\mlx90614.c(248): error:  #20: identifier "u8" is undefined
..\drive\mlx90614.c(305): error:  #20: identifier "u8" is undefined
..\drive\mlx90614.c(305): error:  #20: identifier "u8" is undefined
..\drive\mlx90614.c(307): error:  #20: identifier "u8" is undefined
..\drive\mlx90614.c(308): error:  #20: identifier "u8" is undefined
"..\drive\mlx90614.c" - 30 Errors, 0 Warning(s).
compiling mlx90614.c...
..\drive\mlx90614.c(221): error:  #20: identifier "RCC_APB2Periph_GPIOB" is undefined
..\drive\mlx90614.c(225): error:  #20: identifier "GPIO_Mode_Out_OD" is undefined
"..\drive\mlx90614.c" - 2 Errors, 0 Warning(s).
