<html>
<body>
<pre>
<h1>礦ision Build Log</h1>
<h2>Project:</h2>
E:\毕业设计\硬件模块学习(新方案)\GITHUB\The-new-Plan-of--graduation-project\Systick\user\systick.uvproj
Project File Date:  03/08/2015

<h2>Output:</h2>
Build target 'Target 1'
linking...
.\systick.axf: Error: L6218E: Undefined symbol ADC_Configuration (referred from main.o).
.\systick.axf: Error: L6218E: Undefined symbol TIMER_Config (referred from main.o).
.\systick.axf: Error: L6218E: Undefined symbol USART_Configuration (referred from main.o).
".\systick.axf" - 3 Errors, 0 Warning(s).
Target not created
Build target 'Target 1'
compiling adc.c...
compiling timer.c...
compiling usart.c...
compiling stm32f0xx_adc.c...
compiling stm32f0xx_exti.c...
compiling stm32f0xx_i2c.c...
compiling stm32f0xx_misc.c...
compiling stm32f0xx_rtc.c...
compiling stm32f0xx_syscfg.c...
compiling stm32f0xx_tim.c...
compiling stm32f0xx_usart.c...
linking...
.\systick.axf: Error: L6915E: Library reports error: __use_no_semihosting was requested, but _sys_exit was referenced
".\systick.axf" - 1 Errors, 0 Warning(s).
Target not created
Build target 'Target 1'
assembling startup_stm32f0xx.s...
compiling system_stm32f0xx.c...
compiling stm32f0xx_it.c...
compiling main.c...
compiling led.c...
compiling systick.c...
compiling adc.c...
compiling timer.c...
compiling usart.c...
compiling stm32f0xx_gpio.c...
compiling stm32f0xx_rcc.c...
compiling stm32f0xx_adc.c...
compiling stm32f0xx_exti.c...
compiling stm32f0xx_i2c.c...
compiling stm32f0xx_misc.c...
compiling stm32f0xx_rtc.c...
compiling stm32f0xx_syscfg.c...
compiling stm32f0xx_tim.c...
compiling stm32f0xx_usart.c...
linking...
Program Size: Code=9380 RO-data=224 RW-data=48 ZI-data=1024  
".\systick.axf" - 0 Errors, 0 Warning(s).
Build target 'Target 1'
linking...
Program Size: Code=9380 RO-data=224 RW-data=48 ZI-data=1024  
".\systick.axf" - 0 Errors, 0 Warning(s).
