ARM Linker, 5.03 [Build 76] [MDK-ARM Standard]

==============================================================================

Section Cross References

    startup_stm32f0xx.o(RESET) refers to startup_stm32f0xx.o(STACK) for __initial_sp
    startup_stm32f0xx.o(RESET) refers to startup_stm32f0xx.o(.text) for Reset_Handler
    startup_stm32f0xx.o(RESET) refers to stm32f0xx_it.o(.text) for NMI_Handler
    startup_stm32f0xx.o(RESET) refers to timer.o(.text) for TIM3_IRQHandler
    startup_stm32f0xx.o(RESET) refers to usart.o(.text) for USART1_IRQHandler
    startup_stm32f0xx.o(.text) refers to system_stm32f0xx.o(.text) for SystemInit
    startup_stm32f0xx.o(.text) refers to entry.o(.ARM.Collect$$$$00000000) for __main
    system_stm32f0xx.o(.text) refers to uidiv.o(.text) for __aeabi_uidivmod
    system_stm32f0xx.o(.text) refers to system_stm32f0xx.o(.data) for SystemCoreClock
    stm32f0xx_it.o(.text) refers to systick.o(.text) for TimingDelay_Decrement
    main.o(.text) refers to system_stm32f0xx.o(.text) for SystemInit
    main.o(.text) refers to systick.o(.text) for Systick_Init
    main.o(.text) refers to usart.o(.text) for USART_Configuration
    main.o(.text) refers to mlx90614.o(.text) for SMBus_Init
    main.o(.text) refers to printfa.o(i.__0printf) for __2printf
    main.o(.text) refers to f2d.o(.text) for __aeabi_f2d
    main.o(.text) refers to main.o(.data) for SM_Temp
    systick.o(.text) refers to uidiv.o(.text) for __aeabi_uidivmod
    systick.o(.text) refers to systick.o(.data) for TimingDelay
    systick.o(.text) refers to system_stm32f0xx.o(.data) for SystemCoreClock
    adc.o(.text) refers to stm32f0xx_rcc.o(.text) for RCC_APB2PeriphClockCmd
    adc.o(.text) refers to stm32f0xx_gpio.o(.text) for GPIO_Init
    adc.o(.text) refers to stm32f0xx_adc.o(.text) for ADC_DeInit
    timer.o(.text) refers to stm32f0xx_rcc.o(.text) for RCC_APB1PeriphClockCmd
    timer.o(.text) refers to stm32f0xx_tim.o(.text) for TIM_TimeBaseInit
    timer.o(.text) refers to stm32f0xx_misc.o(.text) for NVIC_Init
    timer.o(.text) refers to stm32f0xx_adc.o(.text) for ADC_StartOfConversion
    timer.o(.text) refers to printfa.o(i.__0printf) for __2printf
    timer.o(.text) refers to timer.o(.data) for Value_temp
    timer.o(.text) refers to timer.o(.bss) for ADC_Test
    usart.o(.text) refers to stm32f0xx_usart.o(.text) for USART_GetFlagStatus
    usart.o(.text) refers to stm32f0xx_rcc.o(.text) for RCC_AHBPeriphClockCmd
    usart.o(.text) refers to stm32f0xx_gpio.o(.text) for GPIO_PinAFConfig
    usart.o(.text) refers to stm32f0xx_misc.o(.text) for NVIC_Init
    mlx90614.o(.text) refers to stm32f0xx_rcc.o(.text) for RCC_APB1PeriphClockCmd
    mlx90614.o(.text) refers to stm32f0xx_gpio.o(.text) for GPIO_Init
    mlx90614.o(.text) refers to dfltui.o(.text) for __aeabi_ui2d
    mlx90614.o(.text) refers to dmul.o(.text) for __aeabi_dmul
    mlx90614.o(.text) refers to dadd.o(.text) for __aeabi_dsub
    mlx90614.o(.text) refers to d2f.o(.text) for __aeabi_d2f
    stm32f0xx_gpio.o(.text) refers to stm32f0xx_rcc.o(.text) for RCC_AHBPeriphResetCmd
    stm32f0xx_rcc.o(.text) refers to uidiv.o(.text) for __aeabi_uidivmod
    stm32f0xx_rcc.o(.text) refers to stm32f0xx_rcc.o(.data) for APBAHBPrescTable
    stm32f0xx_adc.o(.text) refers to stm32f0xx_rcc.o(.text) for RCC_APB2PeriphResetCmd
    stm32f0xx_i2c.o(.text) refers to stm32f0xx_rcc.o(.text) for RCC_APB1PeriphResetCmd
    stm32f0xx_tim.o(.text) refers to stm32f0xx_rcc.o(.text) for RCC_APB2PeriphResetCmd
    stm32f0xx_usart.o(.text) refers to stm32f0xx_rcc.o(.text) for RCC_APB2PeriphResetCmd
    stm32f0xx_usart.o(.text) refers to uidiv.o(.text) for __aeabi_uidivmod
    entry.o(.ARM.Collect$$$$00000000) refers (Special) to entry10a.o(.ARM.Collect$$$$0000000D) for __rt_final_cpp
    entry.o(.ARM.Collect$$$$00000000) refers (Special) to entry11a.o(.ARM.Collect$$$$0000000F) for __rt_final_exit
    entry.o(.ARM.Collect$$$$00000000) refers (Special) to entry7b.o(.ARM.Collect$$$$00000008) for _main_clock
    entry.o(.ARM.Collect$$$$00000000) refers (Special) to entry8b.o(.ARM.Collect$$$$0000000A) for _main_cpp_init
    entry.o(.ARM.Collect$$$$00000000) refers (Special) to entry9a.o(.ARM.Collect$$$$0000000B) for _main_init
    entry.o(.ARM.Collect$$$$00000000) refers (Special) to entry5.o(.ARM.Collect$$$$00000004) for _main_scatterload
    entry.o(.ARM.Collect$$$$00000000) refers (Special) to entry2.o(.ARM.Collect$$$$00000001) for _main_stk
    printfb.o(i.__0fprintf$bare) refers to printfb.o(i._printf_core) for _printf_core
    printfb.o(i.__0fprintf$bare) refers to usart.o(.text) for fputc
    printfb.o(i.__0printf$bare) refers to printfb.o(i._printf_core) for _printf_core
    printfb.o(i.__0printf$bare) refers to usart.o(.text) for fputc
    printfb.o(i.__0printf$bare) refers to usart.o(.data) for __stdout
    printfb.o(i.__0snprintf$bare) refers to printfb.o(i._printf_core) for _printf_core
    printfb.o(i.__0snprintf$bare) refers to printfb.o(i._snputc) for _snputc
    printfb.o(i.__0sprintf$bare) refers to printfb.o(i._printf_core) for _printf_core
    printfb.o(i.__0sprintf$bare) refers to printfb.o(i._sputc) for _sputc
    printfb.o(i.__0vfprintf$bare) refers to printfb.o(i._printf_core) for _printf_core
    printfb.o(i.__0vfprintf$bare) refers to usart.o(.text) for fputc
    printfb.o(i.__0vprintf$bare) refers to printfb.o(i._printf_core) for _printf_core
    printfb.o(i.__0vprintf$bare) refers to usart.o(.text) for fputc
    printfb.o(i.__0vprintf$bare) refers to usart.o(.data) for __stdout
    printfb.o(i.__0vsnprintf$bare) refers to printfb.o(i._printf_core) for _printf_core
    printfb.o(i.__0vsnprintf$bare) refers to printfb.o(i._snputc) for _snputc
    printfb.o(i.__0vsprintf$bare) refers to printfb.o(i._printf_core) for _printf_core
    printfb.o(i.__0vsprintf$bare) refers to printfb.o(i._sputc) for _sputc
    printf0.o(i.__0fprintf$0) refers to printf0.o(i._printf_core) for _printf_core
    printf0.o(i.__0fprintf$0) refers to usart.o(.text) for fputc
    printf0.o(i.__0printf$0) refers to printf0.o(i._printf_core) for _printf_core
    printf0.o(i.__0printf$0) refers to usart.o(.text) for fputc
    printf0.o(i.__0printf$0) refers to usart.o(.data) for __stdout
    printf0.o(i.__0snprintf$0) refers to printf0.o(i._printf_core) for _printf_core
    printf0.o(i.__0snprintf$0) refers to printf0.o(i._snputc) for _snputc
    printf0.o(i.__0sprintf$0) refers to printf0.o(i._printf_core) for _printf_core
    printf0.o(i.__0sprintf$0) refers to printf0.o(i._sputc) for _sputc
    printf0.o(i.__0vfprintf$0) refers to printf0.o(i._printf_core) for _printf_core
    printf0.o(i.__0vfprintf$0) refers to usart.o(.text) for fputc
    printf0.o(i.__0vprintf$0) refers to printf0.o(i._printf_core) for _printf_core
    printf0.o(i.__0vprintf$0) refers to usart.o(.text) for fputc
    printf0.o(i.__0vprintf$0) refers to usart.o(.data) for __stdout
    printf0.o(i.__0vsnprintf$0) refers to printf0.o(i._printf_core) for _printf_core
    printf0.o(i.__0vsnprintf$0) refers to printf0.o(i._snputc) for _snputc
    printf0.o(i.__0vsprintf$0) refers to printf0.o(i._printf_core) for _printf_core
    printf0.o(i.__0vsprintf$0) refers to printf0.o(i._sputc) for _sputc
    printf1.o(i.__0fprintf$1) refers to printf1.o(i._printf_core) for _printf_core
    printf1.o(i.__0fprintf$1) refers to usart.o(.text) for fputc
    printf1.o(i.__0printf$1) refers to printf1.o(i._printf_core) for _printf_core
    printf1.o(i.__0printf$1) refers to usart.o(.text) for fputc
    printf1.o(i.__0printf$1) refers to usart.o(.data) for __stdout
    printf1.o(i.__0snprintf$1) refers to printf1.o(i._printf_core) for _printf_core
    printf1.o(i.__0snprintf$1) refers to printf1.o(i._snputc) for _snputc
    printf1.o(i.__0sprintf$1) refers to printf1.o(i._printf_core) for _printf_core
    printf1.o(i.__0sprintf$1) refers to printf1.o(i._sputc) for _sputc
    printf1.o(i.__0vfprintf$1) refers to printf1.o(i._printf_core) for _printf_core
    printf1.o(i.__0vfprintf$1) refers to usart.o(.text) for fputc
    printf1.o(i.__0vprintf$1) refers to printf1.o(i._printf_core) for _printf_core
    printf1.o(i.__0vprintf$1) refers to usart.o(.text) for fputc
    printf1.o(i.__0vprintf$1) refers to usart.o(.data) for __stdout
    printf1.o(i.__0vsnprintf$1) refers to printf1.o(i._printf_core) for _printf_core
    printf1.o(i.__0vsnprintf$1) refers to printf1.o(i._snputc) for _snputc
    printf1.o(i.__0vsprintf$1) refers to printf1.o(i._printf_core) for _printf_core
    printf1.o(i.__0vsprintf$1) refers to printf1.o(i._sputc) for _sputc
    printf1.o(i._printf_core) refers to uidiv.o(.text) for __aeabi_uidivmod
    printf2.o(i.__0fprintf$2) refers to printf2.o(i._printf_core) for _printf_core
    printf2.o(i.__0fprintf$2) refers to usart.o(.text) for fputc
    printf2.o(i.__0printf$2) refers to printf2.o(i._printf_core) for _printf_core
    printf2.o(i.__0printf$2) refers to usart.o(.text) for fputc
    printf2.o(i.__0printf$2) refers to usart.o(.data) for __stdout
    printf2.o(i.__0snprintf$2) refers to printf2.o(i._printf_core) for _printf_core
    printf2.o(i.__0snprintf$2) refers to printf2.o(i._snputc) for _snputc
    printf2.o(i.__0sprintf$2) refers to printf2.o(i._printf_core) for _printf_core
    printf2.o(i.__0sprintf$2) refers to printf2.o(i._sputc) for _sputc
    printf2.o(i.__0vfprintf$2) refers to printf2.o(i._printf_core) for _printf_core
    printf2.o(i.__0vfprintf$2) refers to usart.o(.text) for fputc
    printf2.o(i.__0vprintf$2) refers to printf2.o(i._printf_core) for _printf_core
    printf2.o(i.__0vprintf$2) refers to usart.o(.text) for fputc
    printf2.o(i.__0vprintf$2) refers to usart.o(.data) for __stdout
    printf2.o(i.__0vsnprintf$2) refers to printf2.o(i._printf_core) for _printf_core
    printf2.o(i.__0vsnprintf$2) refers to printf2.o(i._snputc) for _snputc
    printf2.o(i.__0vsprintf$2) refers to printf2.o(i._printf_core) for _printf_core
    printf2.o(i.__0vsprintf$2) refers to printf2.o(i._sputc) for _sputc
    printf3.o(i.__0fprintf$3) refers to printf3.o(i._printf_core) for _printf_core
    printf3.o(i.__0fprintf$3) refers to usart.o(.text) for fputc
    printf3.o(i.__0printf$3) refers to printf3.o(i._printf_core) for _printf_core
    printf3.o(i.__0printf$3) refers to usart.o(.text) for fputc
    printf3.o(i.__0printf$3) refers to usart.o(.data) for __stdout
    printf3.o(i.__0snprintf$3) refers to printf3.o(i._printf_core) for _printf_core
    printf3.o(i.__0snprintf$3) refers to printf3.o(i._snputc) for _snputc
    printf3.o(i.__0sprintf$3) refers to printf3.o(i._printf_core) for _printf_core
    printf3.o(i.__0sprintf$3) refers to printf3.o(i._sputc) for _sputc
    printf3.o(i.__0vfprintf$3) refers to printf3.o(i._printf_core) for _printf_core
    printf3.o(i.__0vfprintf$3) refers to usart.o(.text) for fputc
    printf3.o(i.__0vprintf$3) refers to printf3.o(i._printf_core) for _printf_core
    printf3.o(i.__0vprintf$3) refers to usart.o(.text) for fputc
    printf3.o(i.__0vprintf$3) refers to usart.o(.data) for __stdout
    printf3.o(i.__0vsnprintf$3) refers to printf3.o(i._printf_core) for _printf_core
    printf3.o(i.__0vsnprintf$3) refers to printf3.o(i._snputc) for _snputc
    printf3.o(i.__0vsprintf$3) refers to printf3.o(i._printf_core) for _printf_core
    printf3.o(i.__0vsprintf$3) refers to printf3.o(i._sputc) for _sputc
    printf3.o(i._printf_core) refers to uidiv.o(.text) for __aeabi_uidivmod
    printf4.o(i.__0fprintf$4) refers to printf4.o(i._printf_core) for _printf_core
    printf4.o(i.__0fprintf$4) refers to usart.o(.text) for fputc
    printf4.o(i.__0printf$4) refers to printf4.o(i._printf_core) for _printf_core
    printf4.o(i.__0printf$4) refers to usart.o(.text) for fputc
    printf4.o(i.__0printf$4) refers to usart.o(.data) for __stdout
    printf4.o(i.__0snprintf$4) refers to printf4.o(i._printf_core) for _printf_core
    printf4.o(i.__0snprintf$4) refers to printf4.o(i._snputc) for _snputc
    printf4.o(i.__0sprintf$4) refers to printf4.o(i._printf_core) for _printf_core
    printf4.o(i.__0sprintf$4) refers to printf4.o(i._sputc) for _sputc
    printf4.o(i.__0vfprintf$4) refers to printf4.o(i._printf_core) for _printf_core
    printf4.o(i.__0vfprintf$4) refers to usart.o(.text) for fputc
    printf4.o(i.__0vprintf$4) refers to printf4.o(i._printf_core) for _printf_core
    printf4.o(i.__0vprintf$4) refers to usart.o(.text) for fputc
    printf4.o(i.__0vprintf$4) refers to usart.o(.data) for __stdout
    printf4.o(i.__0vsnprintf$4) refers to printf4.o(i._printf_core) for _printf_core
    printf4.o(i.__0vsnprintf$4) refers to printf4.o(i._snputc) for _snputc
    printf4.o(i.__0vsprintf$4) refers to printf4.o(i._printf_core) for _printf_core
    printf4.o(i.__0vsprintf$4) refers to printf4.o(i._sputc) for _sputc
    printf4.o(i._printf_core) refers to uldiv.o(.text) for __aeabi_uldivmod
    printf5.o(i.__0fprintf$5) refers to printf5.o(i._printf_core) for _printf_core
    printf5.o(i.__0fprintf$5) refers to usart.o(.text) for fputc
    printf5.o(i.__0printf$5) refers to printf5.o(i._printf_core) for _printf_core
    printf5.o(i.__0printf$5) refers to usart.o(.text) for fputc
    printf5.o(i.__0printf$5) refers to usart.o(.data) for __stdout
    printf5.o(i.__0snprintf$5) refers to printf5.o(i._printf_core) for _printf_core
    printf5.o(i.__0snprintf$5) refers to printf5.o(i._snputc) for _snputc
    printf5.o(i.__0sprintf$5) refers to printf5.o(i._printf_core) for _printf_core
    printf5.o(i.__0sprintf$5) refers to printf5.o(i._sputc) for _sputc
    printf5.o(i.__0vfprintf$5) refers to printf5.o(i._printf_core) for _printf_core
    printf5.o(i.__0vfprintf$5) refers to usart.o(.text) for fputc
    printf5.o(i.__0vprintf$5) refers to printf5.o(i._printf_core) for _printf_core
    printf5.o(i.__0vprintf$5) refers to usart.o(.text) for fputc
    printf5.o(i.__0vprintf$5) refers to usart.o(.data) for __stdout
    printf5.o(i.__0vsnprintf$5) refers to printf5.o(i._printf_core) for _printf_core
    printf5.o(i.__0vsnprintf$5) refers to printf5.o(i._snputc) for _snputc
    printf5.o(i.__0vsprintf$5) refers to printf5.o(i._printf_core) for _printf_core
    printf5.o(i.__0vsprintf$5) refers to printf5.o(i._sputc) for _sputc
    printf5.o(i._printf_core) refers to uldiv.o(.text) for __aeabi_uldivmod
    printf6.o(i.__0fprintf$6) refers to printf6.o(i._printf_core) for _printf_core
    printf6.o(i.__0fprintf$6) refers to usart.o(.text) for fputc
    printf6.o(i.__0printf$6) refers to printf6.o(i._printf_core) for _printf_core
    printf6.o(i.__0printf$6) refers to usart.o(.text) for fputc
    printf6.o(i.__0printf$6) refers to usart.o(.data) for __stdout
    printf6.o(i.__0snprintf$6) refers to printf6.o(i._printf_core) for _printf_core
    printf6.o(i.__0snprintf$6) refers to printf6.o(i._snputc) for _snputc
    printf6.o(i.__0sprintf$6) refers to printf6.o(i._printf_core) for _printf_core
    printf6.o(i.__0sprintf$6) refers to printf6.o(i._sputc) for _sputc
    printf6.o(i.__0vfprintf$6) refers to printf6.o(i._printf_core) for _printf_core
    printf6.o(i.__0vfprintf$6) refers to usart.o(.text) for fputc
    printf6.o(i.__0vprintf$6) refers to printf6.o(i._printf_core) for _printf_core
    printf6.o(i.__0vprintf$6) refers to usart.o(.text) for fputc
    printf6.o(i.__0vprintf$6) refers to usart.o(.data) for __stdout
    printf6.o(i.__0vsnprintf$6) refers to printf6.o(i._printf_core) for _printf_core
    printf6.o(i.__0vsnprintf$6) refers to printf6.o(i._snputc) for _snputc
    printf6.o(i.__0vsprintf$6) refers to printf6.o(i._printf_core) for _printf_core
    printf6.o(i.__0vsprintf$6) refers to printf6.o(i._sputc) for _sputc
    printf6.o(i._printf_core) refers to printf6.o(i._printf_pre_padding) for _printf_pre_padding
    printf6.o(i._printf_core) refers to printf6.o(i._printf_post_padding) for _printf_post_padding
    printf6.o(i._printf_core) refers to uidiv.o(.text) for __aeabi_uidivmod
    printf7.o(i.__0fprintf$7) refers to printf7.o(i._printf_core) for _printf_core
    printf7.o(i.__0fprintf$7) refers to usart.o(.text) for fputc
    printf7.o(i.__0printf$7) refers to printf7.o(i._printf_core) for _printf_core
    printf7.o(i.__0printf$7) refers to usart.o(.text) for fputc
    printf7.o(i.__0printf$7) refers to usart.o(.data) for __stdout
    printf7.o(i.__0snprintf$7) refers to printf7.o(i._printf_core) for _printf_core
    printf7.o(i.__0snprintf$7) refers to printf7.o(i._snputc) for _snputc
    printf7.o(i.__0sprintf$7) refers to printf7.o(i._printf_core) for _printf_core
    printf7.o(i.__0sprintf$7) refers to printf7.o(i._sputc) for _sputc
    printf7.o(i.__0vfprintf$7) refers to printf7.o(i._printf_core) for _printf_core
    printf7.o(i.__0vfprintf$7) refers to usart.o(.text) for fputc
    printf7.o(i.__0vprintf$7) refers to printf7.o(i._printf_core) for _printf_core
    printf7.o(i.__0vprintf$7) refers to usart.o(.text) for fputc
    printf7.o(i.__0vprintf$7) refers to usart.o(.data) for __stdout
    printf7.o(i.__0vsnprintf$7) refers to printf7.o(i._printf_core) for _printf_core
    printf7.o(i.__0vsnprintf$7) refers to printf7.o(i._snputc) for _snputc
    printf7.o(i.__0vsprintf$7) refers to printf7.o(i._printf_core) for _printf_core
    printf7.o(i.__0vsprintf$7) refers to printf7.o(i._sputc) for _sputc
    printf7.o(i._printf_core) refers to printf7.o(i._printf_pre_padding) for _printf_pre_padding
    printf7.o(i._printf_core) refers to printf7.o(i._printf_post_padding) for _printf_post_padding
    printf7.o(i._printf_core) refers to uldiv.o(.text) for __aeabi_uldivmod
    printf8.o(i.__0fprintf$8) refers to printf8.o(i._printf_core) for _printf_core
    printf8.o(i.__0fprintf$8) refers to usart.o(.text) for fputc
    printf8.o(i.__0printf$8) refers to printf8.o(i._printf_core) for _printf_core
    printf8.o(i.__0printf$8) refers to usart.o(.text) for fputc
    printf8.o(i.__0printf$8) refers to usart.o(.data) for __stdout
    printf8.o(i.__0snprintf$8) refers to printf8.o(i._printf_core) for _printf_core
    printf8.o(i.__0snprintf$8) refers to printf8.o(i._snputc) for _snputc
    printf8.o(i.__0sprintf$8) refers to printf8.o(i._printf_core) for _printf_core
    printf8.o(i.__0sprintf$8) refers to printf8.o(i._sputc) for _sputc
    printf8.o(i.__0vfprintf$8) refers to printf8.o(i._printf_core) for _printf_core
    printf8.o(i.__0vfprintf$8) refers to usart.o(.text) for fputc
    printf8.o(i.__0vprintf$8) refers to printf8.o(i._printf_core) for _printf_core
    printf8.o(i.__0vprintf$8) refers to usart.o(.text) for fputc
    printf8.o(i.__0vprintf$8) refers to usart.o(.data) for __stdout
    printf8.o(i.__0vsnprintf$8) refers to printf8.o(i._printf_core) for _printf_core
    printf8.o(i.__0vsnprintf$8) refers to printf8.o(i._snputc) for _snputc
    printf8.o(i.__0vsprintf$8) refers to printf8.o(i._printf_core) for _printf_core
    printf8.o(i.__0vsprintf$8) refers to printf8.o(i._sputc) for _sputc
    printf8.o(i._printf_core) refers to printf8.o(i._printf_pre_padding) for _printf_pre_padding
    printf8.o(i._printf_core) refers to printf8.o(i._printf_post_padding) for _printf_post_padding
    printf8.o(i._printf_core) refers to uldiv.o(.text) for __aeabi_uldivmod
    printfa.o(i.__0fprintf) refers (Special) to iusefp.o(.text) for __I$use$fp
    printfa.o(i.__0fprintf) refers to printfa.o(i._printf_core) for _printf_core
    printfa.o(i.__0fprintf) refers to usart.o(.text) for fputc
    printfa.o(i.__0printf) refers (Special) to iusefp.o(.text) for __I$use$fp
    printfa.o(i.__0printf) refers to printfa.o(i._printf_core) for _printf_core
    printfa.o(i.__0printf) refers to usart.o(.text) for fputc
    printfa.o(i.__0printf) refers to usart.o(.data) for __stdout
    printfa.o(i.__0snprintf) refers (Special) to iusefp.o(.text) for __I$use$fp
    printfa.o(i.__0snprintf) refers to printfa.o(i._printf_core) for _printf_core
    printfa.o(i.__0snprintf) refers to printfa.o(i._snputc) for _snputc
    printfa.o(i.__0sprintf) refers (Special) to iusefp.o(.text) for __I$use$fp
    printfa.o(i.__0sprintf) refers to printfa.o(i._printf_core) for _printf_core
    printfa.o(i.__0sprintf) refers to printfa.o(i._sputc) for _sputc
    printfa.o(i.__0vfprintf) refers (Special) to iusefp.o(.text) for __I$use$fp
    printfa.o(i.__0vfprintf) refers to printfa.o(i._printf_core) for _printf_core
    printfa.o(i.__0vfprintf) refers to usart.o(.text) for fputc
    printfa.o(i.__0vprintf) refers (Special) to iusefp.o(.text) for __I$use$fp
    printfa.o(i.__0vprintf) refers to printfa.o(i._printf_core) for _printf_core
    printfa.o(i.__0vprintf) refers to usart.o(.text) for fputc
    printfa.o(i.__0vprintf) refers to usart.o(.data) for __stdout
    printfa.o(i.__0vsnprintf) refers (Special) to iusefp.o(.text) for __I$use$fp
    printfa.o(i.__0vsnprintf) refers to printfa.o(i._printf_core) for _printf_core
    printfa.o(i.__0vsnprintf) refers to printfa.o(i._snputc) for _snputc
    printfa.o(i.__0vsprintf) refers (Special) to iusefp.o(.text) for __I$use$fp
    printfa.o(i.__0vsprintf) refers to printfa.o(i._printf_core) for _printf_core
    printfa.o(i.__0vsprintf) refers to printfa.o(i._sputc) for _sputc
    printfa.o(i._fp_digits) refers (Special) to iusefp.o(.text) for __I$use$fp
    printfa.o(i._fp_digits) refers to dmul.o(.text) for __aeabi_dmul
    printfa.o(i._fp_digits) refers to ddiv.o(.text) for __aeabi_ddiv
    printfa.o(i._fp_digits) refers to cdrcmple.o(.text) for __aeabi_cdrcmple
    printfa.o(i._fp_digits) refers to dadd.o(.text) for __aeabi_dadd
    printfa.o(i._fp_digits) refers to dfixul.o(.text) for __aeabi_d2ulz
    printfa.o(i._fp_digits) refers to uldiv.o(.text) for __aeabi_uldivmod
    printfa.o(i._printf_core) refers (Special) to iusefp.o(.text) for __I$use$fp
    printfa.o(i._printf_core) refers to printfa.o(i._printf_pre_padding) for _printf_pre_padding
    printfa.o(i._printf_core) refers to uldiv.o(.text) for __aeabi_uldivmod
    printfa.o(i._printf_core) refers to printfa.o(i._printf_post_padding) for _printf_post_padding
    printfa.o(i._printf_core) refers to printfa.o(i._fp_digits) for _fp_digits
    printfa.o(i._printf_core) refers to uidiv.o(.text) for __aeabi_uidivmod
    printfa.o(i._printf_post_padding) refers (Special) to iusefp.o(.text) for __I$use$fp
    printfa.o(i._printf_pre_padding) refers (Special) to iusefp.o(.text) for __I$use$fp
    printfa.o(i._snputc) refers (Special) to iusefp.o(.text) for __I$use$fp
    printfa.o(i._sputc) refers (Special) to iusefp.o(.text) for __I$use$fp
    dadd.o(.text) refers (Special) to iusefp.o(.text) for __I$use$fp
    dadd.o(.text) refers to llshl.o(.text) for __aeabi_llsl
    dadd.o(.text) refers to llsshr.o(.text) for __aeabi_lasr
    dadd.o(.text) refers to depilogue.o(.text) for _double_epilogue
    dmul.o(.text) refers (Special) to iusefp.o(.text) for __I$use$fp
    dmul.o(.text) refers to depilogue.o(.text) for _double_epilogue
    dfltui.o(.text) refers (Special) to iusefp.o(.text) for __I$use$fp
    dfltui.o(.text) refers to depilogue.o(.text) for _double_epilogue
    f2d.o(.text) refers (Special) to iusefp.o(.text) for __I$use$fp
    d2f.o(.text) refers (Special) to iusefp.o(.text) for __I$use$fp
    d2f.o(.text) refers to fepilogue.o(.text) for _float_round
    entry2.o(.ARM.Collect$$$$00000001) refers to entry2.o(.ARM.Collect$$$$00002712) for __lit__00000000
    entry2.o(.ARM.Collect$$$$00002712) refers to startup_stm32f0xx.o(STACK) for __initial_sp
    entry2.o(__vectab_stack_and_reset_area) refers to startup_stm32f0xx.o(STACK) for __initial_sp
    entry2.o(__vectab_stack_and_reset_area) refers to entry.o(.ARM.Collect$$$$00000000) for __main
    entry5.o(.ARM.Collect$$$$00000004) refers to init.o(.text) for __scatterload
    entry9a.o(.ARM.Collect$$$$0000000B) refers to main.o(.text) for main
    entry9b.o(.ARM.Collect$$$$0000000C) refers to main.o(.text) for main
    uldiv.o(.text) refers to llushr.o(.text) for __aeabi_llsr
    uldiv.o(.text) refers to llshl.o(.text) for __aeabi_llsl
    depilogue.o(.text) refers to depilogue.o(i.__ARM_clz) for __ARM_clz
    depilogue.o(.text) refers to llshl.o(.text) for __aeabi_llsl
    depilogue.o(.text) refers to llushr.o(.text) for __aeabi_llsr
    ddiv.o(.text) refers to depilogue.o(.text) for _double_round
    dfixul.o(.text) refers to llushr.o(.text) for __aeabi_llsr
    dfixul.o(.text) refers to llshl.o(.text) for __aeabi_llsl
    init.o(.text) refers to entry5.o(.ARM.Collect$$$$00000004) for __main_after_scatterload


==============================================================================

Removing Unused input sections from the image.

    Removing startup_stm32f0xx.o(HEAP), (512 bytes).
    Removing system_stm32f0xx.o(.rev16_text), (4 bytes).
    Removing system_stm32f0xx.o(.revsh_text), (4 bytes).
    Removing stm32f0xx_it.o(.rev16_text), (4 bytes).
    Removing stm32f0xx_it.o(.revsh_text), (4 bytes).
    Removing main.o(.rev16_text), (4 bytes).
    Removing main.o(.revsh_text), (4 bytes).
    Removing systick.o(.rev16_text), (4 bytes).
    Removing systick.o(.revsh_text), (4 bytes).
    Removing adc.o(.rev16_text), (4 bytes).
    Removing adc.o(.revsh_text), (4 bytes).
    Removing adc.o(.text), (132 bytes).
    Removing adc.o(.data), (1 bytes).
    Removing timer.o(.rev16_text), (4 bytes).
    Removing timer.o(.revsh_text), (4 bytes).
    Removing usart.o(.rev16_text), (4 bytes).
    Removing usart.o(.revsh_text), (4 bytes).
    Removing mlx90614.o(.rev16_text), (4 bytes).
    Removing mlx90614.o(.revsh_text), (4 bytes).
    Removing stm32f0xx_gpio.o(.rev16_text), (4 bytes).
    Removing stm32f0xx_gpio.o(.revsh_text), (4 bytes).
    Removing stm32f0xx_rcc.o(.rev16_text), (4 bytes).
    Removing stm32f0xx_rcc.o(.revsh_text), (4 bytes).
    Removing stm32f0xx_adc.o(.rev16_text), (4 bytes).
    Removing stm32f0xx_adc.o(.revsh_text), (4 bytes).
    Removing stm32f0xx_exti.o(.rev16_text), (4 bytes).
    Removing stm32f0xx_exti.o(.revsh_text), (4 bytes).
    Removing stm32f0xx_exti.o(.text), (260 bytes).
    Removing stm32f0xx_i2c.o(.rev16_text), (4 bytes).
    Removing stm32f0xx_i2c.o(.revsh_text), (4 bytes).
    Removing stm32f0xx_i2c.o(.text), (1132 bytes).
    Removing stm32f0xx_misc.o(.rev16_text), (4 bytes).
    Removing stm32f0xx_misc.o(.revsh_text), (4 bytes).
    Removing stm32f0xx_rtc.o(.rev16_text), (4 bytes).
    Removing stm32f0xx_rtc.o(.revsh_text), (4 bytes).
    Removing stm32f0xx_rtc.o(.text), (2916 bytes).
    Removing stm32f0xx_syscfg.o(.rev16_text), (4 bytes).
    Removing stm32f0xx_syscfg.o(.revsh_text), (4 bytes).
    Removing stm32f0xx_syscfg.o(.text), (240 bytes).
    Removing stm32f0xx_tim.o(.rev16_text), (4 bytes).
    Removing stm32f0xx_tim.o(.revsh_text), (4 bytes).
    Removing stm32f0xx_usart.o(.rev16_text), (4 bytes).
    Removing stm32f0xx_usart.o(.revsh_text), (4 bytes).

43 unused section(s) (total 5337 bytes) removed from the image.

==============================================================================

Image Symbol Table

    Local Symbols

    Symbol Name                              Value     Ov Type        Size  Object(Section)

    ../clib/microlib/division.c              0x00000000   Number         0  uidiv.o ABSOLUTE
    ../clib/microlib/division.c              0x00000000   Number         0  uldiv.o ABSOLUTE
    ../clib/microlib/init/entry.s            0x00000000   Number         0  entry9a.o ABSOLUTE
    ../clib/microlib/init/entry.s            0x00000000   Number         0  entry8a.o ABSOLUTE
    ../clib/microlib/init/entry.s            0x00000000   Number         0  entry8b.o ABSOLUTE
    ../clib/microlib/init/entry.s            0x00000000   Number         0  entry5.o ABSOLUTE
    ../clib/microlib/init/entry.s            0x00000000   Number         0  entry11b.o ABSOLUTE
    ../clib/microlib/init/entry.s            0x00000000   Number         0  entry7a.o ABSOLUTE
    ../clib/microlib/init/entry.s            0x00000000   Number         0  entry11a.o ABSOLUTE
    ../clib/microlib/init/entry.s            0x00000000   Number         0  entry9b.o ABSOLUTE
    ../clib/microlib/init/entry.s            0x00000000   Number         0  entry10b.o ABSOLUTE
    ../clib/microlib/init/entry.s            0x00000000   Number         0  entry10a.o ABSOLUTE
    ../clib/microlib/init/entry.s            0x00000000   Number         0  entry7b.o ABSOLUTE
    ../clib/microlib/init/entry.s            0x00000000   Number         0  entry.o ABSOLUTE
    ../clib/microlib/init/entry.s            0x00000000   Number         0  entry2.o ABSOLUTE
    ../clib/microlib/longlong.c              0x00000000   Number         0  llushr.o ABSOLUTE
    ../clib/microlib/longlong.c              0x00000000   Number         0  llsshr.o ABSOLUTE
    ../clib/microlib/longlong.c              0x00000000   Number         0  llshl.o ABSOLUTE
    ../clib/microlib/printf/printf.c         0x00000000   Number         0  printf0.o ABSOLUTE
    ../clib/microlib/printf/printf.c         0x00000000   Number         0  printfb.o ABSOLUTE
    ../clib/microlib/printf/printf.c         0x00000000   Number         0  printf1.o ABSOLUTE
    ../clib/microlib/printf/printf.c         0x00000000   Number         0  printf4.o ABSOLUTE
    ../clib/microlib/printf/printf.c         0x00000000   Number         0  printf3.o ABSOLUTE
    ../clib/microlib/printf/printf.c         0x00000000   Number         0  printf5.o ABSOLUTE
    ../clib/microlib/printf/printf.c         0x00000000   Number         0  printf8.o ABSOLUTE
    ../clib/microlib/printf/printf.c         0x00000000   Number         0  printf6.o ABSOLUTE
    ../clib/microlib/printf/printf.c         0x00000000   Number         0  printf7.o ABSOLUTE
    ../clib/microlib/printf/printf.c         0x00000000   Number         0  printfa.o ABSOLUTE
    ../clib/microlib/printf/printf.c         0x00000000   Number         0  printf2.o ABSOLUTE
    ../clib/microlib/printf/stubs.s          0x00000000   Number         0  stubs.o ABSOLUTE
    ../clib/microlib/stubs.s                 0x00000000   Number         0  iusefp.o ABSOLUTE
    ../clib/microlib/stubs.s                 0x00000000   Number         0  useno.o ABSOLUTE
    ../fplib/microlib/d2f.c                  0x00000000   Number         0  d2f.o ABSOLUTE
    ../fplib/microlib/f2d.c                  0x00000000   Number         0  f2d.o ABSOLUTE
    ../fplib/microlib/fpadd.c                0x00000000   Number         0  dadd.o ABSOLUTE
    ../fplib/microlib/fpdiv.c                0x00000000   Number         0  ddiv.o ABSOLUTE
    ../fplib/microlib/fpepilogue.c           0x00000000   Number         0  fepilogue.o ABSOLUTE
    ../fplib/microlib/fpepilogue.c           0x00000000   Number         0  depilogue.o ABSOLUTE
    ../fplib/microlib/fpfix.c                0x00000000   Number         0  dfixul.o ABSOLUTE
    ../fplib/microlib/fpflt.c                0x00000000   Number         0  dfltui.o ABSOLUTE
    ../fplib/microlib/fpmul.c                0x00000000   Number         0  dmul.o ABSOLUTE
    ..\\drive\\adc.c                         0x00000000   Number         0  adc.o ABSOLUTE
    ..\\drive\\mlx90614.c                    0x00000000   Number         0  mlx90614.o ABSOLUTE
    ..\\drive\\systick.c                     0x00000000   Number         0  systick.o ABSOLUTE
    ..\\drive\\timer.c                       0x00000000   Number         0  timer.o ABSOLUTE
    ..\\drive\\usart.c                       0x00000000   Number         0  usart.o ABSOLUTE
    ..\\lib\\src\\stm32f0xx_adc.c            0x00000000   Number         0  stm32f0xx_adc.o ABSOLUTE
    ..\\lib\\src\\stm32f0xx_exti.c           0x00000000   Number         0  stm32f0xx_exti.o ABSOLUTE
    ..\\lib\\src\\stm32f0xx_gpio.c           0x00000000   Number         0  stm32f0xx_gpio.o ABSOLUTE
    ..\\lib\\src\\stm32f0xx_i2c.c            0x00000000   Number         0  stm32f0xx_i2c.o ABSOLUTE
    ..\\lib\\src\\stm32f0xx_misc.c           0x00000000   Number         0  stm32f0xx_misc.o ABSOLUTE
    ..\\lib\\src\\stm32f0xx_rcc.c            0x00000000   Number         0  stm32f0xx_rcc.o ABSOLUTE
    ..\\lib\\src\\stm32f0xx_rtc.c            0x00000000   Number         0  stm32f0xx_rtc.o ABSOLUTE
    ..\\lib\\src\\stm32f0xx_syscfg.c         0x00000000   Number         0  stm32f0xx_syscfg.o ABSOLUTE
    ..\\lib\\src\\stm32f0xx_tim.c            0x00000000   Number         0  stm32f0xx_tim.o ABSOLUTE
    ..\\lib\\src\\stm32f0xx_usart.c          0x00000000   Number         0  stm32f0xx_usart.o ABSOLUTE
    ..\\stm32f0\\stm32f0xx_it.c              0x00000000   Number         0  stm32f0xx_it.o ABSOLUTE
    ..\\stm32f0\\system_stm32f0xx.c          0x00000000   Number         0  system_stm32f0xx.o ABSOLUTE
    ..\drive\adc.c                           0x00000000   Number         0  adc.o ABSOLUTE
    ..\drive\mlx90614.c                      0x00000000   Number         0  mlx90614.o ABSOLUTE
    ..\drive\systick.c                       0x00000000   Number         0  systick.o ABSOLUTE
    ..\drive\timer.c                         0x00000000   Number         0  timer.o ABSOLUTE
    ..\drive\usart.c                         0x00000000   Number         0  usart.o ABSOLUTE
    ..\lib\src\stm32f0xx_adc.c               0x00000000   Number         0  stm32f0xx_adc.o ABSOLUTE
    ..\lib\src\stm32f0xx_exti.c              0x00000000   Number         0  stm32f0xx_exti.o ABSOLUTE
    ..\lib\src\stm32f0xx_gpio.c              0x00000000   Number         0  stm32f0xx_gpio.o ABSOLUTE
    ..\lib\src\stm32f0xx_i2c.c               0x00000000   Number         0  stm32f0xx_i2c.o ABSOLUTE
    ..\lib\src\stm32f0xx_misc.c              0x00000000   Number         0  stm32f0xx_misc.o ABSOLUTE
    ..\lib\src\stm32f0xx_rcc.c               0x00000000   Number         0  stm32f0xx_rcc.o ABSOLUTE
    ..\lib\src\stm32f0xx_rtc.c               0x00000000   Number         0  stm32f0xx_rtc.o ABSOLUTE
    ..\lib\src\stm32f0xx_syscfg.c            0x00000000   Number         0  stm32f0xx_syscfg.o ABSOLUTE
    ..\lib\src\stm32f0xx_tim.c               0x00000000   Number         0  stm32f0xx_tim.o ABSOLUTE
    ..\lib\src\stm32f0xx_usart.c             0x00000000   Number         0  stm32f0xx_usart.o ABSOLUTE
    ..\stm32f0\stm32f0xx_it.c                0x00000000   Number         0  stm32f0xx_it.o ABSOLUTE
    ..\stm32f0\system_stm32f0xx.c            0x00000000   Number         0  system_stm32f0xx.o ABSOLUTE
    cdrcmple.s                               0x00000000   Number         0  cdrcmple.o ABSOLUTE
    dc.s                                     0x00000000   Number         0  dc.o ABSOLUTE
    handlers.s                               0x00000000   Number         0  handlers.o ABSOLUTE
    init.s                                   0x00000000   Number         0  init.o ABSOLUTE
    main.c                                   0x00000000   Number         0  main.o ABSOLUTE
    main.c                                   0x00000000   Number         0  main.o ABSOLUTE
    startup_stm32f0xx.s                      0x00000000   Number         0  startup_stm32f0xx.o ABSOLUTE
    RESET                                    0x08000000   Section      192  startup_stm32f0xx.o(RESET)
    .ARM.Collect$$$$00000000                 0x080000c0   Section        0  entry.o(.ARM.Collect$$$$00000000)
    .ARM.Collect$$$$00000001                 0x080000c0   Section        4  entry2.o(.ARM.Collect$$$$00000001)
    .ARM.Collect$$$$00000004                 0x080000c4   Section        4  entry5.o(.ARM.Collect$$$$00000004)
    .ARM.Collect$$$$00000008                 0x080000c8   Section        0  entry7b.o(.ARM.Collect$$$$00000008)
    .ARM.Collect$$$$0000000A                 0x080000c8   Section        0  entry8b.o(.ARM.Collect$$$$0000000A)
    .ARM.Collect$$$$0000000B                 0x080000c8   Section        8  entry9a.o(.ARM.Collect$$$$0000000B)
    .ARM.Collect$$$$0000000D                 0x080000d0   Section        0  entry10a.o(.ARM.Collect$$$$0000000D)
    .ARM.Collect$$$$0000000F                 0x080000d0   Section        0  entry11a.o(.ARM.Collect$$$$0000000F)
    .ARM.Collect$$$$00002712                 0x080000d0   Section        4  entry2.o(.ARM.Collect$$$$00002712)
    __lit__00000000                          0x080000d0   Data           4  entry2.o(.ARM.Collect$$$$00002712)
    .text                                    0x080000d4   Section       28  startup_stm32f0xx.o(.text)
    .text                                    0x080000f0   Section        0  system_stm32f0xx.o(.text)
    SetSysClock                              0x080000f1   Thumb Code   220  system_stm32f0xx.o(.text)
    .text                                    0x080002f4   Section        0  stm32f0xx_it.o(.text)
    .text                                    0x08000308   Section        0  main.o(.text)
    .text                                    0x08000360   Section        0  systick.o(.text)
    NVIC_SetPriority                         0x080003c9   Thumb Code   110  systick.o(.text)
    .text                                    0x08000450   Section        0  timer.o(.text)
    .text                                    0x0800058c   Section        0  usart.o(.text)
    .text                                    0x080006e4   Section        0  mlx90614.o(.text)
    .text                                    0x08000a14   Section        0  stm32f0xx_gpio.o(.text)
    .text                                    0x08000c00   Section        0  stm32f0xx_rcc.o(.text)
    .text                                    0x080011f4   Section        0  stm32f0xx_adc.o(.text)
    .text                                    0x080014d4   Section        0  stm32f0xx_misc.o(.text)
    .text                                    0x08001588   Section        0  stm32f0xx_tim.o(.text)
    TI4_Config                               0x08001cc9   Thumb Code    66  stm32f0xx_tim.o(.text)
    TI3_Config                               0x08001d1d   Thumb Code    66  stm32f0xx_tim.o(.text)
    TI2_Config                               0x08001d73   Thumb Code   118  stm32f0xx_tim.o(.text)
    TI1_Config                               0x08001df9   Thumb Code    54  stm32f0xx_tim.o(.text)
    .text                                    0x08002154   Section        0  stm32f0xx_usart.o(.text)
    .text                                    0x080026c2   Section        0  uidiv.o(.text)
    .text                                    0x080026f0   Section        0  dadd.o(.text)
    .text                                    0x08002854   Section        0  dmul.o(.text)
    .text                                    0x08002924   Section        0  dfltui.o(.text)
    .text                                    0x08002940   Section        0  f2d.o(.text)
    .text                                    0x08002968   Section        0  d2f.o(.text)
    .text                                    0x080029a0   Section        0  uldiv.o(.text)
    .text                                    0x08002a00   Section        0  llshl.o(.text)
    .text                                    0x08002a20   Section        0  llsshr.o(.text)
    .text                                    0x08002a46   Section        0  fepilogue.o(.text)
    .text                                    0x08002a46   Section        0  iusefp.o(.text)
    .text                                    0x08002aca   Section        0  depilogue.o(.text)
    .text                                    0x08002b8c   Section        0  ddiv.o(.text)
    .text                                    0x08002c7c   Section        0  dfixul.o(.text)
    .text                                    0x08002cbc   Section       40  cdrcmple.o(.text)
    .text                                    0x08002ce4   Section       36  init.o(.text)
    .text                                    0x08002d08   Section        0  llushr.o(.text)
    i.__0printf                              0x08002d2c   Section        0  printfa.o(i.__0printf)
    i.__ARM_clz                              0x08002d4c   Section        0  depilogue.o(i.__ARM_clz)
    i.__scatterload_copy                     0x08002d7a   Section       14  handlers.o(i.__scatterload_copy)
    i.__scatterload_null                     0x08002d88   Section        2  handlers.o(i.__scatterload_null)
    i.__scatterload_zeroinit                 0x08002d8a   Section       14  handlers.o(i.__scatterload_zeroinit)
    i._fp_digits                             0x08002d98   Section        0  printfa.o(i._fp_digits)
    _fp_digits                               0x08002d99   Thumb Code   314  printfa.o(i._fp_digits)
    i._printf_core                           0x08002ef0   Section        0  printfa.o(i._printf_core)
    _printf_core                             0x08002ef1   Thumb Code  1766  printfa.o(i._printf_core)
    i._printf_post_padding                   0x080035e8   Section        0  printfa.o(i._printf_post_padding)
    _printf_post_padding                     0x080035e9   Thumb Code    32  printfa.o(i._printf_post_padding)
    i._printf_pre_padding                    0x08003608   Section        0  printfa.o(i._printf_pre_padding)
    _printf_pre_padding                      0x08003609   Thumb Code    44  printfa.o(i._printf_pre_padding)
    .data                                    0x20000000   Section       20  system_stm32f0xx.o(.data)
    .data                                    0x20000014   Section        4  main.o(.data)
    .data                                    0x20000018   Section        4  systick.o(.data)
    TimingDelay                              0x20000018   Data           4  systick.o(.data)
    .data                                    0x2000001c   Section        6  timer.o(.data)
    .data                                    0x20000024   Section        4  usart.o(.data)
    .data                                    0x20000028   Section       16  stm32f0xx_rcc.o(.data)
    APBAHBPrescTable                         0x20000028   Data          16  stm32f0xx_rcc.o(.data)
    .bss                                     0x20000038   Section      100  timer.o(.bss)
    STACK                                    0x200000a0   Section     1024  startup_stm32f0xx.o(STACK)

    Global Symbols

    Symbol Name                              Value     Ov Type        Size  Object(Section)

    BuildAttributes$$THM_ISAv3M$S$PE$A:L22$X:L11$S22$IEEE1$IW$USESV6$~STKCKD$USESV7$~SHL$OTIME$ROPI$EBA8$MICROLIB$REQ8$PRES8$EABIv2 0x00000000   Number         0  anon$$obj.o ABSOLUTE
    __ARM_use_no_argv                        0x00000000   Number         0  main.o ABSOLUTE
    __use_no_errno                           0x00000000   Number         0  useno.o ABSOLUTE
    __use_no_exception_handling              0x00000000   Number         0  useno.o ABSOLUTE
    __use_no_fp                              0x00000000   Number         0  useno.o ABSOLUTE
    __use_no_heap                            0x00000000   Number         0  useno.o ABSOLUTE
    __use_no_heap_region                     0x00000000   Number         0  useno.o ABSOLUTE
    __use_no_semihosting                     0x00000000   Number         0  useno.o ABSOLUTE
    __use_no_semihosting_swi                 0x00000000   Number         0  useno.o ABSOLUTE
    __use_no_signal_handling                 0x00000000   Number         0  useno.o ABSOLUTE
    _printf_a                                0x00000000   Number         0  stubs.o ABSOLUTE
    _printf_c                                0x00000000   Number         0  stubs.o ABSOLUTE
    _printf_charcount                        0x00000000   Number         0  stubs.o ABSOLUTE
    _printf_d                                0x00000000   Number         0  stubs.o ABSOLUTE
    _printf_e                                0x00000000   Number         0  stubs.o ABSOLUTE
    _printf_f                                0x00000000   Number         0  stubs.o ABSOLUTE
    _printf_flags                            0x00000000   Number         0  stubs.o ABSOLUTE
    _printf_fp_dec                           0x00000000   Number         0  stubs.o ABSOLUTE
    _printf_fp_hex                           0x00000000   Number         0  stubs.o ABSOLUTE
    _printf_g                                0x00000000   Number         0  stubs.o ABSOLUTE
    _printf_i                                0x00000000   Number         0  stubs.o ABSOLUTE
    _printf_int_dec                          0x00000000   Number         0  stubs.o ABSOLUTE
    _printf_l                                0x00000000   Number         0  stubs.o ABSOLUTE
    _printf_lc                               0x00000000   Number         0  stubs.o ABSOLUTE
    _printf_ll                               0x00000000   Number         0  stubs.o ABSOLUTE
    _printf_lld                              0x00000000   Number         0  stubs.o ABSOLUTE
    _printf_lli                              0x00000000   Number         0  stubs.o ABSOLUTE
    _printf_llo                              0x00000000   Number         0  stubs.o ABSOLUTE
    _printf_llu                              0x00000000   Number         0  stubs.o ABSOLUTE
    _printf_llx                              0x00000000   Number         0  stubs.o ABSOLUTE
    _printf_longlong_dec                     0x00000000   Number         0  stubs.o ABSOLUTE
    _printf_longlong_hex                     0x00000000   Number         0  stubs.o ABSOLUTE
    _printf_longlong_oct                     0x00000000   Number         0  stubs.o ABSOLUTE
    _printf_ls                               0x00000000   Number         0  stubs.o ABSOLUTE
    _printf_mbtowc                           0x00000000   Number         0  stubs.o ABSOLUTE
    _printf_n                                0x00000000   Number         0  stubs.o ABSOLUTE
    _printf_o                                0x00000000   Number         0  stubs.o ABSOLUTE
    _printf_p                                0x00000000   Number         0  stubs.o ABSOLUTE
    _printf_percent                          0x00000000   Number         0  stubs.o ABSOLUTE
    _printf_pre_padding                      0x00000000   Number         0  stubs.o ABSOLUTE
    _printf_return_value                     0x00000000   Number         0  stubs.o ABSOLUTE
    _printf_s                                0x00000000   Number         0  stubs.o ABSOLUTE
    _printf_sizespec                         0x00000000   Number         0  stubs.o ABSOLUTE
    _printf_str                              0x00000000   Number         0  stubs.o ABSOLUTE
    _printf_truncate_signed                  0x00000000   Number         0  stubs.o ABSOLUTE
    _printf_truncate_unsigned                0x00000000   Number         0  stubs.o ABSOLUTE
    _printf_u                                0x00000000   Number         0  stubs.o ABSOLUTE
    _printf_wc                               0x00000000   Number         0  stubs.o ABSOLUTE
    _printf_wctomb                           0x00000000   Number         0  stubs.o ABSOLUTE
    _printf_widthprec                        0x00000000   Number         0  stubs.o ABSOLUTE
    _printf_x                                0x00000000   Number         0  stubs.o ABSOLUTE
    __cpp_initialize__aeabi_                  - Undefined Weak Reference
    __cxa_finalize                            - Undefined Weak Reference
    __decompress                              - Undefined Weak Reference
    _clock_init                               - Undefined Weak Reference
    _microlib_exit                            - Undefined Weak Reference
    __Vectors_Size                           0x000000c0   Number         0  startup_stm32f0xx.o ABSOLUTE
    __Vectors                                0x08000000   Data           4  startup_stm32f0xx.o(RESET)
    __Vectors_End                            0x080000c0   Data           0  startup_stm32f0xx.o(RESET)
    __main                                   0x080000c1   Thumb Code     0  entry.o(.ARM.Collect$$$$00000000)
    _main_stk                                0x080000c1   Thumb Code     0  entry2.o(.ARM.Collect$$$$00000001)
    _main_scatterload                        0x080000c5   Thumb Code     0  entry5.o(.ARM.Collect$$$$00000004)
    __main_after_scatterload                 0x080000c9   Thumb Code     0  entry5.o(.ARM.Collect$$$$00000004)
    _main_clock                              0x080000c9   Thumb Code     0  entry7b.o(.ARM.Collect$$$$00000008)
    _main_cpp_init                           0x080000c9   Thumb Code     0  entry8b.o(.ARM.Collect$$$$0000000A)
    _main_init                               0x080000c9   Thumb Code     0  entry9a.o(.ARM.Collect$$$$0000000B)
    __rt_final_cpp                           0x080000d1   Thumb Code     0  entry10a.o(.ARM.Collect$$$$0000000D)
    __rt_final_exit                          0x080000d1   Thumb Code     0  entry11a.o(.ARM.Collect$$$$0000000F)
    Reset_Handler                            0x080000d5   Thumb Code     8  startup_stm32f0xx.o(.text)
    ADC1_COMP_IRQHandler                     0x080000e7   Thumb Code     0  startup_stm32f0xx.o(.text)
    CEC_IRQHandler                           0x080000e7   Thumb Code     0  startup_stm32f0xx.o(.text)
    DMA1_Channel1_IRQHandler                 0x080000e7   Thumb Code     0  startup_stm32f0xx.o(.text)
    DMA1_Channel2_3_IRQHandler               0x080000e7   Thumb Code     0  startup_stm32f0xx.o(.text)
    DMA1_Channel4_5_IRQHandler               0x080000e7   Thumb Code     0  startup_stm32f0xx.o(.text)
    EXTI0_1_IRQHandler                       0x080000e7   Thumb Code     0  startup_stm32f0xx.o(.text)
    EXTI2_3_IRQHandler                       0x080000e7   Thumb Code     0  startup_stm32f0xx.o(.text)
    FLASH_IRQHandler                         0x080000e7   Thumb Code     0  startup_stm32f0xx.o(.text)
    I2C1_IRQHandler                          0x080000e7   Thumb Code     0  startup_stm32f0xx.o(.text)
    I2C2_IRQHandler                          0x080000e7   Thumb Code     0  startup_stm32f0xx.o(.text)
    PVD_IRQHandler                           0x080000e7   Thumb Code     0  startup_stm32f0xx.o(.text)
    RCC_IRQHandler                           0x080000e7   Thumb Code     0  startup_stm32f0xx.o(.text)
    RTC_IRQHandler                           0x080000e7   Thumb Code     0  startup_stm32f0xx.o(.text)
    SPI1_IRQHandler                          0x080000e7   Thumb Code     0  startup_stm32f0xx.o(.text)
    SPI2_IRQHandler                          0x080000e7   Thumb Code     0  startup_stm32f0xx.o(.text)
    TIM14_IRQHandler                         0x080000e7   Thumb Code     0  startup_stm32f0xx.o(.text)
    TIM15_IRQHandler                         0x080000e7   Thumb Code     0  startup_stm32f0xx.o(.text)
    TIM16_IRQHandler                         0x080000e7   Thumb Code     0  startup_stm32f0xx.o(.text)
    TIM17_IRQHandler                         0x080000e7   Thumb Code     0  startup_stm32f0xx.o(.text)
    TIM1_BRK_UP_TRG_COM_IRQHandler           0x080000e7   Thumb Code     0  startup_stm32f0xx.o(.text)
    TIM1_CC_IRQHandler                       0x080000e7   Thumb Code     0  startup_stm32f0xx.o(.text)
    TIM2_IRQHandler                          0x080000e7   Thumb Code     0  startup_stm32f0xx.o(.text)
    TIM6_DAC_IRQHandler                      0x080000e7   Thumb Code     0  startup_stm32f0xx.o(.text)
    TS_IRQHandler                            0x080000e7   Thumb Code     0  startup_stm32f0xx.o(.text)
    USART2_IRQHandler                        0x080000e7   Thumb Code     0  startup_stm32f0xx.o(.text)
    WWDG_IRQHandler                          0x080000e7   Thumb Code     0  startup_stm32f0xx.o(.text)
    SystemInit                               0x080001cd   Thumb Code   110  system_stm32f0xx.o(.text)
    SystemCoreClockUpdate                    0x0800023b   Thumb Code   154  system_stm32f0xx.o(.text)
    NMI_Handler                              0x080002f5   Thumb Code     2  stm32f0xx_it.o(.text)
    HardFault_Handler                        0x080002f7   Thumb Code     4  stm32f0xx_it.o(.text)
    SVC_Handler                              0x080002fb   Thumb Code     2  stm32f0xx_it.o(.text)
    PendSV_Handler                           0x080002fd   Thumb Code     2  stm32f0xx_it.o(.text)
    SysTick_Handler                          0x080002ff   Thumb Code     8  stm32f0xx_it.o(.text)
    EXTI4_15_IRQHandler                      0x08000307   Thumb Code     2  stm32f0xx_it.o(.text)
    main                                     0x08000309   Thumb Code    62  main.o(.text)
    Delay_ms                                 0x08000361   Thumb Code    20  systick.o(.text)
    TimingDelay_Decrement                    0x08000375   Thumb Code    20  systick.o(.text)
    Systick_Init                             0x08000389   Thumb Code    64  systick.o(.text)
    TIMER_Config                             0x08000451   Thumb Code    72  timer.o(.text)
    TIM3_IRQHandler                          0x08000499   Thumb Code   150  timer.o(.text)
    fputc                                    0x0800058d   Thumb Code    32  usart.o(.text)
    USART_Configuration                      0x080005ad   Thumb Code   152  usart.o(.text)
    USART1_IRQHandler                        0x08000645   Thumb Code    30  usart.o(.text)
    UART_send_byte                           0x08000663   Thumb Code    20  usart.o(.text)
    UART_Send                                0x08000677   Thumb Code    32  usart.o(.text)
    UART_Recive                              0x08000697   Thumb Code    22  usart.o(.text)
    USART1_SendString                        0x080006ad   Thumb Code    46  usart.o(.text)
    SMBus_Delay                              0x080006e5   Thumb Code    26  mlx90614.o(.text)
    SMBus_StartBit                           0x080006ff   Thumb Code    56  mlx90614.o(.text)
    SMBus_StopBit                            0x08000737   Thumb Code    50  mlx90614.o(.text)
    SMBus_ReceiveBit                         0x08000769   Thumb Code    60  mlx90614.o(.text)
    SMBus_SendBit                            0x080007a5   Thumb Code    58  mlx90614.o(.text)
    SMBus_SendByte                           0x080007df   Thumb Code    48  mlx90614.o(.text)
    SMBus_ReceiveByte                        0x0800080f   Thumb Code    52  mlx90614.o(.text)
    SMBus_Init                               0x08000843   Thumb Code    48  mlx90614.o(.text)
    PEC_Calculation                          0x08000873   Thumb Code   172  mlx90614.o(.text)
    SMBus_ReadMemory                         0x0800091f   Thumb Code   172  mlx90614.o(.text)
    SMBus_ReadTemp                           0x080009cb   Thumb Code    54  mlx90614.o(.text)
    GPIO_DeInit                              0x08000a15   Thumb Code   132  stm32f0xx_gpio.o(.text)
    GPIO_Init                                0x08000a99   Thumb Code   144  stm32f0xx_gpio.o(.text)
    GPIO_StructInit                          0x08000b29   Thumb Code    20  stm32f0xx_gpio.o(.text)
    GPIO_PinLockConfig                       0x08000b3d   Thumb Code    34  stm32f0xx_gpio.o(.text)
    GPIO_ReadInputDataBit                    0x08000b5f   Thumb Code    18  stm32f0xx_gpio.o(.text)
    GPIO_ReadInputData                       0x08000b71   Thumb Code     6  stm32f0xx_gpio.o(.text)
    GPIO_ReadOutputDataBit                   0x08000b77   Thumb Code    18  stm32f0xx_gpio.o(.text)
    GPIO_ReadOutputData                      0x08000b89   Thumb Code     6  stm32f0xx_gpio.o(.text)
    GPIO_SetBits                             0x08000b8f   Thumb Code     4  stm32f0xx_gpio.o(.text)
    GPIO_ResetBits                           0x08000b93   Thumb Code     4  stm32f0xx_gpio.o(.text)
    GPIO_WriteBit                            0x08000b97   Thumb Code    12  stm32f0xx_gpio.o(.text)
    GPIO_Write                               0x08000ba3   Thumb Code     4  stm32f0xx_gpio.o(.text)
    GPIO_PinAFConfig                         0x08000ba7   Thumb Code    68  stm32f0xx_gpio.o(.text)
    RCC_DeInit                               0x08000c01   Thumb Code   104  stm32f0xx_rcc.o(.text)
    RCC_HSEConfig                            0x08000c69   Thumb Code    12  stm32f0xx_rcc.o(.text)
    RCC_GetFlagStatus                        0x08000c75   Thumb Code    66  stm32f0xx_rcc.o(.text)
    RCC_WaitForHSEStartUp                    0x08000cb7   Thumb Code    60  stm32f0xx_rcc.o(.text)
    RCC_AdjustHSICalibrationValue            0x08000cf3   Thumb Code    26  stm32f0xx_rcc.o(.text)
    RCC_HSICmd                               0x08000d0d   Thumb Code    32  stm32f0xx_rcc.o(.text)
    RCC_AdjustHSI14CalibrationValue          0x08000d2d   Thumb Code    26  stm32f0xx_rcc.o(.text)
    RCC_HSI14Cmd                             0x08000d47   Thumb Code    32  stm32f0xx_rcc.o(.text)
    RCC_HSI14ADCRequestCmd                   0x08000d67   Thumb Code    32  stm32f0xx_rcc.o(.text)
    RCC_LSEConfig                            0x08000d87   Thumb Code    34  stm32f0xx_rcc.o(.text)
    RCC_LSEDriveConfig                       0x08000da9   Thumb Code    22  stm32f0xx_rcc.o(.text)
    RCC_LSICmd                               0x08000dbf   Thumb Code    32  stm32f0xx_rcc.o(.text)
    RCC_PLLConfig                            0x08000ddf   Thumb Code    30  stm32f0xx_rcc.o(.text)
    RCC_PLLCmd                               0x08000dfd   Thumb Code    36  stm32f0xx_rcc.o(.text)
    RCC_PREDIV1Config                        0x08000e21   Thumb Code    24  stm32f0xx_rcc.o(.text)
    RCC_ClockSecuritySystemCmd               0x08000e39   Thumb Code    36  stm32f0xx_rcc.o(.text)
    RCC_MCOConfig                            0x08000e5d   Thumb Code     6  stm32f0xx_rcc.o(.text)
    RCC_SYSCLKConfig                         0x08000e63   Thumb Code    24  stm32f0xx_rcc.o(.text)
    RCC_GetSYSCLKSource                      0x08000e7b   Thumb Code    10  stm32f0xx_rcc.o(.text)
    RCC_HCLKConfig                           0x08000e85   Thumb Code    28  stm32f0xx_rcc.o(.text)
    RCC_PCLKConfig                           0x08000ea1   Thumb Code    30  stm32f0xx_rcc.o(.text)
    RCC_ADCCLKConfig                         0x08000ebf   Thumb Code    52  stm32f0xx_rcc.o(.text)
    RCC_CECCLKConfig                         0x08000ef3   Thumb Code    22  stm32f0xx_rcc.o(.text)
    RCC_I2CCLKConfig                         0x08000f09   Thumb Code    22  stm32f0xx_rcc.o(.text)
    RCC_USARTCLKConfig                       0x08000f1f   Thumb Code    22  stm32f0xx_rcc.o(.text)
    RCC_GetClocksFreq                        0x08000f35   Thumb Code   368  stm32f0xx_rcc.o(.text)
    RCC_RTCCLKConfig                         0x080010a5   Thumb Code    12  stm32f0xx_rcc.o(.text)
    RCC_RTCCLKCmd                            0x080010b1   Thumb Code    36  stm32f0xx_rcc.o(.text)
    RCC_BackupResetCmd                       0x080010d5   Thumb Code    36  stm32f0xx_rcc.o(.text)
    RCC_AHBPeriphClockCmd                    0x080010f9   Thumb Code    28  stm32f0xx_rcc.o(.text)
    RCC_APB2PeriphClockCmd                   0x08001115   Thumb Code    28  stm32f0xx_rcc.o(.text)
    RCC_APB1PeriphClockCmd                   0x08001131   Thumb Code    28  stm32f0xx_rcc.o(.text)
    RCC_AHBPeriphResetCmd                    0x0800114d   Thumb Code    28  stm32f0xx_rcc.o(.text)
    RCC_APB2PeriphResetCmd                   0x08001169   Thumb Code    28  stm32f0xx_rcc.o(.text)
    RCC_APB1PeriphResetCmd                   0x08001185   Thumb Code    28  stm32f0xx_rcc.o(.text)
    RCC_ITConfig                             0x080011a1   Thumb Code    28  stm32f0xx_rcc.o(.text)
    RCC_ClearFlag                            0x080011bd   Thumb Code    16  stm32f0xx_rcc.o(.text)
    RCC_GetITStatus                          0x080011cd   Thumb Code    20  stm32f0xx_rcc.o(.text)
    RCC_ClearITPendingBit                    0x080011e1   Thumb Code     6  stm32f0xx_rcc.o(.text)
    ADC_DeInit                               0x080011f5   Thumb Code    28  stm32f0xx_adc.o(.text)
    ADC_Init                                 0x08001211   Thumb Code    40  stm32f0xx_adc.o(.text)
    ADC_StructInit                           0x08001239   Thumb Code    16  stm32f0xx_adc.o(.text)
    ADC_Cmd                                  0x08001249   Thumb Code    24  stm32f0xx_adc.o(.text)
    ADC_JitterCmd                            0x08001261   Thumb Code    20  stm32f0xx_adc.o(.text)
    ADC_AutoPowerOffCmd                      0x08001275   Thumb Code    28  stm32f0xx_adc.o(.text)
    ADC_WaitModeCmd                          0x08001291   Thumb Code    28  stm32f0xx_adc.o(.text)
    ADC_AnalogWatchdogCmd                    0x080012ad   Thumb Code    28  stm32f0xx_adc.o(.text)
    ADC_AnalogWatchdogThresholdsConfig       0x080012c9   Thumb Code     8  stm32f0xx_adc.o(.text)
    ADC_AnalogWatchdogSingleChannelConfig    0x080012d1   Thumb Code    28  stm32f0xx_adc.o(.text)
    ADC_AnalogWatchdogSingleChannelCmd       0x080012ed   Thumb Code    28  stm32f0xx_adc.o(.text)
    ADC_TempSensorCmd                        0x08001309   Thumb Code    36  stm32f0xx_adc.o(.text)
    ADC_VrefintCmd                           0x0800132d   Thumb Code    36  stm32f0xx_adc.o(.text)
    ADC_VbatCmd                              0x08001351   Thumb Code    36  stm32f0xx_adc.o(.text)
    ADC_ChannelConfig                        0x08001375   Thumb Code    24  stm32f0xx_adc.o(.text)
    ADC_ContinuousModeCmd                    0x0800138d   Thumb Code    28  stm32f0xx_adc.o(.text)
    ADC_DiscModeCmd                          0x080013a9   Thumb Code    28  stm32f0xx_adc.o(.text)
    ADC_OverrunModeCmd                       0x080013c5   Thumb Code    28  stm32f0xx_adc.o(.text)
    ADC_GetCalibrationFactor                 0x080013e1   Thumb Code    58  stm32f0xx_adc.o(.text)
    ADC_StopOfConversion                     0x0800141b   Thumb Code    10  stm32f0xx_adc.o(.text)
    ADC_StartOfConversion                    0x08001425   Thumb Code    10  stm32f0xx_adc.o(.text)
    ADC_GetConversionValue                   0x0800142f   Thumb Code     8  stm32f0xx_adc.o(.text)
    ADC_DMACmd                               0x08001437   Thumb Code    24  stm32f0xx_adc.o(.text)
    ADC_DMARequestModeConfig                 0x0800144f   Thumb Code    16  stm32f0xx_adc.o(.text)
    ADC_ITConfig                             0x0800145f   Thumb Code    20  stm32f0xx_adc.o(.text)
    ADC_GetFlagStatus                        0x08001473   Thumb Code    44  stm32f0xx_adc.o(.text)
    ADC_ClearFlag                            0x0800149f   Thumb Code     4  stm32f0xx_adc.o(.text)
    ADC_GetITStatus                          0x080014a3   Thumb Code    32  stm32f0xx_adc.o(.text)
    ADC_ClearITPendingBit                    0x080014c3   Thumb Code     4  stm32f0xx_adc.o(.text)
    NVIC_Init                                0x080014d5   Thumb Code   106  stm32f0xx_misc.o(.text)
    NVIC_SystemLPConfig                      0x0800153f   Thumb Code    28  stm32f0xx_misc.o(.text)
    SysTick_CLKSourceConfig                  0x0800155b   Thumb Code    32  stm32f0xx_misc.o(.text)
    TIM_DeInit                               0x08001589   Thumb Code   204  stm32f0xx_tim.o(.text)
    TIM_TimeBaseInit                         0x08001655   Thumb Code    90  stm32f0xx_tim.o(.text)
    TIM_TimeBaseStructInit                   0x080016af   Thumb Code    18  stm32f0xx_tim.o(.text)
    TIM_PrescalerConfig                      0x080016c1   Thumb Code     6  stm32f0xx_tim.o(.text)
    TIM_CounterModeConfig                    0x080016c7   Thumb Code    20  stm32f0xx_tim.o(.text)
    TIM_SetCounter                           0x080016db   Thumb Code     4  stm32f0xx_tim.o(.text)
    TIM_SetAutoreload                        0x080016df   Thumb Code     4  stm32f0xx_tim.o(.text)
    TIM_GetCounter                           0x080016e3   Thumb Code     6  stm32f0xx_tim.o(.text)
    TIM_GetPrescaler                         0x080016e9   Thumb Code     6  stm32f0xx_tim.o(.text)
    TIM_UpdateDisableConfig                  0x080016ef   Thumb Code    26  stm32f0xx_tim.o(.text)
    TIM_UpdateRequestConfig                  0x08001709   Thumb Code    26  stm32f0xx_tim.o(.text)
    TIM_ARRPreloadConfig                     0x08001723   Thumb Code    26  stm32f0xx_tim.o(.text)
    TIM_SelectOnePulseMode                   0x0800173d   Thumb Code    18  stm32f0xx_tim.o(.text)
    TIM_SetClockDivision                     0x0800174f   Thumb Code    16  stm32f0xx_tim.o(.text)
    TIM_Cmd                                  0x0800175f   Thumb Code    26  stm32f0xx_tim.o(.text)
    TIM_BDTRConfig                           0x08001779   Thumb Code    32  stm32f0xx_tim.o(.text)
    TIM_BDTRStructInit                       0x08001799   Thumb Code    18  stm32f0xx_tim.o(.text)
    TIM_CtrlPWMOutputs                       0x080017ab   Thumb Code    34  stm32f0xx_tim.o(.text)
    TIM_OC1Init                              0x080017cd   Thumb Code   122  stm32f0xx_tim.o(.text)
    TIM_OC2Init                              0x08001847   Thumb Code   132  stm32f0xx_tim.o(.text)
    TIM_OC3Init                              0x080018cb   Thumb Code   124  stm32f0xx_tim.o(.text)
    TIM_OC4Init                              0x08001947   Thumb Code   150  stm32f0xx_tim.o(.text)
    TIM_OCStructInit                         0x080019dd   Thumb Code    20  stm32f0xx_tim.o(.text)
    TIM_SelectOCxM                           0x080019f1   Thumb Code    82  stm32f0xx_tim.o(.text)
    TIM_SetCompare1                          0x08001a43   Thumb Code     4  stm32f0xx_tim.o(.text)
    TIM_SetCompare2                          0x08001a47   Thumb Code     4  stm32f0xx_tim.o(.text)
    TIM_SetCompare3                          0x08001a4b   Thumb Code     4  stm32f0xx_tim.o(.text)
    TIM_SetCompare4                          0x08001a4f   Thumb Code     4  stm32f0xx_tim.o(.text)
    TIM_ForcedOC1Config                      0x08001a53   Thumb Code    20  stm32f0xx_tim.o(.text)
    TIM_ForcedOC2Config                      0x08001a67   Thumb Code    20  stm32f0xx_tim.o(.text)
    TIM_ForcedOC3Config                      0x08001a7b   Thumb Code    20  stm32f0xx_tim.o(.text)
    TIM_ForcedOC4Config                      0x08001a8f   Thumb Code    20  stm32f0xx_tim.o(.text)
    TIM_CCPreloadControl                     0x08001aa3   Thumb Code    26  stm32f0xx_tim.o(.text)
    TIM_OC1PreloadConfig                     0x08001abd   Thumb Code    22  stm32f0xx_tim.o(.text)
    TIM_OC2PreloadConfig                     0x08001ad3   Thumb Code    20  stm32f0xx_tim.o(.text)
    TIM_OC3PreloadConfig                     0x08001ae7   Thumb Code    22  stm32f0xx_tim.o(.text)
    TIM_OC4PreloadConfig                     0x08001afd   Thumb Code    20  stm32f0xx_tim.o(.text)
    TIM_OC1FastConfig                        0x08001b11   Thumb Code    22  stm32f0xx_tim.o(.text)
    TIM_OC2FastConfig                        0x08001b27   Thumb Code    20  stm32f0xx_tim.o(.text)
    TIM_OC3FastConfig                        0x08001b3b   Thumb Code    22  stm32f0xx_tim.o(.text)
    TIM_OC4FastConfig                        0x08001b51   Thumb Code    20  stm32f0xx_tim.o(.text)
    TIM_ClearOC1Ref                          0x08001b65   Thumb Code    22  stm32f0xx_tim.o(.text)
    TIM_ClearOC2Ref                          0x08001b7b   Thumb Code    20  stm32f0xx_tim.o(.text)
    TIM_ClearOC3Ref                          0x08001b8f   Thumb Code    22  stm32f0xx_tim.o(.text)
    TIM_ClearOC4Ref                          0x08001ba5   Thumb Code    20  stm32f0xx_tim.o(.text)
    TIM_OC1PolarityConfig                    0x08001bb9   Thumb Code    22  stm32f0xx_tim.o(.text)
    TIM_OC1NPolarityConfig                   0x08001bcf   Thumb Code    22  stm32f0xx_tim.o(.text)
    TIM_OC2PolarityConfig                    0x08001be5   Thumb Code    22  stm32f0xx_tim.o(.text)
    TIM_OC2NPolarityConfig                   0x08001bfb   Thumb Code    22  stm32f0xx_tim.o(.text)
    TIM_OC3PolarityConfig                    0x08001c11   Thumb Code    20  stm32f0xx_tim.o(.text)
    TIM_OC3NPolarityConfig                   0x08001c25   Thumb Code    20  stm32f0xx_tim.o(.text)
    TIM_OC4PolarityConfig                    0x08001c39   Thumb Code    20  stm32f0xx_tim.o(.text)
    TIM_SelectOCREFClear                     0x08001c4d   Thumb Code    18  stm32f0xx_tim.o(.text)
    TIM_CCxCmd                               0x08001c5f   Thumb Code    30  stm32f0xx_tim.o(.text)
    TIM_CCxNCmd                              0x08001c7d   Thumb Code    30  stm32f0xx_tim.o(.text)
    TIM_SelectCOM                            0x08001c9b   Thumb Code    26  stm32f0xx_tim.o(.text)
    TIM_SetIC4Prescaler                      0x08001cb5   Thumb Code    20  stm32f0xx_tim.o(.text)
    TIM_SetIC3Prescaler                      0x08001d0b   Thumb Code    18  stm32f0xx_tim.o(.text)
    TIM_SetIC2Prescaler                      0x08001d5f   Thumb Code    20  stm32f0xx_tim.o(.text)
    TIM_SetIC1Prescaler                      0x08001de9   Thumb Code    16  stm32f0xx_tim.o(.text)
    TIM_ICInit                               0x08001e2f   Thumb Code   112  stm32f0xx_tim.o(.text)
    TIM_ICStructInit                         0x08001e9f   Thumb Code    18  stm32f0xx_tim.o(.text)
    TIM_PWMIConfig                           0x08001eb1   Thumb Code   124  stm32f0xx_tim.o(.text)
    TIM_GetCapture1                          0x08001f2d   Thumb Code     6  stm32f0xx_tim.o(.text)
    TIM_GetCapture2                          0x08001f33   Thumb Code     6  stm32f0xx_tim.o(.text)
    TIM_GetCapture3                          0x08001f39   Thumb Code     6  stm32f0xx_tim.o(.text)
    TIM_GetCapture4                          0x08001f3f   Thumb Code     6  stm32f0xx_tim.o(.text)
    TIM_ITConfig                             0x08001f45   Thumb Code    20  stm32f0xx_tim.o(.text)
    TIM_GenerateEvent                        0x08001f59   Thumb Code     4  stm32f0xx_tim.o(.text)
    TIM_GetFlagStatus                        0x08001f5d   Thumb Code    18  stm32f0xx_tim.o(.text)
    TIM_ClearFlag                            0x08001f6f   Thumb Code     6  stm32f0xx_tim.o(.text)
    TIM_GetITStatus                          0x08001f75   Thumb Code    38  stm32f0xx_tim.o(.text)
    TIM_ClearITPendingBit                    0x08001f9b   Thumb Code     6  stm32f0xx_tim.o(.text)
    TIM_DMAConfig                            0x08001fa1   Thumb Code    12  stm32f0xx_tim.o(.text)
    TIM_DMACmd                               0x08001fad   Thumb Code    20  stm32f0xx_tim.o(.text)
    TIM_SelectCCDMA                          0x08001fc1   Thumb Code    26  stm32f0xx_tim.o(.text)
    TIM_InternalClockConfig                  0x08001fdb   Thumb Code    12  stm32f0xx_tim.o(.text)
    TIM_SelectInputTrigger                   0x08001fe7   Thumb Code    22  stm32f0xx_tim.o(.text)
    TIM_ITRxExternalClockConfig              0x08001ffd   Thumb Code    24  stm32f0xx_tim.o(.text)
    TIM_TIxExternalClockConfig               0x08002015   Thumb Code    58  stm32f0xx_tim.o(.text)
    TIM_ETRConfig                            0x0800204f   Thumb Code    24  stm32f0xx_tim.o(.text)
    TIM_ETRClockMode1Config                  0x08002067   Thumb Code    48  stm32f0xx_tim.o(.text)
    TIM_ETRClockMode2Config                  0x08002097   Thumb Code    34  stm32f0xx_tim.o(.text)
    TIM_SelectOutputTrigger                  0x080020b9   Thumb Code    18  stm32f0xx_tim.o(.text)
    TIM_SelectSlaveMode                      0x080020cb   Thumb Code    18  stm32f0xx_tim.o(.text)
    TIM_SelectMasterSlaveMode                0x080020dd   Thumb Code    18  stm32f0xx_tim.o(.text)
    TIM_EncoderInterfaceConfig               0x080020ef   Thumb Code    60  stm32f0xx_tim.o(.text)
    TIM_SelectHallSensor                     0x0800212b   Thumb Code    26  stm32f0xx_tim.o(.text)
    TIM_RemapConfig                          0x08002145   Thumb Code     6  stm32f0xx_tim.o(.text)
    USART_DeInit                             0x08002155   Thumb Code    56  stm32f0xx_usart.o(.text)
    USART_Init                               0x0800218d   Thumb Code   230  stm32f0xx_usart.o(.text)
    USART_StructInit                         0x08002273   Thumb Code    24  stm32f0xx_usart.o(.text)
    USART_ClockInit                          0x0800228b   Thumb Code    36  stm32f0xx_usart.o(.text)
    USART_ClockStructInit                    0x080022af   Thumb Code    12  stm32f0xx_usart.o(.text)
    USART_Cmd                                0x080022bb   Thumb Code    24  stm32f0xx_usart.o(.text)
    USART_DirectionModeCmd                   0x080022d3   Thumb Code    20  stm32f0xx_usart.o(.text)
    USART_OverSampling8Cmd                   0x080022e7   Thumb Code    28  stm32f0xx_usart.o(.text)
    USART_OneBitMethodCmd                    0x08002303   Thumb Code    28  stm32f0xx_usart.o(.text)
    USART_MSBFirstCmd                        0x0800231f   Thumb Code    28  stm32f0xx_usart.o(.text)
    USART_DataInvCmd                         0x0800233b   Thumb Code    28  stm32f0xx_usart.o(.text)
    USART_InvPinCmd                          0x08002357   Thumb Code    20  stm32f0xx_usart.o(.text)
    USART_SWAPPinCmd                         0x0800236b   Thumb Code    28  stm32f0xx_usart.o(.text)
    USART_ReceiverTimeOutCmd                 0x08002387   Thumb Code    28  stm32f0xx_usart.o(.text)
    USART_SetReceiverTimeOut                 0x080023a3   Thumb Code    16  stm32f0xx_usart.o(.text)
    USART_SetPrescaler                       0x080023b3   Thumb Code    18  stm32f0xx_usart.o(.text)
    USART_STOPModeCmd                        0x080023c5   Thumb Code    24  stm32f0xx_usart.o(.text)
    USART_StopModeWakeUpSourceConfig         0x080023dd   Thumb Code    18  stm32f0xx_usart.o(.text)
    USART_AutoBaudRateCmd                    0x080023ef   Thumb Code    28  stm32f0xx_usart.o(.text)
    USART_AutoBaudRateConfig                 0x0800240b   Thumb Code    18  stm32f0xx_usart.o(.text)
    USART_AutoBaudRateNewRequest             0x0800241d   Thumb Code    12  stm32f0xx_usart.o(.text)
    USART_SendData                           0x08002429   Thumb Code     8  stm32f0xx_usart.o(.text)
    USART_ReceiveData                        0x08002431   Thumb Code    10  stm32f0xx_usart.o(.text)
    USART_SetAddress                         0x0800243b   Thumb Code    18  stm32f0xx_usart.o(.text)
    USART_MuteModeCmd                        0x0800244d   Thumb Code    28  stm32f0xx_usart.o(.text)
    USART_MuteModeWakeUpConfig               0x08002469   Thumb Code    18  stm32f0xx_usart.o(.text)
    USART_AddressDetectionConfig             0x0800247b   Thumb Code    16  stm32f0xx_usart.o(.text)
    USART_LINBreakDetectLengthConfig         0x0800248b   Thumb Code    16  stm32f0xx_usart.o(.text)
    USART_LINCmd                             0x0800249b   Thumb Code    28  stm32f0xx_usart.o(.text)
    USART_HalfDuplexCmd                      0x080024b7   Thumb Code    24  stm32f0xx_usart.o(.text)
    USART_SetGuardTime                       0x080024cf   Thumb Code    16  stm32f0xx_usart.o(.text)
    USART_SmartCardCmd                       0x080024df   Thumb Code    24  stm32f0xx_usart.o(.text)
    USART_SmartCardNACKCmd                   0x080024f7   Thumb Code    24  stm32f0xx_usart.o(.text)
    USART_SetAutoRetryCount                  0x0800250f   Thumb Code    20  stm32f0xx_usart.o(.text)
    USART_SetBlockLength                     0x08002523   Thumb Code    30  stm32f0xx_usart.o(.text)
    USART_IrDAConfig                         0x08002541   Thumb Code    16  stm32f0xx_usart.o(.text)
    USART_IrDACmd                            0x08002551   Thumb Code    24  stm32f0xx_usart.o(.text)
    USART_DECmd                              0x08002569   Thumb Code    28  stm32f0xx_usart.o(.text)
    USART_DEPolarityConfig                   0x08002585   Thumb Code    18  stm32f0xx_usart.o(.text)
    USART_SetDEAssertionTime                 0x08002597   Thumb Code    20  stm32f0xx_usart.o(.text)
    USART_SetDEDeassertionTime               0x080025ab   Thumb Code    20  stm32f0xx_usart.o(.text)
    USART_DMACmd                             0x080025bf   Thumb Code    20  stm32f0xx_usart.o(.text)
    USART_DMAReceptionErrorConfig            0x080025d3   Thumb Code    18  stm32f0xx_usart.o(.text)
    USART_ITConfig                           0x080025e5   Thumb Code    66  stm32f0xx_usart.o(.text)
    USART_RequestCmd                         0x08002627   Thumb Code    20  stm32f0xx_usart.o(.text)
    USART_OverrunDetectionConfig             0x0800263b   Thumb Code    18  stm32f0xx_usart.o(.text)
    USART_GetFlagStatus                      0x0800264d   Thumb Code    18  stm32f0xx_usart.o(.text)
    USART_ClearFlag                          0x0800265f   Thumb Code     4  stm32f0xx_usart.o(.text)
    USART_GetITStatus                        0x08002663   Thumb Code    78  stm32f0xx_usart.o(.text)
    USART_ClearITPendingBit                  0x080026b1   Thumb Code    18  stm32f0xx_usart.o(.text)
    __aeabi_uidiv                            0x080026c3   Thumb Code     0  uidiv.o(.text)
    __aeabi_uidivmod                         0x080026c3   Thumb Code    44  uidiv.o(.text)
    __aeabi_dadd                             0x080026f1   Thumb Code   326  dadd.o(.text)
    __aeabi_dsub                             0x08002837   Thumb Code    12  dadd.o(.text)
    __aeabi_drsub                            0x08002843   Thumb Code    12  dadd.o(.text)
    __aeabi_dmul                             0x08002855   Thumb Code   202  dmul.o(.text)
    __aeabi_ui2d                             0x08002925   Thumb Code    24  dfltui.o(.text)
    __aeabi_f2d                              0x08002941   Thumb Code    40  f2d.o(.text)
    __aeabi_d2f                              0x08002969   Thumb Code    56  d2f.o(.text)
    __aeabi_uldivmod                         0x080029a1   Thumb Code    96  uldiv.o(.text)
    __aeabi_llsl                             0x08002a01   Thumb Code    32  llshl.o(.text)
    _ll_shift_l                              0x08002a01   Thumb Code     0  llshl.o(.text)
    __aeabi_lasr                             0x08002a21   Thumb Code    38  llsshr.o(.text)
    _ll_sshift_r                             0x08002a21   Thumb Code     0  llsshr.o(.text)
    __I$use$fp                               0x08002a47   Thumb Code     0  iusefp.o(.text)
    _float_round                             0x08002a47   Thumb Code    16  fepilogue.o(.text)
    _float_epilogue                          0x08002a57   Thumb Code   116  fepilogue.o(.text)
    _double_round                            0x08002acb   Thumb Code    26  depilogue.o(.text)
    _double_epilogue                         0x08002ae5   Thumb Code   166  depilogue.o(.text)
    __aeabi_ddiv                             0x08002b8d   Thumb Code   234  ddiv.o(.text)
    __aeabi_d2ulz                            0x08002c7d   Thumb Code    54  dfixul.o(.text)
    __aeabi_cdrcmple                         0x08002cbd   Thumb Code    38  cdrcmple.o(.text)
    __scatterload                            0x08002ce5   Thumb Code    28  init.o(.text)
    __scatterload_rt2                        0x08002ce5   Thumb Code     0  init.o(.text)
    __aeabi_llsr                             0x08002d09   Thumb Code    34  llushr.o(.text)
    _ll_ushift_r                             0x08002d09   Thumb Code     0  llushr.o(.text)
    __0printf                                0x08002d2d   Thumb Code    24  printfa.o(i.__0printf)
    __1printf                                0x08002d2d   Thumb Code     0  printfa.o(i.__0printf)
    __2printf                                0x08002d2d   Thumb Code     0  printfa.o(i.__0printf)
    __c89printf                              0x08002d2d   Thumb Code     0  printfa.o(i.__0printf)
    printf                                   0x08002d2d   Thumb Code     0  printfa.o(i.__0printf)
    __ARM_clz                                0x08002d4d   Thumb Code    46  depilogue.o(i.__ARM_clz)
    __scatterload_copy                       0x08002d7b   Thumb Code    14  handlers.o(i.__scatterload_copy)
    __scatterload_null                       0x08002d89   Thumb Code     2  handlers.o(i.__scatterload_null)
    __scatterload_zeroinit                   0x08002d8b   Thumb Code    14  handlers.o(i.__scatterload_zeroinit)
    Region$$Table$$Base                      0x08003634   Number         0  anon$$obj.o(Region$$Table)
    Region$$Table$$Limit                     0x08003654   Number         0  anon$$obj.o(Region$$Table)
    SystemCoreClock                          0x20000000   Data           4  system_stm32f0xx.o(.data)
    AHBPrescTable                            0x20000004   Data          16  system_stm32f0xx.o(.data)
    SM_Temp                                  0x20000014   Data           4  main.o(.data)
    count_1                                  0x2000001c   Data           2  timer.o(.data)
    count_2                                  0x2000001e   Data           2  timer.o(.data)
    Value_temp                               0x20000020   Data           2  timer.o(.data)
    __stdout                                 0x20000024   Data           4  usart.o(.data)
    ADC_Test                                 0x20000038   Data         100  timer.o(.bss)
    __initial_sp                             0x200004a0   Data           0  startup_stm32f0xx.o(STACK)



==============================================================================

Memory Map of the image

  Image Entry point : 0x080000c1

  Load Region LR_IROM1 (Base: 0x08000000, Size: 0x0000368c, Max: 0x00010000, ABSOLUTE)

    Execution Region ER_IROM1 (Base: 0x08000000, Size: 0x00003654, Max: 0x00010000, ABSOLUTE)

    Base Addr    Size         Type   Attr      Idx    E Section Name        Object

    0x08000000   0x000000c0   Data   RO            3    RESET               startup_stm32f0xx.o
    0x080000c0   0x00000000   Code   RO          519  * .ARM.Collect$$$$00000000  mc_p.l(entry.o)
    0x080000c0   0x00000004   Code   RO          795    .ARM.Collect$$$$00000001  mc_p.l(entry2.o)
    0x080000c4   0x00000004   Code   RO          798    .ARM.Collect$$$$00000004  mc_p.l(entry5.o)
    0x080000c8   0x00000000   Code   RO          800    .ARM.Collect$$$$00000008  mc_p.l(entry7b.o)
    0x080000c8   0x00000000   Code   RO          802    .ARM.Collect$$$$0000000A  mc_p.l(entry8b.o)
    0x080000c8   0x00000008   Code   RO          803    .ARM.Collect$$$$0000000B  mc_p.l(entry9a.o)
    0x080000d0   0x00000000   Code   RO          805    .ARM.Collect$$$$0000000D  mc_p.l(entry10a.o)
    0x080000d0   0x00000000   Code   RO          807    .ARM.Collect$$$$0000000F  mc_p.l(entry11a.o)
    0x080000d0   0x00000004   Code   RO          796    .ARM.Collect$$$$00002712  mc_p.l(entry2.o)
    0x080000d4   0x0000001c   Code   RO            4    .text               startup_stm32f0xx.o
    0x080000f0   0x00000204   Code   RO           12    .text               system_stm32f0xx.o
    0x080002f4   0x00000014   Code   RO          120    .text               stm32f0xx_it.o
    0x08000308   0x00000058   Code   RO          147    .text               main.o
    0x08000360   0x000000f0   Code   RO          190    .text               systick.o
    0x08000450   0x0000013c   Code   RO          245    .text               timer.o
    0x0800058c   0x00000158   Code   RO          269    .text               usart.o
    0x080006e4   0x00000330   Code   RO          299    .text               mlx90614.o
    0x08000a14   0x000001ec   Code   RO          319    .text               stm32f0xx_gpio.o
    0x08000c00   0x000005f4   Code   RO          339    .text               stm32f0xx_rcc.o
    0x080011f4   0x000002e0   Code   RO          361    .text               stm32f0xx_adc.o
    0x080014d4   0x000000b4   Code   RO          421    .text               stm32f0xx_misc.o
    0x08001588   0x00000bcc   Code   RO          481    .text               stm32f0xx_tim.o
    0x08002154   0x0000056e   Code   RO          501    .text               stm32f0xx_usart.o
    0x080026c2   0x0000002c   Code   RO          522    .text               mc_p.l(uidiv.o)
    0x080026ee   0x00000002   PAD
    0x080026f0   0x00000164   Code   RO          785    .text               mf_p.l(dadd.o)
    0x08002854   0x000000d0   Code   RO          787    .text               mf_p.l(dmul.o)
    0x08002924   0x0000001c   Code   RO          789    .text               mf_p.l(dfltui.o)
    0x08002940   0x00000028   Code   RO          791    .text               mf_p.l(f2d.o)
    0x08002968   0x00000038   Code   RO          793    .text               mf_p.l(d2f.o)
    0x080029a0   0x00000060   Code   RO          809    .text               mc_p.l(uldiv.o)
    0x08002a00   0x00000020   Code   RO          811    .text               mc_p.l(llshl.o)
    0x08002a20   0x00000026   Code   RO          813    .text               mc_p.l(llsshr.o)
    0x08002a46   0x00000000   Code   RO          815    .text               mc_p.l(iusefp.o)
    0x08002a46   0x00000084   Code   RO          816    .text               mf_p.l(fepilogue.o)
    0x08002aca   0x000000c0   Code   RO          818    .text               mf_p.l(depilogue.o)
    0x08002b8a   0x00000002   PAD
    0x08002b8c   0x000000f0   Code   RO          822    .text               mf_p.l(ddiv.o)
    0x08002c7c   0x00000040   Code   RO          824    .text               mf_p.l(dfixul.o)
    0x08002cbc   0x00000028   Code   RO          826    .text               mf_p.l(cdrcmple.o)
    0x08002ce4   0x00000024   Code   RO          828    .text               mc_p.l(init.o)
    0x08002d08   0x00000022   Code   RO          830    .text               mc_p.l(llushr.o)
    0x08002d2a   0x00000002   PAD
    0x08002d2c   0x00000020   Code   RO          757    i.__0printf         mc_p.l(printfa.o)
    0x08002d4c   0x0000002e   Code   RO          820    i.__ARM_clz         mf_p.l(depilogue.o)
    0x08002d7a   0x0000000e   Code   RO          834    i.__scatterload_copy  mc_p.l(handlers.o)
    0x08002d88   0x00000002   Code   RO          835    i.__scatterload_null  mc_p.l(handlers.o)
    0x08002d8a   0x0000000e   Code   RO          836    i.__scatterload_zeroinit  mc_p.l(handlers.o)
    0x08002d98   0x00000158   Code   RO          764    i._fp_digits        mc_p.l(printfa.o)
    0x08002ef0   0x000006f8   Code   RO          765    i._printf_core      mc_p.l(printfa.o)
    0x080035e8   0x00000020   Code   RO          766    i._printf_post_padding  mc_p.l(printfa.o)
    0x08003608   0x0000002c   Code   RO          767    i._printf_pre_padding  mc_p.l(printfa.o)
    0x08003634   0x00000020   Data   RO          832    Region$$Table       anon$$obj.o


    Execution Region RW_IRAM1 (Base: 0x20000000, Size: 0x000004a0, Max: 0x00002000, ABSOLUTE)

    Base Addr    Size         Type   Attr      Idx    E Section Name        Object

    0x20000000   0x00000014   Data   RW           13    .data               system_stm32f0xx.o
    0x20000014   0x00000004   Data   RW          148    .data               main.o
    0x20000018   0x00000004   Data   RW          191    .data               systick.o
    0x2000001c   0x00000006   Data   RW          247    .data               timer.o
    0x20000022   0x00000002   PAD
    0x20000024   0x00000004   Data   RW          270    .data               usart.o
    0x20000028   0x00000010   Data   RW          340    .data               stm32f0xx_rcc.o
    0x20000038   0x00000064   Zero   RW          246    .bss                timer.o
    0x2000009c   0x00000004   PAD
    0x200000a0   0x00000400   Zero   RW            1    STACK               startup_stm32f0xx.o


==============================================================================

Image component sizes


      Code (inc. data)   RO Data    RW Data    ZI Data      Debug   Object Name

        88         26          0          4          0        673   main.o
       816         20          0          0          0       3858   mlx90614.o
        28          8        192          0       1024        612   startup_stm32f0xx.o
       736         14          0          0          0       6771   stm32f0xx_adc.o
       492         22          0          0          0       3609   stm32f0xx_gpio.o
        20          0          0          0          0        983   stm32f0xx_it.o
       180         14          0          0          0       1292   stm32f0xx_misc.o
      1524         44          0         16          0       8422   stm32f0xx_rcc.o
      3020        120          0          0          0      22205   stm32f0xx_tim.o
      1390         12          0          0          0      11967   stm32f0xx_usart.o
       516         32          0         20          0     141871   system_stm32f0xx.o
       240         26          0          4          0       7170   systick.o
       316         94          0          6        100       1421   timer.o
       344         10          0          4          0       4087   usart.o

    ----------------------------------------------------------------------
      9710        442        224         56       1128     214941   Object Totals
         0          0         32          0          0          0   (incl. Generated)
         0          0          0          2          4          0   (incl. Padding)

    ----------------------------------------------------------------------

      Code (inc. data)   RO Data    RW Data    ZI Data      Debug   Library Member Name

         0          0          0          0          0          0   entry.o
         0          0          0          0          0          0   entry10a.o
         0          0          0          0          0          0   entry11a.o
         8          4          0          0          0          0   entry2.o
         4          0          0          0          0          0   entry5.o
         0          0          0          0          0          0   entry7b.o
         0          0          0          0          0          0   entry8b.o
         8          4          0          0          0          0   entry9a.o
        30          0          0          0          0          0   handlers.o
        36          8          0          0          0         68   init.o
         0          0          0          0          0          0   iusefp.o
        32          0          0          0          0         68   llshl.o
        38          0          0          0          0         68   llsshr.o
        34          0          0          0          0         68   llushr.o
      2236        102          0          0          0        412   printfa.o
        44          0          0          0          0         72   uidiv.o
        96          0          0          0          0         84   uldiv.o
        40          2          0          0          0         68   cdrcmple.o
        56          0          0          0          0         68   d2f.o
       356          6          0          0          0        140   dadd.o
       240          6          0          0          0         84   ddiv.o
       238          0          0          0          0        216   depilogue.o
        64         10          0          0          0         68   dfixul.o
        28          4          0          0          0         68   dfltui.o
       208          6          0          0          0         88   dmul.o
        40          0          0          0          0         60   f2d.o
       132          0          0          0          0        144   fepilogue.o

    ----------------------------------------------------------------------
      3974        152          0          0          0       1844   Library Totals
         6          0          0          0          0          0   (incl. Padding)

    ----------------------------------------------------------------------

      Code (inc. data)   RO Data    RW Data    ZI Data      Debug   Library Name

      2566        118          0          0          0        840   mc_p.l
      1402         34          0          0          0       1004   mf_p.l

    ----------------------------------------------------------------------
      3974        152          0          0          0       1844   Library Totals

    ----------------------------------------------------------------------

==============================================================================


      Code (inc. data)   RO Data    RW Data    ZI Data      Debug   

     13684        594        224         56       1128     214745   Grand Totals
     13684        594        224         56       1128     214745   ELF Image Totals
     13684        594        224         56          0          0   ROM Totals

==============================================================================

    Total RO  Size (Code + RO Data)                13908 (  13.58kB)
    Total RW  Size (RW Data + ZI Data)              1184 (   1.16kB)
    Total ROM Size (Code + RO Data + RW Data)      13964 (  13.64kB)

==============================================================================

