<!doctype html public "-//w3c//dtd html 4.0 transitional//en">
<html><head>
<title>Static Call Graph - [.\systick.axf]</title></head>
<body><HR>
<H1>Static Call Graph for image .\systick.axf</H1><HR>
<BR><P>#&#060CALLGRAPH&#062# ARM Linker, 5.03 [Build 76]: Last Updated: Thu May 07 10:00:47 2015
<BR><P>
<H3>Maximum Stack Usage =        168 bytes + Unknown(Cycles, Untraceable Function Pointers)</H3><H3>
Call chain for Maximum Stack Depth:</H3>
main &rArr; SMBus_ReadTemp &rArr; __aeabi_dmul &rArr; _double_epilogue &rArr; __aeabi_llsr
<P>
<H3>
Mutually Recursive functions
</H3> <LI><a href="#[12]">ADC1_COMP_IRQHandler</a>&nbsp;&nbsp;&nbsp;&rArr;&nbsp;&nbsp;&nbsp;<a href="#[12]">ADC1_COMP_IRQHandler</a><BR>
</UL>
<P>
<H3>
Function Pointers
</H3><UL>
 <LI><a href="#[12]">ADC1_COMP_IRQHandler</a> from startup_stm32f0xx.o(.text) referenced from startup_stm32f0xx.o(RESET)
 <LI><a href="#[22]">CEC_IRQHandler</a> from startup_stm32f0xx.o(.text) referenced from startup_stm32f0xx.o(RESET)
 <LI><a href="#[f]">DMA1_Channel1_IRQHandler</a> from startup_stm32f0xx.o(.text) referenced from startup_stm32f0xx.o(RESET)
 <LI><a href="#[10]">DMA1_Channel2_3_IRQHandler</a> from startup_stm32f0xx.o(.text) referenced from startup_stm32f0xx.o(RESET)
 <LI><a href="#[11]">DMA1_Channel4_5_IRQHandler</a> from startup_stm32f0xx.o(.text) referenced from startup_stm32f0xx.o(RESET)
 <LI><a href="#[b]">EXTI0_1_IRQHandler</a> from startup_stm32f0xx.o(.text) referenced from startup_stm32f0xx.o(RESET)
 <LI><a href="#[c]">EXTI2_3_IRQHandler</a> from startup_stm32f0xx.o(.text) referenced from startup_stm32f0xx.o(RESET)
 <LI><a href="#[d]">EXTI4_15_IRQHandler</a> from stm32f0xx_it.o(.text) referenced from startup_stm32f0xx.o(RESET)
 <LI><a href="#[9]">FLASH_IRQHandler</a> from startup_stm32f0xx.o(.text) referenced from startup_stm32f0xx.o(RESET)
 <LI><a href="#[2]">HardFault_Handler</a> from stm32f0xx_it.o(.text) referenced from startup_stm32f0xx.o(RESET)
 <LI><a href="#[1c]">I2C1_IRQHandler</a> from startup_stm32f0xx.o(.text) referenced from startup_stm32f0xx.o(RESET)
 <LI><a href="#[1d]">I2C2_IRQHandler</a> from startup_stm32f0xx.o(.text) referenced from startup_stm32f0xx.o(RESET)
 <LI><a href="#[1]">NMI_Handler</a> from stm32f0xx_it.o(.text) referenced from startup_stm32f0xx.o(RESET)
 <LI><a href="#[7]">PVD_IRQHandler</a> from startup_stm32f0xx.o(.text) referenced from startup_stm32f0xx.o(RESET)
 <LI><a href="#[4]">PendSV_Handler</a> from stm32f0xx_it.o(.text) referenced from startup_stm32f0xx.o(RESET)
 <LI><a href="#[a]">RCC_IRQHandler</a> from startup_stm32f0xx.o(.text) referenced from startup_stm32f0xx.o(RESET)
 <LI><a href="#[8]">RTC_IRQHandler</a> from startup_stm32f0xx.o(.text) referenced from startup_stm32f0xx.o(RESET)
 <LI><a href="#[0]">Reset_Handler</a> from startup_stm32f0xx.o(.text) referenced from startup_stm32f0xx.o(RESET)
 <LI><a href="#[1e]">SPI1_IRQHandler</a> from startup_stm32f0xx.o(.text) referenced from startup_stm32f0xx.o(RESET)
 <LI><a href="#[1f]">SPI2_IRQHandler</a> from startup_stm32f0xx.o(.text) referenced from startup_stm32f0xx.o(RESET)
 <LI><a href="#[3]">SVC_Handler</a> from stm32f0xx_it.o(.text) referenced from startup_stm32f0xx.o(RESET)
 <LI><a href="#[5]">SysTick_Handler</a> from stm32f0xx_it.o(.text) referenced from startup_stm32f0xx.o(RESET)
 <LI><a href="#[24]">SystemInit</a> from system_stm32f0xx.o(.text) referenced from startup_stm32f0xx.o(.text)
 <LI><a href="#[18]">TIM14_IRQHandler</a> from startup_stm32f0xx.o(.text) referenced from startup_stm32f0xx.o(RESET)
 <LI><a href="#[19]">TIM15_IRQHandler</a> from startup_stm32f0xx.o(.text) referenced from startup_stm32f0xx.o(RESET)
 <LI><a href="#[1a]">TIM16_IRQHandler</a> from startup_stm32f0xx.o(.text) referenced from startup_stm32f0xx.o(RESET)
 <LI><a href="#[1b]">TIM17_IRQHandler</a> from startup_stm32f0xx.o(.text) referenced from startup_stm32f0xx.o(RESET)
 <LI><a href="#[13]">TIM1_BRK_UP_TRG_COM_IRQHandler</a> from startup_stm32f0xx.o(.text) referenced from startup_stm32f0xx.o(RESET)
 <LI><a href="#[14]">TIM1_CC_IRQHandler</a> from startup_stm32f0xx.o(.text) referenced from startup_stm32f0xx.o(RESET)
 <LI><a href="#[15]">TIM2_IRQHandler</a> from startup_stm32f0xx.o(.text) referenced from startup_stm32f0xx.o(RESET)
 <LI><a href="#[16]">TIM3_IRQHandler</a> from timer.o(.text) referenced from startup_stm32f0xx.o(RESET)
 <LI><a href="#[17]">TIM6_DAC_IRQHandler</a> from startup_stm32f0xx.o(.text) referenced from startup_stm32f0xx.o(RESET)
 <LI><a href="#[e]">TS_IRQHandler</a> from startup_stm32f0xx.o(.text) referenced from startup_stm32f0xx.o(RESET)
 <LI><a href="#[20]">USART1_IRQHandler</a> from usart.o(.text) referenced from startup_stm32f0xx.o(RESET)
 <LI><a href="#[21]">USART2_IRQHandler</a> from startup_stm32f0xx.o(.text) referenced from startup_stm32f0xx.o(RESET)
 <LI><a href="#[6]">WWDG_IRQHandler</a> from startup_stm32f0xx.o(.text) referenced from startup_stm32f0xx.o(RESET)
 <LI><a href="#[25]">__main</a> from entry.o(.ARM.Collect$$$$00000000) referenced from startup_stm32f0xx.o(.text)
 <LI><a href="#[26]">fputc</a> from usart.o(.text) referenced from printfa.o(i.__0printf)
 <LI><a href="#[23]">main</a> from main.o(.text) referenced from entry9a.o(.ARM.Collect$$$$0000000B)
</UL>
<P>
<H3>
Global Symbols
</H3>
<P><STRONG><a name="[25]"></a>__main</STRONG> (Thumb, 0 bytes, Stack size unknown bytes, entry.o(.ARM.Collect$$$$00000000))
<BR>[Address Reference Count : 1]<UL><LI> startup_stm32f0xx.o(.text)
</UL>
<P><STRONG><a name="[9c]"></a>_main_stk</STRONG> (Thumb, 0 bytes, Stack size unknown bytes, entry2.o(.ARM.Collect$$$$00000001))

<P><STRONG><a name="[27]"></a>_main_scatterload</STRONG> (Thumb, 0 bytes, Stack size unknown bytes, entry5.o(.ARM.Collect$$$$00000004))
<BR><BR>[Calls]<UL><LI><a href="#[28]">&gt;&gt;</a>&nbsp;&nbsp;&nbsp;__scatterload
</UL>

<P><STRONG><a name="[95]"></a>__main_after_scatterload</STRONG> (Thumb, 0 bytes, Stack size unknown bytes, entry5.o(.ARM.Collect$$$$00000004))
<BR><BR>[Called By]<UL><LI><a href="#[28]">&gt;&gt;</a>&nbsp;&nbsp;&nbsp;__scatterload
</UL>

<P><STRONG><a name="[9d]"></a>_main_clock</STRONG> (Thumb, 0 bytes, Stack size unknown bytes, entry7b.o(.ARM.Collect$$$$00000008))

<P><STRONG><a name="[9e]"></a>_main_cpp_init</STRONG> (Thumb, 0 bytes, Stack size unknown bytes, entry8b.o(.ARM.Collect$$$$0000000A))

<P><STRONG><a name="[9f]"></a>_main_init</STRONG> (Thumb, 0 bytes, Stack size unknown bytes, entry9a.o(.ARM.Collect$$$$0000000B))

<P><STRONG><a name="[a0]"></a>__rt_final_cpp</STRONG> (Thumb, 0 bytes, Stack size unknown bytes, entry10a.o(.ARM.Collect$$$$0000000D))

<P><STRONG><a name="[a1]"></a>__rt_final_exit</STRONG> (Thumb, 0 bytes, Stack size unknown bytes, entry11a.o(.ARM.Collect$$$$0000000F))

<P><STRONG><a name="[0]"></a>Reset_Handler</STRONG> (Thumb, 8 bytes, Stack size 0 bytes, startup_stm32f0xx.o(.text))
<BR>[Address Reference Count : 1]<UL><LI> startup_stm32f0xx.o(RESET)
</UL>
<P><STRONG><a name="[12]"></a>ADC1_COMP_IRQHandler</STRONG> (Thumb, 0 bytes, Stack size 0 bytes, startup_stm32f0xx.o(.text))
<BR><BR>[Calls]<UL><LI><a href="#[12]">&gt;&gt;</a>&nbsp;&nbsp;&nbsp;ADC1_COMP_IRQHandler
</UL>
<BR>[Called By]<UL><LI><a href="#[12]">&gt;&gt;</a>&nbsp;&nbsp;&nbsp;ADC1_COMP_IRQHandler
</UL>
<BR>[Address Reference Count : 1]<UL><LI> startup_stm32f0xx.o(RESET)
</UL>
<P><STRONG><a name="[22]"></a>CEC_IRQHandler</STRONG> (Thumb, 0 bytes, Stack size 0 bytes, startup_stm32f0xx.o(.text))
<BR>[Address Reference Count : 1]<UL><LI> startup_stm32f0xx.o(RESET)
</UL>
<P><STRONG><a name="[f]"></a>DMA1_Channel1_IRQHandler</STRONG> (Thumb, 0 bytes, Stack size 0 bytes, startup_stm32f0xx.o(.text))
<BR>[Address Reference Count : 1]<UL><LI> startup_stm32f0xx.o(RESET)
</UL>
<P><STRONG><a name="[10]"></a>DMA1_Channel2_3_IRQHandler</STRONG> (Thumb, 0 bytes, Stack size 0 bytes, startup_stm32f0xx.o(.text))
<BR>[Address Reference Count : 1]<UL><LI> startup_stm32f0xx.o(RESET)
</UL>
<P><STRONG><a name="[11]"></a>DMA1_Channel4_5_IRQHandler</STRONG> (Thumb, 0 bytes, Stack size 0 bytes, startup_stm32f0xx.o(.text))
<BR>[Address Reference Count : 1]<UL><LI> startup_stm32f0xx.o(RESET)
</UL>
<P><STRONG><a name="[b]"></a>EXTI0_1_IRQHandler</STRONG> (Thumb, 0 bytes, Stack size 0 bytes, startup_stm32f0xx.o(.text))
<BR>[Address Reference Count : 1]<UL><LI> startup_stm32f0xx.o(RESET)
</UL>
<P><STRONG><a name="[c]"></a>EXTI2_3_IRQHandler</STRONG> (Thumb, 0 bytes, Stack size 0 bytes, startup_stm32f0xx.o(.text))
<BR>[Address Reference Count : 1]<UL><LI> startup_stm32f0xx.o(RESET)
</UL>
<P><STRONG><a name="[9]"></a>FLASH_IRQHandler</STRONG> (Thumb, 0 bytes, Stack size 0 bytes, startup_stm32f0xx.o(.text))
<BR>[Address Reference Count : 1]<UL><LI> startup_stm32f0xx.o(RESET)
</UL>
<P><STRONG><a name="[1c]"></a>I2C1_IRQHandler</STRONG> (Thumb, 0 bytes, Stack size 0 bytes, startup_stm32f0xx.o(.text))
<BR>[Address Reference Count : 1]<UL><LI> startup_stm32f0xx.o(RESET)
</UL>
<P><STRONG><a name="[1d]"></a>I2C2_IRQHandler</STRONG> (Thumb, 0 bytes, Stack size 0 bytes, startup_stm32f0xx.o(.text))
<BR>[Address Reference Count : 1]<UL><LI> startup_stm32f0xx.o(RESET)
</UL>
<P><STRONG><a name="[7]"></a>PVD_IRQHandler</STRONG> (Thumb, 0 bytes, Stack size 0 bytes, startup_stm32f0xx.o(.text))
<BR>[Address Reference Count : 1]<UL><LI> startup_stm32f0xx.o(RESET)
</UL>
<P><STRONG><a name="[a]"></a>RCC_IRQHandler</STRONG> (Thumb, 0 bytes, Stack size 0 bytes, startup_stm32f0xx.o(.text))
<BR>[Address Reference Count : 1]<UL><LI> startup_stm32f0xx.o(RESET)
</UL>
<P><STRONG><a name="[8]"></a>RTC_IRQHandler</STRONG> (Thumb, 0 bytes, Stack size 0 bytes, startup_stm32f0xx.o(.text))
<BR>[Address Reference Count : 1]<UL><LI> startup_stm32f0xx.o(RESET)
</UL>
<P><STRONG><a name="[1e]"></a>SPI1_IRQHandler</STRONG> (Thumb, 0 bytes, Stack size 0 bytes, startup_stm32f0xx.o(.text))
<BR>[Address Reference Count : 1]<UL><LI> startup_stm32f0xx.o(RESET)
</UL>
<P><STRONG><a name="[1f]"></a>SPI2_IRQHandler</STRONG> (Thumb, 0 bytes, Stack size 0 bytes, startup_stm32f0xx.o(.text))
<BR>[Address Reference Count : 1]<UL><LI> startup_stm32f0xx.o(RESET)
</UL>
<P><STRONG><a name="[18]"></a>TIM14_IRQHandler</STRONG> (Thumb, 0 bytes, Stack size 0 bytes, startup_stm32f0xx.o(.text))
<BR>[Address Reference Count : 1]<UL><LI> startup_stm32f0xx.o(RESET)
</UL>
<P><STRONG><a name="[19]"></a>TIM15_IRQHandler</STRONG> (Thumb, 0 bytes, Stack size 0 bytes, startup_stm32f0xx.o(.text))
<BR>[Address Reference Count : 1]<UL><LI> startup_stm32f0xx.o(RESET)
</UL>
<P><STRONG><a name="[1a]"></a>TIM16_IRQHandler</STRONG> (Thumb, 0 bytes, Stack size 0 bytes, startup_stm32f0xx.o(.text))
<BR>[Address Reference Count : 1]<UL><LI> startup_stm32f0xx.o(RESET)
</UL>
<P><STRONG><a name="[1b]"></a>TIM17_IRQHandler</STRONG> (Thumb, 0 bytes, Stack size 0 bytes, startup_stm32f0xx.o(.text))
<BR>[Address Reference Count : 1]<UL><LI> startup_stm32f0xx.o(RESET)
</UL>
<P><STRONG><a name="[13]"></a>TIM1_BRK_UP_TRG_COM_IRQHandler</STRONG> (Thumb, 0 bytes, Stack size 0 bytes, startup_stm32f0xx.o(.text))
<BR>[Address Reference Count : 1]<UL><LI> startup_stm32f0xx.o(RESET)
</UL>
<P><STRONG><a name="[14]"></a>TIM1_CC_IRQHandler</STRONG> (Thumb, 0 bytes, Stack size 0 bytes, startup_stm32f0xx.o(.text))
<BR>[Address Reference Count : 1]<UL><LI> startup_stm32f0xx.o(RESET)
</UL>
<P><STRONG><a name="[15]"></a>TIM2_IRQHandler</STRONG> (Thumb, 0 bytes, Stack size 0 bytes, startup_stm32f0xx.o(.text))
<BR>[Address Reference Count : 1]<UL><LI> startup_stm32f0xx.o(RESET)
</UL>
<P><STRONG><a name="[17]"></a>TIM6_DAC_IRQHandler</STRONG> (Thumb, 0 bytes, Stack size 0 bytes, startup_stm32f0xx.o(.text))
<BR>[Address Reference Count : 1]<UL><LI> startup_stm32f0xx.o(RESET)
</UL>
<P><STRONG><a name="[e]"></a>TS_IRQHandler</STRONG> (Thumb, 0 bytes, Stack size 0 bytes, startup_stm32f0xx.o(.text))
<BR>[Address Reference Count : 1]<UL><LI> startup_stm32f0xx.o(RESET)
</UL>
<P><STRONG><a name="[21]"></a>USART2_IRQHandler</STRONG> (Thumb, 0 bytes, Stack size 0 bytes, startup_stm32f0xx.o(.text))
<BR>[Address Reference Count : 1]<UL><LI> startup_stm32f0xx.o(RESET)
</UL>
<P><STRONG><a name="[6]"></a>WWDG_IRQHandler</STRONG> (Thumb, 0 bytes, Stack size 0 bytes, startup_stm32f0xx.o(.text))
<BR>[Address Reference Count : 1]<UL><LI> startup_stm32f0xx.o(RESET)
</UL>
<P><STRONG><a name="[24]"></a>SystemInit</STRONG> (Thumb, 110 bytes, Stack size 8 bytes, system_stm32f0xx.o(.text))
<BR><BR>[Stack]<UL><LI>Max Depth = 20<LI>Call Chain = SystemInit &rArr; SetSysClock
</UL>
<BR>[Calls]<UL><LI><a href="#[29]">&gt;&gt;</a>&nbsp;&nbsp;&nbsp;SetSysClock
</UL>
<BR>[Called By]<UL><LI><a href="#[23]">&gt;&gt;</a>&nbsp;&nbsp;&nbsp;main
</UL>
<BR>[Address Reference Count : 1]<UL><LI> startup_stm32f0xx.o(.text)
</UL>
<P><STRONG><a name="[2a]"></a>SystemCoreClockUpdate</STRONG> (Thumb, 154 bytes, Stack size 24 bytes, system_stm32f0xx.o(.text), UNUSED)
<BR><BR>[Calls]<UL><LI><a href="#[2b]">&gt;&gt;</a>&nbsp;&nbsp;&nbsp;__aeabi_uidivmod
</UL>

<P><STRONG><a name="[1]"></a>NMI_Handler</STRONG> (Thumb, 2 bytes, Stack size 0 bytes, stm32f0xx_it.o(.text))
<BR>[Address Reference Count : 1]<UL><LI> startup_stm32f0xx.o(RESET)
</UL>
<P><STRONG><a name="[2]"></a>HardFault_Handler</STRONG> (Thumb, 4 bytes, Stack size 0 bytes, stm32f0xx_it.o(.text))
<BR>[Address Reference Count : 1]<UL><LI> startup_stm32f0xx.o(RESET)
</UL>
<P><STRONG><a name="[3]"></a>SVC_Handler</STRONG> (Thumb, 2 bytes, Stack size 0 bytes, stm32f0xx_it.o(.text))
<BR>[Address Reference Count : 1]<UL><LI> startup_stm32f0xx.o(RESET)
</UL>
<P><STRONG><a name="[4]"></a>PendSV_Handler</STRONG> (Thumb, 2 bytes, Stack size 0 bytes, stm32f0xx_it.o(.text))
<BR>[Address Reference Count : 1]<UL><LI> startup_stm32f0xx.o(RESET)
</UL>
<P><STRONG><a name="[5]"></a>SysTick_Handler</STRONG> (Thumb, 8 bytes, Stack size 8 bytes, stm32f0xx_it.o(.text))
<BR><BR>[Stack]<UL><LI>Max Depth = 8<LI>Call Chain = SysTick_Handler
</UL>
<BR>[Calls]<UL><LI><a href="#[2c]">&gt;&gt;</a>&nbsp;&nbsp;&nbsp;TimingDelay_Decrement
</UL>
<BR>[Address Reference Count : 1]<UL><LI> startup_stm32f0xx.o(RESET)
</UL>
<P><STRONG><a name="[d]"></a>EXTI4_15_IRQHandler</STRONG> (Thumb, 2 bytes, Stack size 0 bytes, stm32f0xx_it.o(.text))
<BR>[Address Reference Count : 1]<UL><LI> startup_stm32f0xx.o(RESET)
</UL>
<P><STRONG><a name="[23]"></a>main</STRONG> (Thumb, 322 bytes, Stack size 0 bytes, main.o(.text))
<BR><BR>[Stack]<UL><LI>Max Depth = 168<LI>Call Chain = main &rArr; SMBus_ReadTemp &rArr; __aeabi_dmul &rArr; _double_epilogue &rArr; __aeabi_llsr
</UL>
<BR>[Calls]<UL><LI><a href="#[37]">&gt;&gt;</a>&nbsp;&nbsp;&nbsp;__aeabi_fdiv
<LI><a href="#[36]">&gt;&gt;</a>&nbsp;&nbsp;&nbsp;__aeabi_fadd
<LI><a href="#[38]">&gt;&gt;</a>&nbsp;&nbsp;&nbsp;__aeabi_f2d
<LI><a href="#[2e]">&gt;&gt;</a>&nbsp;&nbsp;&nbsp;USART_Configuration
<LI><a href="#[31]">&gt;&gt;</a>&nbsp;&nbsp;&nbsp;TIM_DeInit
<LI><a href="#[33]">&gt;&gt;</a>&nbsp;&nbsp;&nbsp;TIMER_Config
<LI><a href="#[34]">&gt;&gt;</a>&nbsp;&nbsp;&nbsp;TIMER2_Config
<LI><a href="#[2d]">&gt;&gt;</a>&nbsp;&nbsp;&nbsp;Systick_Init
<LI><a href="#[35]">&gt;&gt;</a>&nbsp;&nbsp;&nbsp;SMBus_ReadTemp
<LI><a href="#[2f]">&gt;&gt;</a>&nbsp;&nbsp;&nbsp;SMBus_Init
<LI><a href="#[32]">&gt;&gt;</a>&nbsp;&nbsp;&nbsp;ADC_Configuration
<LI><a href="#[39]">&gt;&gt;</a>&nbsp;&nbsp;&nbsp;NVIC_SystemReset
<LI><a href="#[24]">&gt;&gt;</a>&nbsp;&nbsp;&nbsp;SystemInit
<LI><a href="#[30]">&gt;&gt;</a>&nbsp;&nbsp;&nbsp;__2printf
</UL>
<BR>[Address Reference Count : 1]<UL><LI> entry9a.o(.ARM.Collect$$$$0000000B)
</UL>
<P><STRONG><a name="[a2]"></a>Delay_ms</STRONG> (Thumb, 20 bytes, Stack size 8 bytes, systick.o(.text), UNUSED)

<P><STRONG><a name="[2c]"></a>TimingDelay_Decrement</STRONG> (Thumb, 20 bytes, Stack size 0 bytes, systick.o(.text))
<BR><BR>[Called By]<UL><LI><a href="#[5]">&gt;&gt;</a>&nbsp;&nbsp;&nbsp;SysTick_Handler
</UL>

<P><STRONG><a name="[2d]"></a>Systick_Init</STRONG> (Thumb, 64 bytes, Stack size 8 bytes, systick.o(.text))
<BR><BR>[Stack]<UL><LI>Max Depth = 20<LI>Call Chain = Systick_Init &rArr; __aeabi_uidivmod
</UL>
<BR>[Calls]<UL><LI><a href="#[3a]">&gt;&gt;</a>&nbsp;&nbsp;&nbsp;NVIC_SetPriority
<LI><a href="#[2b]">&gt;&gt;</a>&nbsp;&nbsp;&nbsp;__aeabi_uidivmod
</UL>
<BR>[Called By]<UL><LI><a href="#[23]">&gt;&gt;</a>&nbsp;&nbsp;&nbsp;main
</UL>

<P><STRONG><a name="[32]"></a>ADC_Configuration</STRONG> (Thumb, 124 bytes, Stack size 40 bytes, adc.o(.text))
<BR><BR>[Stack]<UL><LI>Max Depth = 60<LI>Call Chain = ADC_Configuration &rArr; GPIO_Init
</UL>
<BR>[Calls]<UL><LI><a href="#[3b]">&gt;&gt;</a>&nbsp;&nbsp;&nbsp;RCC_APB2PeriphClockCmd
<LI><a href="#[3c]">&gt;&gt;</a>&nbsp;&nbsp;&nbsp;GPIO_Init
<LI><a href="#[3e]">&gt;&gt;</a>&nbsp;&nbsp;&nbsp;ADC_StructInit
<LI><a href="#[43]">&gt;&gt;</a>&nbsp;&nbsp;&nbsp;ADC_StartOfConversion
<LI><a href="#[3f]">&gt;&gt;</a>&nbsp;&nbsp;&nbsp;ADC_Init
<LI><a href="#[44]">&gt;&gt;</a>&nbsp;&nbsp;&nbsp;ADC_GetFlagStatus
<LI><a href="#[41]">&gt;&gt;</a>&nbsp;&nbsp;&nbsp;ADC_GetCalibrationFactor
<LI><a href="#[3d]">&gt;&gt;</a>&nbsp;&nbsp;&nbsp;ADC_DeInit
<LI><a href="#[42]">&gt;&gt;</a>&nbsp;&nbsp;&nbsp;ADC_Cmd
<LI><a href="#[40]">&gt;&gt;</a>&nbsp;&nbsp;&nbsp;ADC_ChannelConfig
</UL>
<BR>[Called By]<UL><LI><a href="#[23]">&gt;&gt;</a>&nbsp;&nbsp;&nbsp;main
</UL>

<P><STRONG><a name="[33]"></a>TIMER_Config</STRONG> (Thumb, 70 bytes, Stack size 24 bytes, timer.o(.text))
<BR><BR>[Stack]<UL><LI>Max Depth = 24<LI>Call Chain = TIMER_Config
</UL>
<BR>[Calls]<UL><LI><a href="#[46]">&gt;&gt;</a>&nbsp;&nbsp;&nbsp;TIM_TimeBaseInit
<LI><a href="#[48]">&gt;&gt;</a>&nbsp;&nbsp;&nbsp;TIM_ITConfig
<LI><a href="#[49]">&gt;&gt;</a>&nbsp;&nbsp;&nbsp;TIM_Cmd
<LI><a href="#[45]">&gt;&gt;</a>&nbsp;&nbsp;&nbsp;RCC_APB1PeriphClockCmd
<LI><a href="#[47]">&gt;&gt;</a>&nbsp;&nbsp;&nbsp;NVIC_Init
</UL>
<BR>[Called By]<UL><LI><a href="#[23]">&gt;&gt;</a>&nbsp;&nbsp;&nbsp;main
</UL>

<P><STRONG><a name="[34]"></a>TIMER2_Config</STRONG> (Thumb, 192 bytes, Stack size 48 bytes, timer.o(.text))
<BR><BR>[Stack]<UL><LI>Max Depth = 68<LI>Call Chain = TIMER2_Config &rArr; GPIO_PinAFConfig
</UL>
<BR>[Calls]<UL><LI><a href="#[46]">&gt;&gt;</a>&nbsp;&nbsp;&nbsp;TIM_TimeBaseInit
<LI><a href="#[4d]">&gt;&gt;</a>&nbsp;&nbsp;&nbsp;TIM_OC2PreloadConfig
<LI><a href="#[4c]">&gt;&gt;</a>&nbsp;&nbsp;&nbsp;TIM_OC2Init
<LI><a href="#[48]">&gt;&gt;</a>&nbsp;&nbsp;&nbsp;TIM_ITConfig
<LI><a href="#[4e]">&gt;&gt;</a>&nbsp;&nbsp;&nbsp;TIM_GenerateEvent
<LI><a href="#[4f]">&gt;&gt;</a>&nbsp;&nbsp;&nbsp;TIM_CtrlPWMOutputs
<LI><a href="#[49]">&gt;&gt;</a>&nbsp;&nbsp;&nbsp;TIM_Cmd
<LI><a href="#[45]">&gt;&gt;</a>&nbsp;&nbsp;&nbsp;RCC_APB1PeriphClockCmd
<LI><a href="#[4a]">&gt;&gt;</a>&nbsp;&nbsp;&nbsp;RCC_AHBPeriphClockCmd
<LI><a href="#[47]">&gt;&gt;</a>&nbsp;&nbsp;&nbsp;NVIC_Init
<LI><a href="#[4b]">&gt;&gt;</a>&nbsp;&nbsp;&nbsp;GPIO_PinAFConfig
<LI><a href="#[3c]">&gt;&gt;</a>&nbsp;&nbsp;&nbsp;GPIO_Init
</UL>
<BR>[Called By]<UL><LI><a href="#[23]">&gt;&gt;</a>&nbsp;&nbsp;&nbsp;main
</UL>

<P><STRONG><a name="[50]"></a>search</STRONG> (Thumb, 144 bytes, Stack size 32 bytes, timer.o(.text))
<BR><BR>[Stack]<UL><LI>Max Depth = 112<LI>Call Chain = search &rArr; __aeabi_ldivmod &rArr; __aeabi_uldivmod &rArr; __aeabi_llsr
</UL>
<BR>[Calls]<UL><LI><a href="#[51]">&gt;&gt;</a>&nbsp;&nbsp;&nbsp;__aeabi_ldivmod
<LI><a href="#[52]">&gt;&gt;</a>&nbsp;&nbsp;&nbsp;__aeabi_idivmod
</UL>
<BR>[Called By]<UL><LI><a href="#[16]">&gt;&gt;</a>&nbsp;&nbsp;&nbsp;TIM3_IRQHandler
</UL>

<P><STRONG><a name="[16]"></a>TIM3_IRQHandler</STRONG> (Thumb, 260 bytes, Stack size 8 bytes, timer.o(.text))
<BR><BR>[Stack]<UL><LI>Max Depth = 120<LI>Call Chain = TIM3_IRQHandler &rArr; search &rArr; __aeabi_ldivmod &rArr; __aeabi_uldivmod &rArr; __aeabi_llsr
</UL>
<BR>[Calls]<UL><LI><a href="#[53]">&gt;&gt;</a>&nbsp;&nbsp;&nbsp;TIM_GetITStatus
<LI><a href="#[49]">&gt;&gt;</a>&nbsp;&nbsp;&nbsp;TIM_Cmd
<LI><a href="#[54]">&gt;&gt;</a>&nbsp;&nbsp;&nbsp;TIM_ClearITPendingBit
<LI><a href="#[55]">&gt;&gt;</a>&nbsp;&nbsp;&nbsp;ADC_GetConversionValue
<LI><a href="#[50]">&gt;&gt;</a>&nbsp;&nbsp;&nbsp;search
<LI><a href="#[56]">&gt;&gt;</a>&nbsp;&nbsp;&nbsp;delay_ms
<LI><a href="#[30]">&gt;&gt;</a>&nbsp;&nbsp;&nbsp;__2printf
<LI><a href="#[52]">&gt;&gt;</a>&nbsp;&nbsp;&nbsp;__aeabi_idivmod
</UL>
<BR>[Address Reference Count : 1]<UL><LI> startup_stm32f0xx.o(RESET)
</UL>
<P><STRONG><a name="[26]"></a>fputc</STRONG> (Thumb, 32 bytes, Stack size 16 bytes, usart.o(.text))
<BR><BR>[Stack]<UL><LI>Max Depth = 16<LI>Call Chain = fputc
</UL>
<BR>[Calls]<UL><LI><a href="#[58]">&gt;&gt;</a>&nbsp;&nbsp;&nbsp;USART_SendData
<LI><a href="#[57]">&gt;&gt;</a>&nbsp;&nbsp;&nbsp;USART_GetFlagStatus
</UL>
<BR>[Address Reference Count : 1]<UL><LI> printfa.o(i.__0printf)
</UL>
<P><STRONG><a name="[2e]"></a>USART_Configuration</STRONG> (Thumb, 152 bytes, Stack size 40 bytes, usart.o(.text))
<BR><BR>[Stack]<UL><LI>Max Depth = 140<LI>Call Chain = USART_Configuration &rArr; USART_Init &rArr; RCC_GetClocksFreq &rArr; __aeabi_uidivmod
</UL>
<BR>[Calls]<UL><LI><a href="#[59]">&gt;&gt;</a>&nbsp;&nbsp;&nbsp;USART_Init
<LI><a href="#[5a]">&gt;&gt;</a>&nbsp;&nbsp;&nbsp;USART_ITConfig
<LI><a href="#[5b]">&gt;&gt;</a>&nbsp;&nbsp;&nbsp;USART_Cmd
<LI><a href="#[4a]">&gt;&gt;</a>&nbsp;&nbsp;&nbsp;RCC_AHBPeriphClockCmd
<LI><a href="#[47]">&gt;&gt;</a>&nbsp;&nbsp;&nbsp;NVIC_Init
<LI><a href="#[4b]">&gt;&gt;</a>&nbsp;&nbsp;&nbsp;GPIO_PinAFConfig
<LI><a href="#[3b]">&gt;&gt;</a>&nbsp;&nbsp;&nbsp;RCC_APB2PeriphClockCmd
<LI><a href="#[3c]">&gt;&gt;</a>&nbsp;&nbsp;&nbsp;GPIO_Init
</UL>
<BR>[Called By]<UL><LI><a href="#[23]">&gt;&gt;</a>&nbsp;&nbsp;&nbsp;main
</UL>

<P><STRONG><a name="[20]"></a>USART1_IRQHandler</STRONG> (Thumb, 168 bytes, Stack size 8 bytes, usart.o(.text))
<BR><BR>[Stack]<UL><LI>Max Depth = 24<LI>Call Chain = USART1_IRQHandler &rArr; USART_GetITStatus
</UL>
<BR>[Calls]<UL><LI><a href="#[5d]">&gt;&gt;</a>&nbsp;&nbsp;&nbsp;USART_ReceiveData
<LI><a href="#[5c]">&gt;&gt;</a>&nbsp;&nbsp;&nbsp;USART_GetITStatus
<LI><a href="#[5e]">&gt;&gt;</a>&nbsp;&nbsp;&nbsp;USART_ClearITPendingBit
</UL>
<BR>[Address Reference Count : 1]<UL><LI> startup_stm32f0xx.o(RESET)
</UL>
<P><STRONG><a name="[a3]"></a>UART_send_byte</STRONG> (Thumb, 20 bytes, Stack size 0 bytes, usart.o(.text), UNUSED)

<P><STRONG><a name="[a4]"></a>UART_Send</STRONG> (Thumb, 32 bytes, Stack size 0 bytes, usart.o(.text), UNUSED)

<P><STRONG><a name="[a5]"></a>UART_Recive</STRONG> (Thumb, 22 bytes, Stack size 0 bytes, usart.o(.text), UNUSED)

<P><STRONG><a name="[5f]"></a>USART1_SendString</STRONG> (Thumb, 46 bytes, Stack size 8 bytes, usart.o(.text), UNUSED)
<BR><BR>[Calls]<UL><LI><a href="#[58]">&gt;&gt;</a>&nbsp;&nbsp;&nbsp;USART_SendData
<LI><a href="#[57]">&gt;&gt;</a>&nbsp;&nbsp;&nbsp;USART_GetFlagStatus
<LI><a href="#[60]">&gt;&gt;</a>&nbsp;&nbsp;&nbsp;USART_ClearFlag
</UL>

<P><STRONG><a name="[62]"></a>SMBus_Delay</STRONG> (Thumb, 26 bytes, Stack size 0 bytes, mlx90614.o(.text))
<BR><BR>[Called By]<UL><LI><a href="#[65]">&gt;&gt;</a>&nbsp;&nbsp;&nbsp;SMBus_SendBit
<LI><a href="#[64]">&gt;&gt;</a>&nbsp;&nbsp;&nbsp;SMBus_ReceiveBit
<LI><a href="#[63]">&gt;&gt;</a>&nbsp;&nbsp;&nbsp;SMBus_StopBit
<LI><a href="#[61]">&gt;&gt;</a>&nbsp;&nbsp;&nbsp;SMBus_StartBit
</UL>

<P><STRONG><a name="[61]"></a>SMBus_StartBit</STRONG> (Thumb, 56 bytes, Stack size 4 bytes, mlx90614.o(.text))
<BR><BR>[Stack]<UL><LI>Max Depth = 4<LI>Call Chain = SMBus_StartBit
</UL>
<BR>[Calls]<UL><LI><a href="#[62]">&gt;&gt;</a>&nbsp;&nbsp;&nbsp;SMBus_Delay
</UL>
<BR>[Called By]<UL><LI><a href="#[68]">&gt;&gt;</a>&nbsp;&nbsp;&nbsp;SMBus_ReadMemory
</UL>

<P><STRONG><a name="[63]"></a>SMBus_StopBit</STRONG> (Thumb, 50 bytes, Stack size 4 bytes, mlx90614.o(.text))
<BR><BR>[Stack]<UL><LI>Max Depth = 4<LI>Call Chain = SMBus_StopBit
</UL>
<BR>[Calls]<UL><LI><a href="#[62]">&gt;&gt;</a>&nbsp;&nbsp;&nbsp;SMBus_Delay
</UL>
<BR>[Called By]<UL><LI><a href="#[68]">&gt;&gt;</a>&nbsp;&nbsp;&nbsp;SMBus_ReadMemory
</UL>

<P><STRONG><a name="[64]"></a>SMBus_ReceiveBit</STRONG> (Thumb, 60 bytes, Stack size 8 bytes, mlx90614.o(.text))
<BR><BR>[Stack]<UL><LI>Max Depth = 8<LI>Call Chain = SMBus_ReceiveBit
</UL>
<BR>[Calls]<UL><LI><a href="#[62]">&gt;&gt;</a>&nbsp;&nbsp;&nbsp;SMBus_Delay
</UL>
<BR>[Called By]<UL><LI><a href="#[67]">&gt;&gt;</a>&nbsp;&nbsp;&nbsp;SMBus_ReceiveByte
<LI><a href="#[66]">&gt;&gt;</a>&nbsp;&nbsp;&nbsp;SMBus_SendByte
</UL>

<P><STRONG><a name="[65]"></a>SMBus_SendBit</STRONG> (Thumb, 58 bytes, Stack size 8 bytes, mlx90614.o(.text))
<BR><BR>[Stack]<UL><LI>Max Depth = 8<LI>Call Chain = SMBus_SendBit
</UL>
<BR>[Calls]<UL><LI><a href="#[62]">&gt;&gt;</a>&nbsp;&nbsp;&nbsp;SMBus_Delay
</UL>
<BR>[Called By]<UL><LI><a href="#[67]">&gt;&gt;</a>&nbsp;&nbsp;&nbsp;SMBus_ReceiveByte
<LI><a href="#[66]">&gt;&gt;</a>&nbsp;&nbsp;&nbsp;SMBus_SendByte
</UL>

<P><STRONG><a name="[66]"></a>SMBus_SendByte</STRONG> (Thumb, 48 bytes, Stack size 20 bytes, mlx90614.o(.text))
<BR><BR>[Stack]<UL><LI>Max Depth = 28<LI>Call Chain = SMBus_SendByte &rArr; SMBus_SendBit
</UL>
<BR>[Calls]<UL><LI><a href="#[65]">&gt;&gt;</a>&nbsp;&nbsp;&nbsp;SMBus_SendBit
<LI><a href="#[64]">&gt;&gt;</a>&nbsp;&nbsp;&nbsp;SMBus_ReceiveBit
</UL>
<BR>[Called By]<UL><LI><a href="#[68]">&gt;&gt;</a>&nbsp;&nbsp;&nbsp;SMBus_ReadMemory
</UL>

<P><STRONG><a name="[67]"></a>SMBus_ReceiveByte</STRONG> (Thumb, 52 bytes, Stack size 16 bytes, mlx90614.o(.text))
<BR><BR>[Stack]<UL><LI>Max Depth = 24<LI>Call Chain = SMBus_ReceiveByte &rArr; SMBus_SendBit
</UL>
<BR>[Calls]<UL><LI><a href="#[65]">&gt;&gt;</a>&nbsp;&nbsp;&nbsp;SMBus_SendBit
<LI><a href="#[64]">&gt;&gt;</a>&nbsp;&nbsp;&nbsp;SMBus_ReceiveBit
</UL>
<BR>[Called By]<UL><LI><a href="#[68]">&gt;&gt;</a>&nbsp;&nbsp;&nbsp;SMBus_ReadMemory
</UL>

<P><STRONG><a name="[2f]"></a>SMBus_Init</STRONG> (Thumb, 44 bytes, Stack size 16 bytes, mlx90614.o(.text))
<BR><BR>[Stack]<UL><LI>Max Depth = 36<LI>Call Chain = SMBus_Init &rArr; GPIO_Init
</UL>
<BR>[Calls]<UL><LI><a href="#[4a]">&gt;&gt;</a>&nbsp;&nbsp;&nbsp;RCC_AHBPeriphClockCmd
<LI><a href="#[3c]">&gt;&gt;</a>&nbsp;&nbsp;&nbsp;GPIO_Init
</UL>
<BR>[Called By]<UL><LI><a href="#[23]">&gt;&gt;</a>&nbsp;&nbsp;&nbsp;main
</UL>

<P><STRONG><a name="[69]"></a>PEC_Calculation</STRONG> (Thumb, 172 bytes, Stack size 28 bytes, mlx90614.o(.text))
<BR><BR>[Stack]<UL><LI>Max Depth = 28<LI>Call Chain = PEC_Calculation
</UL>
<BR>[Called By]<UL><LI><a href="#[68]">&gt;&gt;</a>&nbsp;&nbsp;&nbsp;SMBus_ReadMemory
</UL>

<P><STRONG><a name="[68]"></a>SMBus_ReadMemory</STRONG> (Thumb, 172 bytes, Stack size 44 bytes, mlx90614.o(.text))
<BR><BR>[Stack]<UL><LI>Max Depth = 72<LI>Call Chain = SMBus_ReadMemory &rArr; PEC_Calculation
</UL>
<BR>[Calls]<UL><LI><a href="#[69]">&gt;&gt;</a>&nbsp;&nbsp;&nbsp;PEC_Calculation
<LI><a href="#[67]">&gt;&gt;</a>&nbsp;&nbsp;&nbsp;SMBus_ReceiveByte
<LI><a href="#[66]">&gt;&gt;</a>&nbsp;&nbsp;&nbsp;SMBus_SendByte
<LI><a href="#[63]">&gt;&gt;</a>&nbsp;&nbsp;&nbsp;SMBus_StopBit
<LI><a href="#[61]">&gt;&gt;</a>&nbsp;&nbsp;&nbsp;SMBus_StartBit
</UL>
<BR>[Called By]<UL><LI><a href="#[35]">&gt;&gt;</a>&nbsp;&nbsp;&nbsp;SMBus_ReadTemp
</UL>

<P><STRONG><a name="[35]"></a>SMBus_ReadTemp</STRONG> (Thumb, 54 bytes, Stack size 40 bytes, mlx90614.o(.text))
<BR><BR>[Stack]<UL><LI>Max Depth = 168<LI>Call Chain = SMBus_ReadTemp &rArr; __aeabi_dmul &rArr; _double_epilogue &rArr; __aeabi_llsr
</UL>
<BR>[Calls]<UL><LI><a href="#[6a]">&gt;&gt;</a>&nbsp;&nbsp;&nbsp;__aeabi_ui2d
<LI><a href="#[6c]">&gt;&gt;</a>&nbsp;&nbsp;&nbsp;__aeabi_dsub
<LI><a href="#[6b]">&gt;&gt;</a>&nbsp;&nbsp;&nbsp;__aeabi_dmul
<LI><a href="#[6d]">&gt;&gt;</a>&nbsp;&nbsp;&nbsp;__aeabi_d2f
<LI><a href="#[68]">&gt;&gt;</a>&nbsp;&nbsp;&nbsp;SMBus_ReadMemory
</UL>
<BR>[Called By]<UL><LI><a href="#[23]">&gt;&gt;</a>&nbsp;&nbsp;&nbsp;main
</UL>

<P><STRONG><a name="[6e]"></a>GPIO_DeInit</STRONG> (Thumb, 132 bytes, Stack size 8 bytes, stm32f0xx_gpio.o(.text), UNUSED)
<BR><BR>[Calls]<UL><LI><a href="#[6f]">&gt;&gt;</a>&nbsp;&nbsp;&nbsp;RCC_AHBPeriphResetCmd
</UL>

<P><STRONG><a name="[3c]"></a>GPIO_Init</STRONG> (Thumb, 144 bytes, Stack size 20 bytes, stm32f0xx_gpio.o(.text))
<BR><BR>[Stack]<UL><LI>Max Depth = 20<LI>Call Chain = GPIO_Init
</UL>
<BR>[Called By]<UL><LI><a href="#[2e]">&gt;&gt;</a>&nbsp;&nbsp;&nbsp;USART_Configuration
<LI><a href="#[34]">&gt;&gt;</a>&nbsp;&nbsp;&nbsp;TIMER2_Config
<LI><a href="#[2f]">&gt;&gt;</a>&nbsp;&nbsp;&nbsp;SMBus_Init
<LI><a href="#[32]">&gt;&gt;</a>&nbsp;&nbsp;&nbsp;ADC_Configuration
</UL>

<P><STRONG><a name="[a6]"></a>GPIO_StructInit</STRONG> (Thumb, 20 bytes, Stack size 0 bytes, stm32f0xx_gpio.o(.text), UNUSED)

<P><STRONG><a name="[a7]"></a>GPIO_PinLockConfig</STRONG> (Thumb, 34 bytes, Stack size 8 bytes, stm32f0xx_gpio.o(.text), UNUSED)

<P><STRONG><a name="[a8]"></a>GPIO_ReadInputDataBit</STRONG> (Thumb, 18 bytes, Stack size 0 bytes, stm32f0xx_gpio.o(.text), UNUSED)

<P><STRONG><a name="[a9]"></a>GPIO_ReadInputData</STRONG> (Thumb, 6 bytes, Stack size 0 bytes, stm32f0xx_gpio.o(.text), UNUSED)

<P><STRONG><a name="[aa]"></a>GPIO_ReadOutputDataBit</STRONG> (Thumb, 18 bytes, Stack size 0 bytes, stm32f0xx_gpio.o(.text), UNUSED)

<P><STRONG><a name="[ab]"></a>GPIO_ReadOutputData</STRONG> (Thumb, 6 bytes, Stack size 0 bytes, stm32f0xx_gpio.o(.text), UNUSED)

<P><STRONG><a name="[ac]"></a>GPIO_SetBits</STRONG> (Thumb, 4 bytes, Stack size 0 bytes, stm32f0xx_gpio.o(.text), UNUSED)

<P><STRONG><a name="[ad]"></a>GPIO_ResetBits</STRONG> (Thumb, 4 bytes, Stack size 0 bytes, stm32f0xx_gpio.o(.text), UNUSED)

<P><STRONG><a name="[ae]"></a>GPIO_WriteBit</STRONG> (Thumb, 12 bytes, Stack size 0 bytes, stm32f0xx_gpio.o(.text), UNUSED)

<P><STRONG><a name="[af]"></a>GPIO_Write</STRONG> (Thumb, 4 bytes, Stack size 0 bytes, stm32f0xx_gpio.o(.text), UNUSED)

<P><STRONG><a name="[4b]"></a>GPIO_PinAFConfig</STRONG> (Thumb, 68 bytes, Stack size 20 bytes, stm32f0xx_gpio.o(.text))
<BR><BR>[Stack]<UL><LI>Max Depth = 20<LI>Call Chain = GPIO_PinAFConfig
</UL>
<BR>[Called By]<UL><LI><a href="#[2e]">&gt;&gt;</a>&nbsp;&nbsp;&nbsp;USART_Configuration
<LI><a href="#[34]">&gt;&gt;</a>&nbsp;&nbsp;&nbsp;TIMER2_Config
</UL>

<P><STRONG><a name="[b0]"></a>RCC_DeInit</STRONG> (Thumb, 104 bytes, Stack size 0 bytes, stm32f0xx_rcc.o(.text), UNUSED)

<P><STRONG><a name="[b1]"></a>RCC_HSEConfig</STRONG> (Thumb, 12 bytes, Stack size 0 bytes, stm32f0xx_rcc.o(.text), UNUSED)

<P><STRONG><a name="[71]"></a>RCC_GetFlagStatus</STRONG> (Thumb, 66 bytes, Stack size 8 bytes, stm32f0xx_rcc.o(.text), UNUSED)
<BR><BR>[Called By]<UL><LI><a href="#[70]">&gt;&gt;</a>&nbsp;&nbsp;&nbsp;RCC_WaitForHSEStartUp
</UL>

<P><STRONG><a name="[70]"></a>RCC_WaitForHSEStartUp</STRONG> (Thumb, 60 bytes, Stack size 16 bytes, stm32f0xx_rcc.o(.text), UNUSED)
<BR><BR>[Calls]<UL><LI><a href="#[71]">&gt;&gt;</a>&nbsp;&nbsp;&nbsp;RCC_GetFlagStatus
</UL>

<P><STRONG><a name="[b2]"></a>RCC_AdjustHSICalibrationValue</STRONG> (Thumb, 26 bytes, Stack size 0 bytes, stm32f0xx_rcc.o(.text), UNUSED)

<P><STRONG><a name="[b3]"></a>RCC_HSICmd</STRONG> (Thumb, 32 bytes, Stack size 0 bytes, stm32f0xx_rcc.o(.text), UNUSED)

<P><STRONG><a name="[b4]"></a>RCC_AdjustHSI14CalibrationValue</STRONG> (Thumb, 26 bytes, Stack size 0 bytes, stm32f0xx_rcc.o(.text), UNUSED)

<P><STRONG><a name="[b5]"></a>RCC_HSI14Cmd</STRONG> (Thumb, 32 bytes, Stack size 0 bytes, stm32f0xx_rcc.o(.text), UNUSED)

<P><STRONG><a name="[b6]"></a>RCC_HSI14ADCRequestCmd</STRONG> (Thumb, 32 bytes, Stack size 0 bytes, stm32f0xx_rcc.o(.text), UNUSED)

<P><STRONG><a name="[b7]"></a>RCC_LSEConfig</STRONG> (Thumb, 34 bytes, Stack size 0 bytes, stm32f0xx_rcc.o(.text), UNUSED)

<P><STRONG><a name="[b8]"></a>RCC_LSEDriveConfig</STRONG> (Thumb, 22 bytes, Stack size 0 bytes, stm32f0xx_rcc.o(.text), UNUSED)

<P><STRONG><a name="[b9]"></a>RCC_LSICmd</STRONG> (Thumb, 32 bytes, Stack size 0 bytes, stm32f0xx_rcc.o(.text), UNUSED)

<P><STRONG><a name="[ba]"></a>RCC_PLLConfig</STRONG> (Thumb, 30 bytes, Stack size 0 bytes, stm32f0xx_rcc.o(.text), UNUSED)

<P><STRONG><a name="[bb]"></a>RCC_PLLCmd</STRONG> (Thumb, 36 bytes, Stack size 0 bytes, stm32f0xx_rcc.o(.text), UNUSED)

<P><STRONG><a name="[bc]"></a>RCC_PREDIV1Config</STRONG> (Thumb, 24 bytes, Stack size 0 bytes, stm32f0xx_rcc.o(.text), UNUSED)

<P><STRONG><a name="[bd]"></a>RCC_ClockSecuritySystemCmd</STRONG> (Thumb, 36 bytes, Stack size 0 bytes, stm32f0xx_rcc.o(.text), UNUSED)

<P><STRONG><a name="[be]"></a>RCC_MCOConfig</STRONG> (Thumb, 6 bytes, Stack size 0 bytes, stm32f0xx_rcc.o(.text), UNUSED)

<P><STRONG><a name="[bf]"></a>RCC_SYSCLKConfig</STRONG> (Thumb, 24 bytes, Stack size 0 bytes, stm32f0xx_rcc.o(.text), UNUSED)

<P><STRONG><a name="[c0]"></a>RCC_GetSYSCLKSource</STRONG> (Thumb, 10 bytes, Stack size 0 bytes, stm32f0xx_rcc.o(.text), UNUSED)

<P><STRONG><a name="[c1]"></a>RCC_HCLKConfig</STRONG> (Thumb, 28 bytes, Stack size 0 bytes, stm32f0xx_rcc.o(.text), UNUSED)

<P><STRONG><a name="[c2]"></a>RCC_PCLKConfig</STRONG> (Thumb, 30 bytes, Stack size 0 bytes, stm32f0xx_rcc.o(.text), UNUSED)

<P><STRONG><a name="[c3]"></a>RCC_ADCCLKConfig</STRONG> (Thumb, 52 bytes, Stack size 0 bytes, stm32f0xx_rcc.o(.text), UNUSED)

<P><STRONG><a name="[c4]"></a>RCC_CECCLKConfig</STRONG> (Thumb, 22 bytes, Stack size 0 bytes, stm32f0xx_rcc.o(.text), UNUSED)

<P><STRONG><a name="[c5]"></a>RCC_I2CCLKConfig</STRONG> (Thumb, 22 bytes, Stack size 0 bytes, stm32f0xx_rcc.o(.text), UNUSED)

<P><STRONG><a name="[c6]"></a>RCC_USARTCLKConfig</STRONG> (Thumb, 22 bytes, Stack size 0 bytes, stm32f0xx_rcc.o(.text), UNUSED)

<P><STRONG><a name="[72]"></a>RCC_GetClocksFreq</STRONG> (Thumb, 368 bytes, Stack size 32 bytes, stm32f0xx_rcc.o(.text))
<BR><BR>[Stack]<UL><LI>Max Depth = 44<LI>Call Chain = RCC_GetClocksFreq &rArr; __aeabi_uidivmod
</UL>
<BR>[Calls]<UL><LI><a href="#[2b]">&gt;&gt;</a>&nbsp;&nbsp;&nbsp;__aeabi_uidivmod
</UL>
<BR>[Called By]<UL><LI><a href="#[59]">&gt;&gt;</a>&nbsp;&nbsp;&nbsp;USART_Init
</UL>

<P><STRONG><a name="[c7]"></a>RCC_RTCCLKConfig</STRONG> (Thumb, 12 bytes, Stack size 0 bytes, stm32f0xx_rcc.o(.text), UNUSED)

<P><STRONG><a name="[c8]"></a>RCC_RTCCLKCmd</STRONG> (Thumb, 36 bytes, Stack size 0 bytes, stm32f0xx_rcc.o(.text), UNUSED)

<P><STRONG><a name="[c9]"></a>RCC_BackupResetCmd</STRONG> (Thumb, 36 bytes, Stack size 0 bytes, stm32f0xx_rcc.o(.text), UNUSED)

<P><STRONG><a name="[4a]"></a>RCC_AHBPeriphClockCmd</STRONG> (Thumb, 28 bytes, Stack size 0 bytes, stm32f0xx_rcc.o(.text))
<BR><BR>[Called By]<UL><LI><a href="#[2e]">&gt;&gt;</a>&nbsp;&nbsp;&nbsp;USART_Configuration
<LI><a href="#[34]">&gt;&gt;</a>&nbsp;&nbsp;&nbsp;TIMER2_Config
<LI><a href="#[2f]">&gt;&gt;</a>&nbsp;&nbsp;&nbsp;SMBus_Init
</UL>

<P><STRONG><a name="[3b]"></a>RCC_APB2PeriphClockCmd</STRONG> (Thumb, 28 bytes, Stack size 0 bytes, stm32f0xx_rcc.o(.text))
<BR><BR>[Called By]<UL><LI><a href="#[2e]">&gt;&gt;</a>&nbsp;&nbsp;&nbsp;USART_Configuration
<LI><a href="#[32]">&gt;&gt;</a>&nbsp;&nbsp;&nbsp;ADC_Configuration
</UL>

<P><STRONG><a name="[45]"></a>RCC_APB1PeriphClockCmd</STRONG> (Thumb, 28 bytes, Stack size 0 bytes, stm32f0xx_rcc.o(.text))
<BR><BR>[Called By]<UL><LI><a href="#[33]">&gt;&gt;</a>&nbsp;&nbsp;&nbsp;TIMER_Config
<LI><a href="#[34]">&gt;&gt;</a>&nbsp;&nbsp;&nbsp;TIMER2_Config
</UL>

<P><STRONG><a name="[6f]"></a>RCC_AHBPeriphResetCmd</STRONG> (Thumb, 28 bytes, Stack size 0 bytes, stm32f0xx_rcc.o(.text), UNUSED)
<BR><BR>[Called By]<UL><LI><a href="#[6e]">&gt;&gt;</a>&nbsp;&nbsp;&nbsp;GPIO_DeInit
</UL>

<P><STRONG><a name="[73]"></a>RCC_APB2PeriphResetCmd</STRONG> (Thumb, 28 bytes, Stack size 0 bytes, stm32f0xx_rcc.o(.text))
<BR><BR>[Called By]<UL><LI><a href="#[3d]">&gt;&gt;</a>&nbsp;&nbsp;&nbsp;ADC_DeInit
<LI><a href="#[31]">&gt;&gt;</a>&nbsp;&nbsp;&nbsp;TIM_DeInit
<LI><a href="#[85]">&gt;&gt;</a>&nbsp;&nbsp;&nbsp;USART_DeInit
</UL>

<P><STRONG><a name="[74]"></a>RCC_APB1PeriphResetCmd</STRONG> (Thumb, 28 bytes, Stack size 0 bytes, stm32f0xx_rcc.o(.text))
<BR><BR>[Called By]<UL><LI><a href="#[31]">&gt;&gt;</a>&nbsp;&nbsp;&nbsp;TIM_DeInit
<LI><a href="#[85]">&gt;&gt;</a>&nbsp;&nbsp;&nbsp;USART_DeInit
</UL>

<P><STRONG><a name="[ca]"></a>RCC_ITConfig</STRONG> (Thumb, 28 bytes, Stack size 0 bytes, stm32f0xx_rcc.o(.text), UNUSED)

<P><STRONG><a name="[cb]"></a>RCC_ClearFlag</STRONG> (Thumb, 16 bytes, Stack size 0 bytes, stm32f0xx_rcc.o(.text), UNUSED)

<P><STRONG><a name="[cc]"></a>RCC_GetITStatus</STRONG> (Thumb, 20 bytes, Stack size 0 bytes, stm32f0xx_rcc.o(.text), UNUSED)

<P><STRONG><a name="[cd]"></a>RCC_ClearITPendingBit</STRONG> (Thumb, 6 bytes, Stack size 0 bytes, stm32f0xx_rcc.o(.text), UNUSED)

<P><STRONG><a name="[3d]"></a>ADC_DeInit</STRONG> (Thumb, 28 bytes, Stack size 8 bytes, stm32f0xx_adc.o(.text))
<BR><BR>[Stack]<UL><LI>Max Depth = 8<LI>Call Chain = ADC_DeInit
</UL>
<BR>[Calls]<UL><LI><a href="#[73]">&gt;&gt;</a>&nbsp;&nbsp;&nbsp;RCC_APB2PeriphResetCmd
</UL>
<BR>[Called By]<UL><LI><a href="#[32]">&gt;&gt;</a>&nbsp;&nbsp;&nbsp;ADC_Configuration
</UL>

<P><STRONG><a name="[3f]"></a>ADC_Init</STRONG> (Thumb, 40 bytes, Stack size 8 bytes, stm32f0xx_adc.o(.text))
<BR><BR>[Stack]<UL><LI>Max Depth = 8<LI>Call Chain = ADC_Init
</UL>
<BR>[Called By]<UL><LI><a href="#[32]">&gt;&gt;</a>&nbsp;&nbsp;&nbsp;ADC_Configuration
</UL>

<P><STRONG><a name="[3e]"></a>ADC_StructInit</STRONG> (Thumb, 16 bytes, Stack size 0 bytes, stm32f0xx_adc.o(.text))
<BR><BR>[Called By]<UL><LI><a href="#[32]">&gt;&gt;</a>&nbsp;&nbsp;&nbsp;ADC_Configuration
</UL>

<P><STRONG><a name="[42]"></a>ADC_Cmd</STRONG> (Thumb, 24 bytes, Stack size 0 bytes, stm32f0xx_adc.o(.text))
<BR><BR>[Called By]<UL><LI><a href="#[32]">&gt;&gt;</a>&nbsp;&nbsp;&nbsp;ADC_Configuration
</UL>

<P><STRONG><a name="[ce]"></a>ADC_JitterCmd</STRONG> (Thumb, 20 bytes, Stack size 0 bytes, stm32f0xx_adc.o(.text), UNUSED)

<P><STRONG><a name="[cf]"></a>ADC_AutoPowerOffCmd</STRONG> (Thumb, 28 bytes, Stack size 0 bytes, stm32f0xx_adc.o(.text), UNUSED)

<P><STRONG><a name="[d0]"></a>ADC_WaitModeCmd</STRONG> (Thumb, 28 bytes, Stack size 0 bytes, stm32f0xx_adc.o(.text), UNUSED)

<P><STRONG><a name="[d1]"></a>ADC_AnalogWatchdogCmd</STRONG> (Thumb, 28 bytes, Stack size 0 bytes, stm32f0xx_adc.o(.text), UNUSED)

<P><STRONG><a name="[d2]"></a>ADC_AnalogWatchdogThresholdsConfig</STRONG> (Thumb, 8 bytes, Stack size 0 bytes, stm32f0xx_adc.o(.text), UNUSED)

<P><STRONG><a name="[d3]"></a>ADC_AnalogWatchdogSingleChannelConfig</STRONG> (Thumb, 28 bytes, Stack size 8 bytes, stm32f0xx_adc.o(.text), UNUSED)

<P><STRONG><a name="[d4]"></a>ADC_AnalogWatchdogSingleChannelCmd</STRONG> (Thumb, 28 bytes, Stack size 0 bytes, stm32f0xx_adc.o(.text), UNUSED)

<P><STRONG><a name="[d5]"></a>ADC_TempSensorCmd</STRONG> (Thumb, 36 bytes, Stack size 0 bytes, stm32f0xx_adc.o(.text), UNUSED)

<P><STRONG><a name="[d6]"></a>ADC_VrefintCmd</STRONG> (Thumb, 36 bytes, Stack size 0 bytes, stm32f0xx_adc.o(.text), UNUSED)

<P><STRONG><a name="[d7]"></a>ADC_VbatCmd</STRONG> (Thumb, 36 bytes, Stack size 0 bytes, stm32f0xx_adc.o(.text), UNUSED)

<P><STRONG><a name="[40]"></a>ADC_ChannelConfig</STRONG> (Thumb, 24 bytes, Stack size 8 bytes, stm32f0xx_adc.o(.text))
<BR><BR>[Stack]<UL><LI>Max Depth = 8<LI>Call Chain = ADC_ChannelConfig
</UL>
<BR>[Called By]<UL><LI><a href="#[32]">&gt;&gt;</a>&nbsp;&nbsp;&nbsp;ADC_Configuration
</UL>

<P><STRONG><a name="[d8]"></a>ADC_ContinuousModeCmd</STRONG> (Thumb, 28 bytes, Stack size 0 bytes, stm32f0xx_adc.o(.text), UNUSED)

<P><STRONG><a name="[d9]"></a>ADC_DiscModeCmd</STRONG> (Thumb, 28 bytes, Stack size 0 bytes, stm32f0xx_adc.o(.text), UNUSED)

<P><STRONG><a name="[da]"></a>ADC_OverrunModeCmd</STRONG> (Thumb, 28 bytes, Stack size 0 bytes, stm32f0xx_adc.o(.text), UNUSED)

<P><STRONG><a name="[41]"></a>ADC_GetCalibrationFactor</STRONG> (Thumb, 58 bytes, Stack size 12 bytes, stm32f0xx_adc.o(.text))
<BR><BR>[Stack]<UL><LI>Max Depth = 12<LI>Call Chain = ADC_GetCalibrationFactor
</UL>
<BR>[Called By]<UL><LI><a href="#[32]">&gt;&gt;</a>&nbsp;&nbsp;&nbsp;ADC_Configuration
</UL>

<P><STRONG><a name="[db]"></a>ADC_StopOfConversion</STRONG> (Thumb, 10 bytes, Stack size 0 bytes, stm32f0xx_adc.o(.text), UNUSED)

<P><STRONG><a name="[43]"></a>ADC_StartOfConversion</STRONG> (Thumb, 10 bytes, Stack size 0 bytes, stm32f0xx_adc.o(.text))
<BR><BR>[Called By]<UL><LI><a href="#[32]">&gt;&gt;</a>&nbsp;&nbsp;&nbsp;ADC_Configuration
</UL>

<P><STRONG><a name="[55]"></a>ADC_GetConversionValue</STRONG> (Thumb, 8 bytes, Stack size 0 bytes, stm32f0xx_adc.o(.text))
<BR><BR>[Called By]<UL><LI><a href="#[16]">&gt;&gt;</a>&nbsp;&nbsp;&nbsp;TIM3_IRQHandler
</UL>

<P><STRONG><a name="[dc]"></a>ADC_DMACmd</STRONG> (Thumb, 24 bytes, Stack size 0 bytes, stm32f0xx_adc.o(.text), UNUSED)

<P><STRONG><a name="[dd]"></a>ADC_DMARequestModeConfig</STRONG> (Thumb, 16 bytes, Stack size 0 bytes, stm32f0xx_adc.o(.text), UNUSED)

<P><STRONG><a name="[de]"></a>ADC_ITConfig</STRONG> (Thumb, 20 bytes, Stack size 0 bytes, stm32f0xx_adc.o(.text), UNUSED)

<P><STRONG><a name="[44]"></a>ADC_GetFlagStatus</STRONG> (Thumb, 44 bytes, Stack size 12 bytes, stm32f0xx_adc.o(.text))
<BR><BR>[Stack]<UL><LI>Max Depth = 12<LI>Call Chain = ADC_GetFlagStatus
</UL>
<BR>[Called By]<UL><LI><a href="#[32]">&gt;&gt;</a>&nbsp;&nbsp;&nbsp;ADC_Configuration
</UL>

<P><STRONG><a name="[df]"></a>ADC_ClearFlag</STRONG> (Thumb, 4 bytes, Stack size 0 bytes, stm32f0xx_adc.o(.text), UNUSED)

<P><STRONG><a name="[e0]"></a>ADC_GetITStatus</STRONG> (Thumb, 32 bytes, Stack size 8 bytes, stm32f0xx_adc.o(.text), UNUSED)

<P><STRONG><a name="[e1]"></a>ADC_ClearITPendingBit</STRONG> (Thumb, 4 bytes, Stack size 0 bytes, stm32f0xx_adc.o(.text), UNUSED)

<P><STRONG><a name="[47]"></a>NVIC_Init</STRONG> (Thumb, 106 bytes, Stack size 0 bytes, stm32f0xx_misc.o(.text))
<BR><BR>[Called By]<UL><LI><a href="#[2e]">&gt;&gt;</a>&nbsp;&nbsp;&nbsp;USART_Configuration
<LI><a href="#[33]">&gt;&gt;</a>&nbsp;&nbsp;&nbsp;TIMER_Config
<LI><a href="#[34]">&gt;&gt;</a>&nbsp;&nbsp;&nbsp;TIMER2_Config
</UL>

<P><STRONG><a name="[e2]"></a>NVIC_SystemLPConfig</STRONG> (Thumb, 28 bytes, Stack size 0 bytes, stm32f0xx_misc.o(.text), UNUSED)

<P><STRONG><a name="[e3]"></a>SysTick_CLKSourceConfig</STRONG> (Thumb, 32 bytes, Stack size 0 bytes, stm32f0xx_misc.o(.text), UNUSED)

<P><STRONG><a name="[31]"></a>TIM_DeInit</STRONG> (Thumb, 204 bytes, Stack size 8 bytes, stm32f0xx_tim.o(.text))
<BR><BR>[Stack]<UL><LI>Max Depth = 8<LI>Call Chain = TIM_DeInit
</UL>
<BR>[Calls]<UL><LI><a href="#[74]">&gt;&gt;</a>&nbsp;&nbsp;&nbsp;RCC_APB1PeriphResetCmd
<LI><a href="#[73]">&gt;&gt;</a>&nbsp;&nbsp;&nbsp;RCC_APB2PeriphResetCmd
</UL>
<BR>[Called By]<UL><LI><a href="#[23]">&gt;&gt;</a>&nbsp;&nbsp;&nbsp;main
</UL>

<P><STRONG><a name="[46]"></a>TIM_TimeBaseInit</STRONG> (Thumb, 90 bytes, Stack size 0 bytes, stm32f0xx_tim.o(.text))
<BR><BR>[Called By]<UL><LI><a href="#[33]">&gt;&gt;</a>&nbsp;&nbsp;&nbsp;TIMER_Config
<LI><a href="#[34]">&gt;&gt;</a>&nbsp;&nbsp;&nbsp;TIMER2_Config
</UL>

<P><STRONG><a name="[e4]"></a>TIM_TimeBaseStructInit</STRONG> (Thumb, 18 bytes, Stack size 0 bytes, stm32f0xx_tim.o(.text), UNUSED)

<P><STRONG><a name="[e5]"></a>TIM_PrescalerConfig</STRONG> (Thumb, 6 bytes, Stack size 0 bytes, stm32f0xx_tim.o(.text), UNUSED)

<P><STRONG><a name="[e6]"></a>TIM_CounterModeConfig</STRONG> (Thumb, 20 bytes, Stack size 0 bytes, stm32f0xx_tim.o(.text), UNUSED)

<P><STRONG><a name="[e7]"></a>TIM_SetCounter</STRONG> (Thumb, 4 bytes, Stack size 0 bytes, stm32f0xx_tim.o(.text), UNUSED)

<P><STRONG><a name="[e8]"></a>TIM_SetAutoreload</STRONG> (Thumb, 4 bytes, Stack size 0 bytes, stm32f0xx_tim.o(.text), UNUSED)

<P><STRONG><a name="[e9]"></a>TIM_GetCounter</STRONG> (Thumb, 6 bytes, Stack size 0 bytes, stm32f0xx_tim.o(.text), UNUSED)

<P><STRONG><a name="[ea]"></a>TIM_GetPrescaler</STRONG> (Thumb, 6 bytes, Stack size 0 bytes, stm32f0xx_tim.o(.text), UNUSED)

<P><STRONG><a name="[eb]"></a>TIM_UpdateDisableConfig</STRONG> (Thumb, 26 bytes, Stack size 0 bytes, stm32f0xx_tim.o(.text), UNUSED)

<P><STRONG><a name="[ec]"></a>TIM_UpdateRequestConfig</STRONG> (Thumb, 26 bytes, Stack size 0 bytes, stm32f0xx_tim.o(.text), UNUSED)

<P><STRONG><a name="[ed]"></a>TIM_ARRPreloadConfig</STRONG> (Thumb, 26 bytes, Stack size 0 bytes, stm32f0xx_tim.o(.text), UNUSED)

<P><STRONG><a name="[ee]"></a>TIM_SelectOnePulseMode</STRONG> (Thumb, 18 bytes, Stack size 0 bytes, stm32f0xx_tim.o(.text), UNUSED)

<P><STRONG><a name="[ef]"></a>TIM_SetClockDivision</STRONG> (Thumb, 16 bytes, Stack size 0 bytes, stm32f0xx_tim.o(.text), UNUSED)

<P><STRONG><a name="[49]"></a>TIM_Cmd</STRONG> (Thumb, 26 bytes, Stack size 0 bytes, stm32f0xx_tim.o(.text))
<BR><BR>[Called By]<UL><LI><a href="#[16]">&gt;&gt;</a>&nbsp;&nbsp;&nbsp;TIM3_IRQHandler
<LI><a href="#[33]">&gt;&gt;</a>&nbsp;&nbsp;&nbsp;TIMER_Config
<LI><a href="#[34]">&gt;&gt;</a>&nbsp;&nbsp;&nbsp;TIMER2_Config
</UL>

<P><STRONG><a name="[f0]"></a>TIM_BDTRConfig</STRONG> (Thumb, 32 bytes, Stack size 0 bytes, stm32f0xx_tim.o(.text), UNUSED)

<P><STRONG><a name="[f1]"></a>TIM_BDTRStructInit</STRONG> (Thumb, 18 bytes, Stack size 0 bytes, stm32f0xx_tim.o(.text), UNUSED)

<P><STRONG><a name="[4f]"></a>TIM_CtrlPWMOutputs</STRONG> (Thumb, 34 bytes, Stack size 0 bytes, stm32f0xx_tim.o(.text))
<BR><BR>[Called By]<UL><LI><a href="#[34]">&gt;&gt;</a>&nbsp;&nbsp;&nbsp;TIMER2_Config
</UL>

<P><STRONG><a name="[f2]"></a>TIM_OC1Init</STRONG> (Thumb, 122 bytes, Stack size 16 bytes, stm32f0xx_tim.o(.text), UNUSED)

<P><STRONG><a name="[4c]"></a>TIM_OC2Init</STRONG> (Thumb, 132 bytes, Stack size 16 bytes, stm32f0xx_tim.o(.text))
<BR><BR>[Stack]<UL><LI>Max Depth = 16<LI>Call Chain = TIM_OC2Init
</UL>
<BR>[Called By]<UL><LI><a href="#[34]">&gt;&gt;</a>&nbsp;&nbsp;&nbsp;TIMER2_Config
</UL>

<P><STRONG><a name="[f3]"></a>TIM_OC3Init</STRONG> (Thumb, 124 bytes, Stack size 16 bytes, stm32f0xx_tim.o(.text), UNUSED)

<P><STRONG><a name="[f4]"></a>TIM_OC4Init</STRONG> (Thumb, 150 bytes, Stack size 16 bytes, stm32f0xx_tim.o(.text), UNUSED)

<P><STRONG><a name="[f5]"></a>TIM_OCStructInit</STRONG> (Thumb, 20 bytes, Stack size 0 bytes, stm32f0xx_tim.o(.text), UNUSED)

<P><STRONG><a name="[f6]"></a>TIM_SelectOCxM</STRONG> (Thumb, 82 bytes, Stack size 16 bytes, stm32f0xx_tim.o(.text), UNUSED)

<P><STRONG><a name="[f7]"></a>TIM_SetCompare1</STRONG> (Thumb, 4 bytes, Stack size 0 bytes, stm32f0xx_tim.o(.text), UNUSED)

<P><STRONG><a name="[f8]"></a>TIM_SetCompare2</STRONG> (Thumb, 4 bytes, Stack size 0 bytes, stm32f0xx_tim.o(.text), UNUSED)

<P><STRONG><a name="[f9]"></a>TIM_SetCompare3</STRONG> (Thumb, 4 bytes, Stack size 0 bytes, stm32f0xx_tim.o(.text), UNUSED)

<P><STRONG><a name="[fa]"></a>TIM_SetCompare4</STRONG> (Thumb, 4 bytes, Stack size 0 bytes, stm32f0xx_tim.o(.text), UNUSED)

<P><STRONG><a name="[fb]"></a>TIM_ForcedOC1Config</STRONG> (Thumb, 20 bytes, Stack size 0 bytes, stm32f0xx_tim.o(.text), UNUSED)

<P><STRONG><a name="[fc]"></a>TIM_ForcedOC2Config</STRONG> (Thumb, 20 bytes, Stack size 0 bytes, stm32f0xx_tim.o(.text), UNUSED)

<P><STRONG><a name="[fd]"></a>TIM_ForcedOC3Config</STRONG> (Thumb, 20 bytes, Stack size 0 bytes, stm32f0xx_tim.o(.text), UNUSED)

<P><STRONG><a name="[fe]"></a>TIM_ForcedOC4Config</STRONG> (Thumb, 20 bytes, Stack size 0 bytes, stm32f0xx_tim.o(.text), UNUSED)

<P><STRONG><a name="[ff]"></a>TIM_CCPreloadControl</STRONG> (Thumb, 26 bytes, Stack size 0 bytes, stm32f0xx_tim.o(.text), UNUSED)

<P><STRONG><a name="[100]"></a>TIM_OC1PreloadConfig</STRONG> (Thumb, 22 bytes, Stack size 0 bytes, stm32f0xx_tim.o(.text), UNUSED)

<P><STRONG><a name="[4d]"></a>TIM_OC2PreloadConfig</STRONG> (Thumb, 20 bytes, Stack size 0 bytes, stm32f0xx_tim.o(.text))
<BR><BR>[Called By]<UL><LI><a href="#[34]">&gt;&gt;</a>&nbsp;&nbsp;&nbsp;TIMER2_Config
</UL>

<P><STRONG><a name="[101]"></a>TIM_OC3PreloadConfig</STRONG> (Thumb, 22 bytes, Stack size 0 bytes, stm32f0xx_tim.o(.text), UNUSED)

<P><STRONG><a name="[102]"></a>TIM_OC4PreloadConfig</STRONG> (Thumb, 20 bytes, Stack size 0 bytes, stm32f0xx_tim.o(.text), UNUSED)

<P><STRONG><a name="[103]"></a>TIM_OC1FastConfig</STRONG> (Thumb, 22 bytes, Stack size 0 bytes, stm32f0xx_tim.o(.text), UNUSED)

<P><STRONG><a name="[104]"></a>TIM_OC2FastConfig</STRONG> (Thumb, 20 bytes, Stack size 0 bytes, stm32f0xx_tim.o(.text), UNUSED)

<P><STRONG><a name="[105]"></a>TIM_OC3FastConfig</STRONG> (Thumb, 22 bytes, Stack size 0 bytes, stm32f0xx_tim.o(.text), UNUSED)

<P><STRONG><a name="[106]"></a>TIM_OC4FastConfig</STRONG> (Thumb, 20 bytes, Stack size 0 bytes, stm32f0xx_tim.o(.text), UNUSED)

<P><STRONG><a name="[107]"></a>TIM_ClearOC1Ref</STRONG> (Thumb, 22 bytes, Stack size 0 bytes, stm32f0xx_tim.o(.text), UNUSED)

<P><STRONG><a name="[108]"></a>TIM_ClearOC2Ref</STRONG> (Thumb, 20 bytes, Stack size 0 bytes, stm32f0xx_tim.o(.text), UNUSED)

<P><STRONG><a name="[109]"></a>TIM_ClearOC3Ref</STRONG> (Thumb, 22 bytes, Stack size 0 bytes, stm32f0xx_tim.o(.text), UNUSED)

<P><STRONG><a name="[10a]"></a>TIM_ClearOC4Ref</STRONG> (Thumb, 20 bytes, Stack size 0 bytes, stm32f0xx_tim.o(.text), UNUSED)

<P><STRONG><a name="[10b]"></a>TIM_OC1PolarityConfig</STRONG> (Thumb, 22 bytes, Stack size 0 bytes, stm32f0xx_tim.o(.text), UNUSED)

<P><STRONG><a name="[10c]"></a>TIM_OC1NPolarityConfig</STRONG> (Thumb, 22 bytes, Stack size 0 bytes, stm32f0xx_tim.o(.text), UNUSED)

<P><STRONG><a name="[10d]"></a>TIM_OC2PolarityConfig</STRONG> (Thumb, 22 bytes, Stack size 0 bytes, stm32f0xx_tim.o(.text), UNUSED)

<P><STRONG><a name="[10e]"></a>TIM_OC2NPolarityConfig</STRONG> (Thumb, 22 bytes, Stack size 0 bytes, stm32f0xx_tim.o(.text), UNUSED)

<P><STRONG><a name="[10f]"></a>TIM_OC3PolarityConfig</STRONG> (Thumb, 20 bytes, Stack size 0 bytes, stm32f0xx_tim.o(.text), UNUSED)

<P><STRONG><a name="[110]"></a>TIM_OC3NPolarityConfig</STRONG> (Thumb, 20 bytes, Stack size 0 bytes, stm32f0xx_tim.o(.text), UNUSED)

<P><STRONG><a name="[111]"></a>TIM_OC4PolarityConfig</STRONG> (Thumb, 20 bytes, Stack size 0 bytes, stm32f0xx_tim.o(.text), UNUSED)

<P><STRONG><a name="[112]"></a>TIM_SelectOCREFClear</STRONG> (Thumb, 18 bytes, Stack size 0 bytes, stm32f0xx_tim.o(.text), UNUSED)

<P><STRONG><a name="[113]"></a>TIM_CCxCmd</STRONG> (Thumb, 30 bytes, Stack size 12 bytes, stm32f0xx_tim.o(.text), UNUSED)

<P><STRONG><a name="[114]"></a>TIM_CCxNCmd</STRONG> (Thumb, 30 bytes, Stack size 12 bytes, stm32f0xx_tim.o(.text), UNUSED)

<P><STRONG><a name="[115]"></a>TIM_SelectCOM</STRONG> (Thumb, 26 bytes, Stack size 0 bytes, stm32f0xx_tim.o(.text), UNUSED)

<P><STRONG><a name="[7d]"></a>TIM_SetIC4Prescaler</STRONG> (Thumb, 20 bytes, Stack size 0 bytes, stm32f0xx_tim.o(.text), UNUSED)
<BR><BR>[Called By]<UL><LI><a href="#[75]">&gt;&gt;</a>&nbsp;&nbsp;&nbsp;TIM_ICInit
</UL>

<P><STRONG><a name="[7b]"></a>TIM_SetIC3Prescaler</STRONG> (Thumb, 18 bytes, Stack size 0 bytes, stm32f0xx_tim.o(.text), UNUSED)
<BR><BR>[Called By]<UL><LI><a href="#[75]">&gt;&gt;</a>&nbsp;&nbsp;&nbsp;TIM_ICInit
</UL>

<P><STRONG><a name="[79]"></a>TIM_SetIC2Prescaler</STRONG> (Thumb, 20 bytes, Stack size 0 bytes, stm32f0xx_tim.o(.text), UNUSED)
<BR><BR>[Called By]<UL><LI><a href="#[7e]">&gt;&gt;</a>&nbsp;&nbsp;&nbsp;TIM_PWMIConfig
<LI><a href="#[75]">&gt;&gt;</a>&nbsp;&nbsp;&nbsp;TIM_ICInit
</UL>

<P><STRONG><a name="[77]"></a>TIM_SetIC1Prescaler</STRONG> (Thumb, 16 bytes, Stack size 0 bytes, stm32f0xx_tim.o(.text), UNUSED)
<BR><BR>[Called By]<UL><LI><a href="#[7e]">&gt;&gt;</a>&nbsp;&nbsp;&nbsp;TIM_PWMIConfig
<LI><a href="#[75]">&gt;&gt;</a>&nbsp;&nbsp;&nbsp;TIM_ICInit
</UL>

<P><STRONG><a name="[75]"></a>TIM_ICInit</STRONG> (Thumb, 112 bytes, Stack size 16 bytes, stm32f0xx_tim.o(.text), UNUSED)
<BR><BR>[Calls]<UL><LI><a href="#[77]">&gt;&gt;</a>&nbsp;&nbsp;&nbsp;TIM_SetIC1Prescaler
<LI><a href="#[79]">&gt;&gt;</a>&nbsp;&nbsp;&nbsp;TIM_SetIC2Prescaler
<LI><a href="#[7b]">&gt;&gt;</a>&nbsp;&nbsp;&nbsp;TIM_SetIC3Prescaler
<LI><a href="#[7d]">&gt;&gt;</a>&nbsp;&nbsp;&nbsp;TIM_SetIC4Prescaler
<LI><a href="#[76]">&gt;&gt;</a>&nbsp;&nbsp;&nbsp;TI1_Config
<LI><a href="#[78]">&gt;&gt;</a>&nbsp;&nbsp;&nbsp;TI2_Config
<LI><a href="#[7a]">&gt;&gt;</a>&nbsp;&nbsp;&nbsp;TI3_Config
<LI><a href="#[7c]">&gt;&gt;</a>&nbsp;&nbsp;&nbsp;TI4_Config
</UL>

<P><STRONG><a name="[116]"></a>TIM_ICStructInit</STRONG> (Thumb, 18 bytes, Stack size 0 bytes, stm32f0xx_tim.o(.text), UNUSED)

<P><STRONG><a name="[7e]"></a>TIM_PWMIConfig</STRONG> (Thumb, 124 bytes, Stack size 24 bytes, stm32f0xx_tim.o(.text), UNUSED)
<BR><BR>[Calls]<UL><LI><a href="#[77]">&gt;&gt;</a>&nbsp;&nbsp;&nbsp;TIM_SetIC1Prescaler
<LI><a href="#[79]">&gt;&gt;</a>&nbsp;&nbsp;&nbsp;TIM_SetIC2Prescaler
<LI><a href="#[76]">&gt;&gt;</a>&nbsp;&nbsp;&nbsp;TI1_Config
<LI><a href="#[78]">&gt;&gt;</a>&nbsp;&nbsp;&nbsp;TI2_Config
</UL>

<P><STRONG><a name="[117]"></a>TIM_GetCapture1</STRONG> (Thumb, 6 bytes, Stack size 0 bytes, stm32f0xx_tim.o(.text), UNUSED)

<P><STRONG><a name="[118]"></a>TIM_GetCapture2</STRONG> (Thumb, 6 bytes, Stack size 0 bytes, stm32f0xx_tim.o(.text), UNUSED)

<P><STRONG><a name="[119]"></a>TIM_GetCapture3</STRONG> (Thumb, 6 bytes, Stack size 0 bytes, stm32f0xx_tim.o(.text), UNUSED)

<P><STRONG><a name="[11a]"></a>TIM_GetCapture4</STRONG> (Thumb, 6 bytes, Stack size 0 bytes, stm32f0xx_tim.o(.text), UNUSED)

<P><STRONG><a name="[48]"></a>TIM_ITConfig</STRONG> (Thumb, 20 bytes, Stack size 0 bytes, stm32f0xx_tim.o(.text))
<BR><BR>[Called By]<UL><LI><a href="#[33]">&gt;&gt;</a>&nbsp;&nbsp;&nbsp;TIMER_Config
<LI><a href="#[34]">&gt;&gt;</a>&nbsp;&nbsp;&nbsp;TIMER2_Config
</UL>

<P><STRONG><a name="[4e]"></a>TIM_GenerateEvent</STRONG> (Thumb, 4 bytes, Stack size 0 bytes, stm32f0xx_tim.o(.text))
<BR><BR>[Called By]<UL><LI><a href="#[34]">&gt;&gt;</a>&nbsp;&nbsp;&nbsp;TIMER2_Config
</UL>

<P><STRONG><a name="[11b]"></a>TIM_GetFlagStatus</STRONG> (Thumb, 18 bytes, Stack size 0 bytes, stm32f0xx_tim.o(.text), UNUSED)

<P><STRONG><a name="[11c]"></a>TIM_ClearFlag</STRONG> (Thumb, 6 bytes, Stack size 0 bytes, stm32f0xx_tim.o(.text), UNUSED)

<P><STRONG><a name="[53]"></a>TIM_GetITStatus</STRONG> (Thumb, 38 bytes, Stack size 12 bytes, stm32f0xx_tim.o(.text))
<BR><BR>[Stack]<UL><LI>Max Depth = 12<LI>Call Chain = TIM_GetITStatus
</UL>
<BR>[Called By]<UL><LI><a href="#[16]">&gt;&gt;</a>&nbsp;&nbsp;&nbsp;TIM3_IRQHandler
</UL>

<P><STRONG><a name="[54]"></a>TIM_ClearITPendingBit</STRONG> (Thumb, 6 bytes, Stack size 0 bytes, stm32f0xx_tim.o(.text))
<BR><BR>[Called By]<UL><LI><a href="#[16]">&gt;&gt;</a>&nbsp;&nbsp;&nbsp;TIM3_IRQHandler
</UL>

<P><STRONG><a name="[11d]"></a>TIM_DMAConfig</STRONG> (Thumb, 12 bytes, Stack size 8 bytes, stm32f0xx_tim.o(.text), UNUSED)

<P><STRONG><a name="[11e]"></a>TIM_DMACmd</STRONG> (Thumb, 20 bytes, Stack size 0 bytes, stm32f0xx_tim.o(.text), UNUSED)

<P><STRONG><a name="[11f]"></a>TIM_SelectCCDMA</STRONG> (Thumb, 26 bytes, Stack size 0 bytes, stm32f0xx_tim.o(.text), UNUSED)

<P><STRONG><a name="[120]"></a>TIM_InternalClockConfig</STRONG> (Thumb, 12 bytes, Stack size 0 bytes, stm32f0xx_tim.o(.text), UNUSED)

<P><STRONG><a name="[80]"></a>TIM_SelectInputTrigger</STRONG> (Thumb, 22 bytes, Stack size 0 bytes, stm32f0xx_tim.o(.text), UNUSED)
<BR><BR>[Called By]<UL><LI><a href="#[81]">&gt;&gt;</a>&nbsp;&nbsp;&nbsp;TIM_TIxExternalClockConfig
<LI><a href="#[7f]">&gt;&gt;</a>&nbsp;&nbsp;&nbsp;TIM_ITRxExternalClockConfig
</UL>

<P><STRONG><a name="[7f]"></a>TIM_ITRxExternalClockConfig</STRONG> (Thumb, 24 bytes, Stack size 12 bytes, stm32f0xx_tim.o(.text), UNUSED)
<BR><BR>[Calls]<UL><LI><a href="#[80]">&gt;&gt;</a>&nbsp;&nbsp;&nbsp;TIM_SelectInputTrigger
</UL>

<P><STRONG><a name="[81]"></a>TIM_TIxExternalClockConfig</STRONG> (Thumb, 58 bytes, Stack size 24 bytes, stm32f0xx_tim.o(.text), UNUSED)
<BR><BR>[Calls]<UL><LI><a href="#[80]">&gt;&gt;</a>&nbsp;&nbsp;&nbsp;TIM_SelectInputTrigger
<LI><a href="#[76]">&gt;&gt;</a>&nbsp;&nbsp;&nbsp;TI1_Config
<LI><a href="#[78]">&gt;&gt;</a>&nbsp;&nbsp;&nbsp;TI2_Config
</UL>

<P><STRONG><a name="[83]"></a>TIM_ETRConfig</STRONG> (Thumb, 24 bytes, Stack size 12 bytes, stm32f0xx_tim.o(.text), UNUSED)
<BR><BR>[Called By]<UL><LI><a href="#[84]">&gt;&gt;</a>&nbsp;&nbsp;&nbsp;TIM_ETRClockMode2Config
<LI><a href="#[82]">&gt;&gt;</a>&nbsp;&nbsp;&nbsp;TIM_ETRClockMode1Config
</UL>

<P><STRONG><a name="[82]"></a>TIM_ETRClockMode1Config</STRONG> (Thumb, 48 bytes, Stack size 36 bytes, stm32f0xx_tim.o(.text), UNUSED)
<BR><BR>[Calls]<UL><LI><a href="#[83]">&gt;&gt;</a>&nbsp;&nbsp;&nbsp;TIM_ETRConfig
</UL>

<P><STRONG><a name="[84]"></a>TIM_ETRClockMode2Config</STRONG> (Thumb, 34 bytes, Stack size 20 bytes, stm32f0xx_tim.o(.text), UNUSED)
<BR><BR>[Calls]<UL><LI><a href="#[83]">&gt;&gt;</a>&nbsp;&nbsp;&nbsp;TIM_ETRConfig
</UL>

<P><STRONG><a name="[121]"></a>TIM_SelectOutputTrigger</STRONG> (Thumb, 18 bytes, Stack size 0 bytes, stm32f0xx_tim.o(.text), UNUSED)

<P><STRONG><a name="[122]"></a>TIM_SelectSlaveMode</STRONG> (Thumb, 18 bytes, Stack size 0 bytes, stm32f0xx_tim.o(.text), UNUSED)

<P><STRONG><a name="[123]"></a>TIM_SelectMasterSlaveMode</STRONG> (Thumb, 18 bytes, Stack size 0 bytes, stm32f0xx_tim.o(.text), UNUSED)

<P><STRONG><a name="[124]"></a>TIM_EncoderInterfaceConfig</STRONG> (Thumb, 60 bytes, Stack size 20 bytes, stm32f0xx_tim.o(.text), UNUSED)

<P><STRONG><a name="[125]"></a>TIM_SelectHallSensor</STRONG> (Thumb, 26 bytes, Stack size 0 bytes, stm32f0xx_tim.o(.text), UNUSED)

<P><STRONG><a name="[126]"></a>TIM_RemapConfig</STRONG> (Thumb, 6 bytes, Stack size 0 bytes, stm32f0xx_tim.o(.text), UNUSED)

<P><STRONG><a name="[85]"></a>USART_DeInit</STRONG> (Thumb, 56 bytes, Stack size 8 bytes, stm32f0xx_usart.o(.text), UNUSED)
<BR><BR>[Calls]<UL><LI><a href="#[74]">&gt;&gt;</a>&nbsp;&nbsp;&nbsp;RCC_APB1PeriphResetCmd
<LI><a href="#[73]">&gt;&gt;</a>&nbsp;&nbsp;&nbsp;RCC_APB2PeriphResetCmd
</UL>

<P><STRONG><a name="[59]"></a>USART_Init</STRONG> (Thumb, 230 bytes, Stack size 56 bytes, stm32f0xx_usart.o(.text))
<BR><BR>[Stack]<UL><LI>Max Depth = 100<LI>Call Chain = USART_Init &rArr; RCC_GetClocksFreq &rArr; __aeabi_uidivmod
</UL>
<BR>[Calls]<UL><LI><a href="#[72]">&gt;&gt;</a>&nbsp;&nbsp;&nbsp;RCC_GetClocksFreq
<LI><a href="#[2b]">&gt;&gt;</a>&nbsp;&nbsp;&nbsp;__aeabi_uidivmod
</UL>
<BR>[Called By]<UL><LI><a href="#[2e]">&gt;&gt;</a>&nbsp;&nbsp;&nbsp;USART_Configuration
</UL>

<P><STRONG><a name="[127]"></a>USART_StructInit</STRONG> (Thumb, 24 bytes, Stack size 0 bytes, stm32f0xx_usart.o(.text), UNUSED)

<P><STRONG><a name="[128]"></a>USART_ClockInit</STRONG> (Thumb, 36 bytes, Stack size 8 bytes, stm32f0xx_usart.o(.text), UNUSED)

<P><STRONG><a name="[129]"></a>USART_ClockStructInit</STRONG> (Thumb, 12 bytes, Stack size 0 bytes, stm32f0xx_usart.o(.text), UNUSED)

<P><STRONG><a name="[5b]"></a>USART_Cmd</STRONG> (Thumb, 24 bytes, Stack size 0 bytes, stm32f0xx_usart.o(.text))
<BR><BR>[Called By]<UL><LI><a href="#[2e]">&gt;&gt;</a>&nbsp;&nbsp;&nbsp;USART_Configuration
</UL>

<P><STRONG><a name="[12a]"></a>USART_DirectionModeCmd</STRONG> (Thumb, 20 bytes, Stack size 0 bytes, stm32f0xx_usart.o(.text), UNUSED)

<P><STRONG><a name="[12b]"></a>USART_OverSampling8Cmd</STRONG> (Thumb, 28 bytes, Stack size 0 bytes, stm32f0xx_usart.o(.text), UNUSED)

<P><STRONG><a name="[12c]"></a>USART_OneBitMethodCmd</STRONG> (Thumb, 28 bytes, Stack size 0 bytes, stm32f0xx_usart.o(.text), UNUSED)

<P><STRONG><a name="[12d]"></a>USART_MSBFirstCmd</STRONG> (Thumb, 28 bytes, Stack size 0 bytes, stm32f0xx_usart.o(.text), UNUSED)

<P><STRONG><a name="[12e]"></a>USART_DataInvCmd</STRONG> (Thumb, 28 bytes, Stack size 0 bytes, stm32f0xx_usart.o(.text), UNUSED)

<P><STRONG><a name="[12f]"></a>USART_InvPinCmd</STRONG> (Thumb, 20 bytes, Stack size 0 bytes, stm32f0xx_usart.o(.text), UNUSED)

<P><STRONG><a name="[130]"></a>USART_SWAPPinCmd</STRONG> (Thumb, 28 bytes, Stack size 0 bytes, stm32f0xx_usart.o(.text), UNUSED)

<P><STRONG><a name="[131]"></a>USART_ReceiverTimeOutCmd</STRONG> (Thumb, 28 bytes, Stack size 0 bytes, stm32f0xx_usart.o(.text), UNUSED)

<P><STRONG><a name="[132]"></a>USART_SetReceiverTimeOut</STRONG> (Thumb, 16 bytes, Stack size 0 bytes, stm32f0xx_usart.o(.text), UNUSED)

<P><STRONG><a name="[133]"></a>USART_SetPrescaler</STRONG> (Thumb, 18 bytes, Stack size 0 bytes, stm32f0xx_usart.o(.text), UNUSED)

<P><STRONG><a name="[134]"></a>USART_STOPModeCmd</STRONG> (Thumb, 24 bytes, Stack size 0 bytes, stm32f0xx_usart.o(.text), UNUSED)

<P><STRONG><a name="[135]"></a>USART_StopModeWakeUpSourceConfig</STRONG> (Thumb, 18 bytes, Stack size 0 bytes, stm32f0xx_usart.o(.text), UNUSED)

<P><STRONG><a name="[136]"></a>USART_AutoBaudRateCmd</STRONG> (Thumb, 28 bytes, Stack size 0 bytes, stm32f0xx_usart.o(.text), UNUSED)

<P><STRONG><a name="[137]"></a>USART_AutoBaudRateConfig</STRONG> (Thumb, 18 bytes, Stack size 0 bytes, stm32f0xx_usart.o(.text), UNUSED)

<P><STRONG><a name="[138]"></a>USART_AutoBaudRateNewRequest</STRONG> (Thumb, 12 bytes, Stack size 0 bytes, stm32f0xx_usart.o(.text), UNUSED)

<P><STRONG><a name="[58]"></a>USART_SendData</STRONG> (Thumb, 8 bytes, Stack size 0 bytes, stm32f0xx_usart.o(.text))
<BR><BR>[Called By]<UL><LI><a href="#[5f]">&gt;&gt;</a>&nbsp;&nbsp;&nbsp;USART1_SendString
<LI><a href="#[26]">&gt;&gt;</a>&nbsp;&nbsp;&nbsp;fputc
</UL>

<P><STRONG><a name="[5d]"></a>USART_ReceiveData</STRONG> (Thumb, 10 bytes, Stack size 0 bytes, stm32f0xx_usart.o(.text))
<BR><BR>[Called By]<UL><LI><a href="#[20]">&gt;&gt;</a>&nbsp;&nbsp;&nbsp;USART1_IRQHandler
</UL>

<P><STRONG><a name="[139]"></a>USART_SetAddress</STRONG> (Thumb, 18 bytes, Stack size 0 bytes, stm32f0xx_usart.o(.text), UNUSED)

<P><STRONG><a name="[13a]"></a>USART_MuteModeCmd</STRONG> (Thumb, 28 bytes, Stack size 0 bytes, stm32f0xx_usart.o(.text), UNUSED)

<P><STRONG><a name="[13b]"></a>USART_MuteModeWakeUpConfig</STRONG> (Thumb, 18 bytes, Stack size 0 bytes, stm32f0xx_usart.o(.text), UNUSED)

<P><STRONG><a name="[13c]"></a>USART_AddressDetectionConfig</STRONG> (Thumb, 16 bytes, Stack size 0 bytes, stm32f0xx_usart.o(.text), UNUSED)

<P><STRONG><a name="[13d]"></a>USART_LINBreakDetectLengthConfig</STRONG> (Thumb, 16 bytes, Stack size 0 bytes, stm32f0xx_usart.o(.text), UNUSED)

<P><STRONG><a name="[13e]"></a>USART_LINCmd</STRONG> (Thumb, 28 bytes, Stack size 0 bytes, stm32f0xx_usart.o(.text), UNUSED)

<P><STRONG><a name="[13f]"></a>USART_HalfDuplexCmd</STRONG> (Thumb, 24 bytes, Stack size 0 bytes, stm32f0xx_usart.o(.text), UNUSED)

<P><STRONG><a name="[140]"></a>USART_SetGuardTime</STRONG> (Thumb, 16 bytes, Stack size 0 bytes, stm32f0xx_usart.o(.text), UNUSED)

<P><STRONG><a name="[141]"></a>USART_SmartCardCmd</STRONG> (Thumb, 24 bytes, Stack size 0 bytes, stm32f0xx_usart.o(.text), UNUSED)

<P><STRONG><a name="[142]"></a>USART_SmartCardNACKCmd</STRONG> (Thumb, 24 bytes, Stack size 0 bytes, stm32f0xx_usart.o(.text), UNUSED)

<P><STRONG><a name="[143]"></a>USART_SetAutoRetryCount</STRONG> (Thumb, 20 bytes, Stack size 0 bytes, stm32f0xx_usart.o(.text), UNUSED)

<P><STRONG><a name="[144]"></a>USART_SetBlockLength</STRONG> (Thumb, 30 bytes, Stack size 0 bytes, stm32f0xx_usart.o(.text), UNUSED)

<P><STRONG><a name="[145]"></a>USART_IrDAConfig</STRONG> (Thumb, 16 bytes, Stack size 0 bytes, stm32f0xx_usart.o(.text), UNUSED)

<P><STRONG><a name="[146]"></a>USART_IrDACmd</STRONG> (Thumb, 24 bytes, Stack size 0 bytes, stm32f0xx_usart.o(.text), UNUSED)

<P><STRONG><a name="[147]"></a>USART_DECmd</STRONG> (Thumb, 28 bytes, Stack size 0 bytes, stm32f0xx_usart.o(.text), UNUSED)

<P><STRONG><a name="[148]"></a>USART_DEPolarityConfig</STRONG> (Thumb, 18 bytes, Stack size 0 bytes, stm32f0xx_usart.o(.text), UNUSED)

<P><STRONG><a name="[149]"></a>USART_SetDEAssertionTime</STRONG> (Thumb, 20 bytes, Stack size 0 bytes, stm32f0xx_usart.o(.text), UNUSED)

<P><STRONG><a name="[14a]"></a>USART_SetDEDeassertionTime</STRONG> (Thumb, 20 bytes, Stack size 0 bytes, stm32f0xx_usart.o(.text), UNUSED)

<P><STRONG><a name="[14b]"></a>USART_DMACmd</STRONG> (Thumb, 20 bytes, Stack size 0 bytes, stm32f0xx_usart.o(.text), UNUSED)

<P><STRONG><a name="[14c]"></a>USART_DMAReceptionErrorConfig</STRONG> (Thumb, 18 bytes, Stack size 0 bytes, stm32f0xx_usart.o(.text), UNUSED)

<P><STRONG><a name="[5a]"></a>USART_ITConfig</STRONG> (Thumb, 66 bytes, Stack size 24 bytes, stm32f0xx_usart.o(.text))
<BR><BR>[Stack]<UL><LI>Max Depth = 24<LI>Call Chain = USART_ITConfig
</UL>
<BR>[Called By]<UL><LI><a href="#[2e]">&gt;&gt;</a>&nbsp;&nbsp;&nbsp;USART_Configuration
</UL>

<P><STRONG><a name="[14d]"></a>USART_RequestCmd</STRONG> (Thumb, 20 bytes, Stack size 0 bytes, stm32f0xx_usart.o(.text), UNUSED)

<P><STRONG><a name="[14e]"></a>USART_OverrunDetectionConfig</STRONG> (Thumb, 18 bytes, Stack size 0 bytes, stm32f0xx_usart.o(.text), UNUSED)

<P><STRONG><a name="[57]"></a>USART_GetFlagStatus</STRONG> (Thumb, 18 bytes, Stack size 0 bytes, stm32f0xx_usart.o(.text))
<BR><BR>[Called By]<UL><LI><a href="#[5f]">&gt;&gt;</a>&nbsp;&nbsp;&nbsp;USART1_SendString
<LI><a href="#[26]">&gt;&gt;</a>&nbsp;&nbsp;&nbsp;fputc
</UL>

<P><STRONG><a name="[60]"></a>USART_ClearFlag</STRONG> (Thumb, 4 bytes, Stack size 0 bytes, stm32f0xx_usart.o(.text), UNUSED)
<BR><BR>[Called By]<UL><LI><a href="#[5f]">&gt;&gt;</a>&nbsp;&nbsp;&nbsp;USART1_SendString
</UL>

<P><STRONG><a name="[5c]"></a>USART_GetITStatus</STRONG> (Thumb, 78 bytes, Stack size 16 bytes, stm32f0xx_usart.o(.text))
<BR><BR>[Stack]<UL><LI>Max Depth = 16<LI>Call Chain = USART_GetITStatus
</UL>
<BR>[Called By]<UL><LI><a href="#[20]">&gt;&gt;</a>&nbsp;&nbsp;&nbsp;USART1_IRQHandler
</UL>

<P><STRONG><a name="[5e]"></a>USART_ClearITPendingBit</STRONG> (Thumb, 18 bytes, Stack size 8 bytes, stm32f0xx_usart.o(.text))
<BR><BR>[Stack]<UL><LI>Max Depth = 8<LI>Call Chain = USART_ClearITPendingBit
</UL>
<BR>[Called By]<UL><LI><a href="#[20]">&gt;&gt;</a>&nbsp;&nbsp;&nbsp;USART1_IRQHandler
</UL>

<P><STRONG><a name="[14f]"></a>__aeabi_uidiv</STRONG> (Thumb, 0 bytes, Stack size 12 bytes, uidiv.o(.text), UNUSED)

<P><STRONG><a name="[2b]"></a>__aeabi_uidivmod</STRONG> (Thumb, 44 bytes, Stack size 12 bytes, uidiv.o(.text))
<BR><BR>[Stack]<UL><LI>Max Depth = 12<LI>Call Chain = __aeabi_uidivmod
</UL>
<BR>[Called By]<UL><LI><a href="#[72]">&gt;&gt;</a>&nbsp;&nbsp;&nbsp;RCC_GetClocksFreq
<LI><a href="#[59]">&gt;&gt;</a>&nbsp;&nbsp;&nbsp;USART_Init
<LI><a href="#[2d]">&gt;&gt;</a>&nbsp;&nbsp;&nbsp;Systick_Init
<LI><a href="#[2a]">&gt;&gt;</a>&nbsp;&nbsp;&nbsp;SystemCoreClockUpdate
<LI><a href="#[97]">&gt;&gt;</a>&nbsp;&nbsp;&nbsp;_printf_core
<LI><a href="#[52]">&gt;&gt;</a>&nbsp;&nbsp;&nbsp;__aeabi_idivmod
</UL>

<P><STRONG><a name="[150]"></a>__aeabi_idiv</STRONG> (Thumb, 0 bytes, Stack size 16 bytes, idiv.o(.text), UNUSED)

<P><STRONG><a name="[52]"></a>__aeabi_idivmod</STRONG> (Thumb, 40 bytes, Stack size 16 bytes, idiv.o(.text))
<BR><BR>[Stack]<UL><LI>Max Depth = 28<LI>Call Chain = __aeabi_idivmod &rArr; __aeabi_uidivmod
</UL>
<BR>[Calls]<UL><LI><a href="#[2b]">&gt;&gt;</a>&nbsp;&nbsp;&nbsp;__aeabi_uidivmod
</UL>
<BR>[Called By]<UL><LI><a href="#[16]">&gt;&gt;</a>&nbsp;&nbsp;&nbsp;TIM3_IRQHandler
<LI><a href="#[50]">&gt;&gt;</a>&nbsp;&nbsp;&nbsp;search
</UL>

<P><STRONG><a name="[51]"></a>__aeabi_ldivmod</STRONG> (Thumb, 76 bytes, Stack size 24 bytes, ldiv.o(.text))
<BR><BR>[Stack]<UL><LI>Max Depth = 80<LI>Call Chain = __aeabi_ldivmod &rArr; __aeabi_uldivmod &rArr; __aeabi_llsr
</UL>
<BR>[Calls]<UL><LI><a href="#[86]">&gt;&gt;</a>&nbsp;&nbsp;&nbsp;__aeabi_uldivmod
</UL>
<BR>[Called By]<UL><LI><a href="#[50]">&gt;&gt;</a>&nbsp;&nbsp;&nbsp;search
</UL>

<P><STRONG><a name="[36]"></a>__aeabi_fadd</STRONG> (Thumb, 162 bytes, Stack size 24 bytes, fadd.o(.text))
<BR><BR>[Stack]<UL><LI>Max Depth = 36<LI>Call Chain = __aeabi_fadd &rArr; _float_epilogue
</UL>
<BR>[Calls]<UL><LI><a href="#[88]">&gt;&gt;</a>&nbsp;&nbsp;&nbsp;_float_round
<LI><a href="#[87]">&gt;&gt;</a>&nbsp;&nbsp;&nbsp;_float_epilogue
</UL>
<BR>[Called By]<UL><LI><a href="#[23]">&gt;&gt;</a>&nbsp;&nbsp;&nbsp;main
<LI><a href="#[8a]">&gt;&gt;</a>&nbsp;&nbsp;&nbsp;__aeabi_frsub
<LI><a href="#[89]">&gt;&gt;</a>&nbsp;&nbsp;&nbsp;__aeabi_fsub
</UL>

<P><STRONG><a name="[89]"></a>__aeabi_fsub</STRONG> (Thumb, 8 bytes, Stack size 0 bytes, fadd.o(.text), UNUSED)
<BR><BR>[Calls]<UL><LI><a href="#[36]">&gt;&gt;</a>&nbsp;&nbsp;&nbsp;__aeabi_fadd
</UL>

<P><STRONG><a name="[8a]"></a>__aeabi_frsub</STRONG> (Thumb, 8 bytes, Stack size 0 bytes, fadd.o(.text), UNUSED)
<BR><BR>[Calls]<UL><LI><a href="#[36]">&gt;&gt;</a>&nbsp;&nbsp;&nbsp;__aeabi_fadd
</UL>

<P><STRONG><a name="[37]"></a>__aeabi_fdiv</STRONG> (Thumb, 124 bytes, Stack size 16 bytes, fdiv.o(.text))
<BR><BR>[Stack]<UL><LI>Max Depth = 16<LI>Call Chain = __aeabi_fdiv
</UL>
<BR>[Calls]<UL><LI><a href="#[88]">&gt;&gt;</a>&nbsp;&nbsp;&nbsp;_float_round
</UL>
<BR>[Called By]<UL><LI><a href="#[23]">&gt;&gt;</a>&nbsp;&nbsp;&nbsp;main
</UL>

<P><STRONG><a name="[8b]"></a>__aeabi_dadd</STRONG> (Thumb, 326 bytes, Stack size 48 bytes, dadd.o(.text))
<BR><BR>[Stack]<UL><LI>Max Depth = 104<LI>Call Chain = __aeabi_dadd &rArr; _double_epilogue &rArr; __aeabi_llsr
</UL>
<BR>[Calls]<UL><LI><a href="#[8d]">&gt;&gt;</a>&nbsp;&nbsp;&nbsp;__aeabi_lasr
<LI><a href="#[8c]">&gt;&gt;</a>&nbsp;&nbsp;&nbsp;__aeabi_llsl
<LI><a href="#[8f]">&gt;&gt;</a>&nbsp;&nbsp;&nbsp;_double_round
<LI><a href="#[8e]">&gt;&gt;</a>&nbsp;&nbsp;&nbsp;_double_epilogue
</UL>
<BR>[Called By]<UL><LI><a href="#[6c]">&gt;&gt;</a>&nbsp;&nbsp;&nbsp;__aeabi_dsub
<LI><a href="#[98]">&gt;&gt;</a>&nbsp;&nbsp;&nbsp;_fp_digits
<LI><a href="#[90]">&gt;&gt;</a>&nbsp;&nbsp;&nbsp;__aeabi_drsub
</UL>

<P><STRONG><a name="[6c]"></a>__aeabi_dsub</STRONG> (Thumb, 12 bytes, Stack size 8 bytes, dadd.o(.text))
<BR><BR>[Stack]<UL><LI>Max Depth = 112<LI>Call Chain = __aeabi_dsub &rArr; __aeabi_dadd &rArr; _double_epilogue &rArr; __aeabi_llsr
</UL>
<BR>[Calls]<UL><LI><a href="#[8b]">&gt;&gt;</a>&nbsp;&nbsp;&nbsp;__aeabi_dadd
</UL>
<BR>[Called By]<UL><LI><a href="#[35]">&gt;&gt;</a>&nbsp;&nbsp;&nbsp;SMBus_ReadTemp
</UL>

<P><STRONG><a name="[90]"></a>__aeabi_drsub</STRONG> (Thumb, 12 bytes, Stack size 8 bytes, dadd.o(.text), UNUSED)
<BR><BR>[Calls]<UL><LI><a href="#[8b]">&gt;&gt;</a>&nbsp;&nbsp;&nbsp;__aeabi_dadd
</UL>

<P><STRONG><a name="[6b]"></a>__aeabi_dmul</STRONG> (Thumb, 202 bytes, Stack size 72 bytes, dmul.o(.text))
<BR><BR>[Stack]<UL><LI>Max Depth = 128<LI>Call Chain = __aeabi_dmul &rArr; _double_epilogue &rArr; __aeabi_llsr
</UL>
<BR>[Calls]<UL><LI><a href="#[8e]">&gt;&gt;</a>&nbsp;&nbsp;&nbsp;_double_epilogue
</UL>
<BR>[Called By]<UL><LI><a href="#[35]">&gt;&gt;</a>&nbsp;&nbsp;&nbsp;SMBus_ReadTemp
<LI><a href="#[98]">&gt;&gt;</a>&nbsp;&nbsp;&nbsp;_fp_digits
</UL>

<P><STRONG><a name="[6a]"></a>__aeabi_ui2d</STRONG> (Thumb, 24 bytes, Stack size 16 bytes, dfltui.o(.text))
<BR><BR>[Stack]<UL><LI>Max Depth = 72<LI>Call Chain = __aeabi_ui2d &rArr; _double_epilogue &rArr; __aeabi_llsr
</UL>
<BR>[Calls]<UL><LI><a href="#[8e]">&gt;&gt;</a>&nbsp;&nbsp;&nbsp;_double_epilogue
</UL>
<BR>[Called By]<UL><LI><a href="#[35]">&gt;&gt;</a>&nbsp;&nbsp;&nbsp;SMBus_ReadTemp
</UL>

<P><STRONG><a name="[38]"></a>__aeabi_f2d</STRONG> (Thumb, 40 bytes, Stack size 0 bytes, f2d.o(.text))
<BR><BR>[Called By]<UL><LI><a href="#[23]">&gt;&gt;</a>&nbsp;&nbsp;&nbsp;main
</UL>

<P><STRONG><a name="[6d]"></a>__aeabi_d2f</STRONG> (Thumb, 56 bytes, Stack size 8 bytes, d2f.o(.text))
<BR><BR>[Stack]<UL><LI>Max Depth = 8<LI>Call Chain = __aeabi_d2f
</UL>
<BR>[Calls]<UL><LI><a href="#[88]">&gt;&gt;</a>&nbsp;&nbsp;&nbsp;_float_round
</UL>
<BR>[Called By]<UL><LI><a href="#[35]">&gt;&gt;</a>&nbsp;&nbsp;&nbsp;SMBus_ReadTemp
</UL>

<P><STRONG><a name="[86]"></a>__aeabi_uldivmod</STRONG> (Thumb, 96 bytes, Stack size 48 bytes, uldiv.o(.text))
<BR><BR>[Stack]<UL><LI>Max Depth = 56<LI>Call Chain = __aeabi_uldivmod &rArr; __aeabi_llsr
</UL>
<BR>[Calls]<UL><LI><a href="#[91]">&gt;&gt;</a>&nbsp;&nbsp;&nbsp;__aeabi_llsr
<LI><a href="#[8c]">&gt;&gt;</a>&nbsp;&nbsp;&nbsp;__aeabi_llsl
</UL>
<BR>[Called By]<UL><LI><a href="#[97]">&gt;&gt;</a>&nbsp;&nbsp;&nbsp;_printf_core
<LI><a href="#[98]">&gt;&gt;</a>&nbsp;&nbsp;&nbsp;_fp_digits
<LI><a href="#[51]">&gt;&gt;</a>&nbsp;&nbsp;&nbsp;__aeabi_ldivmod
</UL>

<P><STRONG><a name="[8c]"></a>__aeabi_llsl</STRONG> (Thumb, 32 bytes, Stack size 8 bytes, llshl.o(.text))
<BR><BR>[Stack]<UL><LI>Max Depth = 8<LI>Call Chain = __aeabi_llsl
</UL>
<BR>[Called By]<UL><LI><a href="#[8b]">&gt;&gt;</a>&nbsp;&nbsp;&nbsp;__aeabi_dadd
<LI><a href="#[94]">&gt;&gt;</a>&nbsp;&nbsp;&nbsp;__aeabi_d2ulz
<LI><a href="#[86]">&gt;&gt;</a>&nbsp;&nbsp;&nbsp;__aeabi_uldivmod
<LI><a href="#[8e]">&gt;&gt;</a>&nbsp;&nbsp;&nbsp;_double_epilogue
</UL>

<P><STRONG><a name="[151]"></a>_ll_shift_l</STRONG> (Thumb, 0 bytes, Stack size 8 bytes, llshl.o(.text), UNUSED)

<P><STRONG><a name="[8d]"></a>__aeabi_lasr</STRONG> (Thumb, 38 bytes, Stack size 8 bytes, llsshr.o(.text))
<BR><BR>[Stack]<UL><LI>Max Depth = 8<LI>Call Chain = __aeabi_lasr
</UL>
<BR>[Called By]<UL><LI><a href="#[8b]">&gt;&gt;</a>&nbsp;&nbsp;&nbsp;__aeabi_dadd
</UL>

<P><STRONG><a name="[152]"></a>_ll_sshift_r</STRONG> (Thumb, 0 bytes, Stack size 8 bytes, llsshr.o(.text), UNUSED)

<P><STRONG><a name="[153]"></a>__I$use$fp</STRONG> (Thumb, 0 bytes, Stack size 0 bytes, iusefp.o(.text), UNUSED)

<P><STRONG><a name="[88]"></a>_float_round</STRONG> (Thumb, 16 bytes, Stack size 0 bytes, fepilogue.o(.text))
<BR><BR>[Called By]<UL><LI><a href="#[6d]">&gt;&gt;</a>&nbsp;&nbsp;&nbsp;__aeabi_d2f
<LI><a href="#[37]">&gt;&gt;</a>&nbsp;&nbsp;&nbsp;__aeabi_fdiv
<LI><a href="#[36]">&gt;&gt;</a>&nbsp;&nbsp;&nbsp;__aeabi_fadd
</UL>

<P><STRONG><a name="[87]"></a>_float_epilogue</STRONG> (Thumb, 116 bytes, Stack size 12 bytes, fepilogue.o(.text))
<BR><BR>[Stack]<UL><LI>Max Depth = 12<LI>Call Chain = _float_epilogue
</UL>
<BR>[Called By]<UL><LI><a href="#[36]">&gt;&gt;</a>&nbsp;&nbsp;&nbsp;__aeabi_fadd
</UL>

<P><STRONG><a name="[8f]"></a>_double_round</STRONG> (Thumb, 26 bytes, Stack size 8 bytes, depilogue.o(.text))
<BR><BR>[Stack]<UL><LI>Max Depth = 8<LI>Call Chain = _double_round
</UL>
<BR>[Called By]<UL><LI><a href="#[93]">&gt;&gt;</a>&nbsp;&nbsp;&nbsp;__aeabi_ddiv
<LI><a href="#[8b]">&gt;&gt;</a>&nbsp;&nbsp;&nbsp;__aeabi_dadd
<LI><a href="#[8e]">&gt;&gt;</a>&nbsp;&nbsp;&nbsp;_double_epilogue
</UL>

<P><STRONG><a name="[8e]"></a>_double_epilogue</STRONG> (Thumb, 166 bytes, Stack size 48 bytes, depilogue.o(.text))
<BR><BR>[Stack]<UL><LI>Max Depth = 56<LI>Call Chain = _double_epilogue &rArr; __aeabi_llsr
</UL>
<BR>[Calls]<UL><LI><a href="#[91]">&gt;&gt;</a>&nbsp;&nbsp;&nbsp;__aeabi_llsr
<LI><a href="#[92]">&gt;&gt;</a>&nbsp;&nbsp;&nbsp;__ARM_clz
<LI><a href="#[8c]">&gt;&gt;</a>&nbsp;&nbsp;&nbsp;__aeabi_llsl
<LI><a href="#[8f]">&gt;&gt;</a>&nbsp;&nbsp;&nbsp;_double_round
</UL>
<BR>[Called By]<UL><LI><a href="#[6a]">&gt;&gt;</a>&nbsp;&nbsp;&nbsp;__aeabi_ui2d
<LI><a href="#[6b]">&gt;&gt;</a>&nbsp;&nbsp;&nbsp;__aeabi_dmul
<LI><a href="#[8b]">&gt;&gt;</a>&nbsp;&nbsp;&nbsp;__aeabi_dadd
</UL>

<P><STRONG><a name="[93]"></a>__aeabi_ddiv</STRONG> (Thumb, 234 bytes, Stack size 40 bytes, ddiv.o(.text), UNUSED)
<BR><BR>[Calls]<UL><LI><a href="#[8f]">&gt;&gt;</a>&nbsp;&nbsp;&nbsp;_double_round
</UL>
<BR>[Called By]<UL><LI><a href="#[98]">&gt;&gt;</a>&nbsp;&nbsp;&nbsp;_fp_digits
</UL>

<P><STRONG><a name="[94]"></a>__aeabi_d2ulz</STRONG> (Thumb, 54 bytes, Stack size 8 bytes, dfixul.o(.text), UNUSED)
<BR><BR>[Calls]<UL><LI><a href="#[91]">&gt;&gt;</a>&nbsp;&nbsp;&nbsp;__aeabi_llsr
<LI><a href="#[8c]">&gt;&gt;</a>&nbsp;&nbsp;&nbsp;__aeabi_llsl
</UL>
<BR>[Called By]<UL><LI><a href="#[98]">&gt;&gt;</a>&nbsp;&nbsp;&nbsp;_fp_digits
</UL>

<P><STRONG><a name="[99]"></a>__aeabi_cdrcmple</STRONG> (Thumb, 38 bytes, Stack size 0 bytes, cdrcmple.o(.text), UNUSED)
<BR><BR>[Called By]<UL><LI><a href="#[98]">&gt;&gt;</a>&nbsp;&nbsp;&nbsp;_fp_digits
</UL>

<P><STRONG><a name="[28]"></a>__scatterload</STRONG> (Thumb, 28 bytes, Stack size 0 bytes, init.o(.text))
<BR><BR>[Calls]<UL><LI><a href="#[95]">&gt;&gt;</a>&nbsp;&nbsp;&nbsp;__main_after_scatterload
</UL>
<BR>[Called By]<UL><LI><a href="#[27]">&gt;&gt;</a>&nbsp;&nbsp;&nbsp;_main_scatterload
</UL>

<P><STRONG><a name="[154]"></a>__scatterload_rt2</STRONG> (Thumb, 0 bytes, Stack size 0 bytes, init.o(.text), UNUSED)

<P><STRONG><a name="[91]"></a>__aeabi_llsr</STRONG> (Thumb, 34 bytes, Stack size 8 bytes, llushr.o(.text))
<BR><BR>[Stack]<UL><LI>Max Depth = 8<LI>Call Chain = __aeabi_llsr
</UL>
<BR>[Called By]<UL><LI><a href="#[94]">&gt;&gt;</a>&nbsp;&nbsp;&nbsp;__aeabi_d2ulz
<LI><a href="#[86]">&gt;&gt;</a>&nbsp;&nbsp;&nbsp;__aeabi_uldivmod
<LI><a href="#[8e]">&gt;&gt;</a>&nbsp;&nbsp;&nbsp;_double_epilogue
</UL>

<P><STRONG><a name="[155]"></a>_ll_ushift_r</STRONG> (Thumb, 0 bytes, Stack size 8 bytes, llushr.o(.text), UNUSED)

<P><STRONG><a name="[96]"></a>__0printf</STRONG> (Thumb, 24 bytes, Stack size 24 bytes, printfa.o(i.__0printf), UNUSED)
<BR><BR>[Calls]<UL><LI><a href="#[97]">&gt;&gt;</a>&nbsp;&nbsp;&nbsp;_printf_core
</UL>

<P><STRONG><a name="[156]"></a>__1printf</STRONG> (Thumb, 0 bytes, Stack size 24 bytes, printfa.o(i.__0printf), UNUSED)

<P><STRONG><a name="[30]"></a>__2printf</STRONG> (Thumb, 0 bytes, Stack size 24 bytes, printfa.o(i.__0printf))
<BR><BR>[Stack]<UL><LI>Max Depth = 24<LI>Call Chain = __2printf
</UL>
<BR>[Called By]<UL><LI><a href="#[16]">&gt;&gt;</a>&nbsp;&nbsp;&nbsp;TIM3_IRQHandler
<LI><a href="#[23]">&gt;&gt;</a>&nbsp;&nbsp;&nbsp;main
</UL>

<P><STRONG><a name="[157]"></a>__c89printf</STRONG> (Thumb, 0 bytes, Stack size 24 bytes, printfa.o(i.__0printf), UNUSED)

<P><STRONG><a name="[158]"></a>printf</STRONG> (Thumb, 0 bytes, Stack size 24 bytes, printfa.o(i.__0printf), UNUSED)

<P><STRONG><a name="[92]"></a>__ARM_clz</STRONG> (Thumb, 46 bytes, Stack size 0 bytes, depilogue.o(i.__ARM_clz))
<BR><BR>[Called By]<UL><LI><a href="#[8e]">&gt;&gt;</a>&nbsp;&nbsp;&nbsp;_double_epilogue
</UL>

<P><STRONG><a name="[159]"></a>__scatterload_copy</STRONG> (Thumb, 14 bytes, Stack size unknown bytes, handlers.o(i.__scatterload_copy), UNUSED)

<P><STRONG><a name="[15a]"></a>__scatterload_null</STRONG> (Thumb, 2 bytes, Stack size unknown bytes, handlers.o(i.__scatterload_null), UNUSED)

<P><STRONG><a name="[15b]"></a>__scatterload_zeroinit</STRONG> (Thumb, 14 bytes, Stack size unknown bytes, handlers.o(i.__scatterload_zeroinit), UNUSED)
<P>
<H3>
Local Symbols
</H3>
<P><STRONG><a name="[29]"></a>SetSysClock</STRONG> (Thumb, 220 bytes, Stack size 12 bytes, system_stm32f0xx.o(.text))
<BR><BR>[Stack]<UL><LI>Max Depth = 12<LI>Call Chain = SetSysClock
</UL>
<BR>[Called By]<UL><LI><a href="#[24]">&gt;&gt;</a>&nbsp;&nbsp;&nbsp;SystemInit
</UL>

<P><STRONG><a name="[39]"></a>NVIC_SystemReset</STRONG> (Thumb, 18 bytes, Stack size 0 bytes, main.o(.text))
<BR><BR>[Called By]<UL><LI><a href="#[23]">&gt;&gt;</a>&nbsp;&nbsp;&nbsp;main
</UL>

<P><STRONG><a name="[3a]"></a>NVIC_SetPriority</STRONG> (Thumb, 110 bytes, Stack size 8 bytes, systick.o(.text))
<BR><BR>[Stack]<UL><LI>Max Depth = 8<LI>Call Chain = NVIC_SetPriority
</UL>
<BR>[Called By]<UL><LI><a href="#[2d]">&gt;&gt;</a>&nbsp;&nbsp;&nbsp;Systick_Init
</UL>

<P><STRONG><a name="[56]"></a>delay_ms</STRONG> (Thumb, 40 bytes, Stack size 8 bytes, timer.o(.text))
<BR><BR>[Stack]<UL><LI>Max Depth = 8<LI>Call Chain = delay_ms
</UL>
<BR>[Called By]<UL><LI><a href="#[16]">&gt;&gt;</a>&nbsp;&nbsp;&nbsp;TIM3_IRQHandler
</UL>

<P><STRONG><a name="[7c]"></a>TI4_Config</STRONG> (Thumb, 66 bytes, Stack size 24 bytes, stm32f0xx_tim.o(.text), UNUSED)
<BR><BR>[Called By]<UL><LI><a href="#[75]">&gt;&gt;</a>&nbsp;&nbsp;&nbsp;TIM_ICInit
</UL>

<P><STRONG><a name="[7a]"></a>TI3_Config</STRONG> (Thumb, 66 bytes, Stack size 24 bytes, stm32f0xx_tim.o(.text), UNUSED)
<BR><BR>[Called By]<UL><LI><a href="#[75]">&gt;&gt;</a>&nbsp;&nbsp;&nbsp;TIM_ICInit
</UL>

<P><STRONG><a name="[78]"></a>TI2_Config</STRONG> (Thumb, 118 bytes, Stack size 24 bytes, stm32f0xx_tim.o(.text), UNUSED)
<BR><BR>[Called By]<UL><LI><a href="#[81]">&gt;&gt;</a>&nbsp;&nbsp;&nbsp;TIM_TIxExternalClockConfig
<LI><a href="#[7e]">&gt;&gt;</a>&nbsp;&nbsp;&nbsp;TIM_PWMIConfig
<LI><a href="#[75]">&gt;&gt;</a>&nbsp;&nbsp;&nbsp;TIM_ICInit
</UL>

<P><STRONG><a name="[76]"></a>TI1_Config</STRONG> (Thumb, 54 bytes, Stack size 20 bytes, stm32f0xx_tim.o(.text), UNUSED)
<BR><BR>[Called By]<UL><LI><a href="#[81]">&gt;&gt;</a>&nbsp;&nbsp;&nbsp;TIM_TIxExternalClockConfig
<LI><a href="#[7e]">&gt;&gt;</a>&nbsp;&nbsp;&nbsp;TIM_PWMIConfig
<LI><a href="#[75]">&gt;&gt;</a>&nbsp;&nbsp;&nbsp;TIM_ICInit
</UL>

<P><STRONG><a name="[98]"></a>_fp_digits</STRONG> (Thumb, 314 bytes, Stack size 56 bytes, printfa.o(i._fp_digits), UNUSED)
<BR><BR>[Calls]<UL><LI><a href="#[6b]">&gt;&gt;</a>&nbsp;&nbsp;&nbsp;__aeabi_dmul
<LI><a href="#[93]">&gt;&gt;</a>&nbsp;&nbsp;&nbsp;__aeabi_ddiv
<LI><a href="#[8b]">&gt;&gt;</a>&nbsp;&nbsp;&nbsp;__aeabi_dadd
<LI><a href="#[94]">&gt;&gt;</a>&nbsp;&nbsp;&nbsp;__aeabi_d2ulz
<LI><a href="#[99]">&gt;&gt;</a>&nbsp;&nbsp;&nbsp;__aeabi_cdrcmple
<LI><a href="#[86]">&gt;&gt;</a>&nbsp;&nbsp;&nbsp;__aeabi_uldivmod
</UL>
<BR>[Called By]<UL><LI><a href="#[97]">&gt;&gt;</a>&nbsp;&nbsp;&nbsp;_printf_core
</UL>

<P><STRONG><a name="[97]"></a>_printf_core</STRONG> (Thumb, 1766 bytes, Stack size 128 bytes, printfa.o(i._printf_core), UNUSED)
<BR><BR>[Calls]<UL><LI><a href="#[9a]">&gt;&gt;</a>&nbsp;&nbsp;&nbsp;_printf_pre_padding
<LI><a href="#[9b]">&gt;&gt;</a>&nbsp;&nbsp;&nbsp;_printf_post_padding
<LI><a href="#[98]">&gt;&gt;</a>&nbsp;&nbsp;&nbsp;_fp_digits
<LI><a href="#[2b]">&gt;&gt;</a>&nbsp;&nbsp;&nbsp;__aeabi_uidivmod
<LI><a href="#[86]">&gt;&gt;</a>&nbsp;&nbsp;&nbsp;__aeabi_uldivmod
</UL>
<BR>[Called By]<UL><LI><a href="#[96]">&gt;&gt;</a>&nbsp;&nbsp;&nbsp;__0printf
</UL>

<P><STRONG><a name="[9b]"></a>_printf_post_padding</STRONG> (Thumb, 32 bytes, Stack size 24 bytes, printfa.o(i._printf_post_padding), UNUSED)
<BR><BR>[Called By]<UL><LI><a href="#[97]">&gt;&gt;</a>&nbsp;&nbsp;&nbsp;_printf_core
</UL>

<P><STRONG><a name="[9a]"></a>_printf_pre_padding</STRONG> (Thumb, 44 bytes, Stack size 40 bytes, printfa.o(i._printf_pre_padding), UNUSED)
<BR><BR>[Called By]<UL><LI><a href="#[97]">&gt;&gt;</a>&nbsp;&nbsp;&nbsp;_printf_core
</UL>
<P>
<H3>
Undefined Global Symbols
</H3><HR></body></html>
